bench-hist/cacheGhcSession/ghcide --lsp --cwd bench/example/Cabal-3.0.0.0 +RTS -I0 -qg -A128M -Scode_actions_after_edit.benchmark-gcStats -I0.5 
    Alloc    Copied     Live     GC     GC      TOT      TOT  Page Flts
    bytes     bytes     bytes   user   elap     user     elap
523273712      2152  17224536  0.045  0.049    0.404    5.955    0    0  (Gen:  0)
530341616      4088  22147360  0.061  0.073    0.664    6.249    0    0  (Gen:  1)
554914216      4336  30082392  0.021  0.024    1.083    6.913    0    0  (Gen:  0)
546055808      4992  35795176  0.021  0.023    1.446    7.743    0    0  (Gen:  0)
539624808   9099760  41060488  0.021  0.022    1.792    8.241    0    0  (Gen:  0)
526765248  13361376  48876760  0.026  0.027    2.657    8.740    0    0  (Gen:  0)
548247416  13428264 125784920  0.209  0.237    3.491    9.312    0    0  (Gen:  1)
523990408  13385168 164960976  0.180  0.194    4.032    9.658    0    0  (Gen:  0)
524566336  13364008 181166192  0.262  0.290    4.576   10.065    0    0  (Gen:  1)
543588408  13385352 228206912  0.129  0.130    5.339   10.449    0    0  (Gen:  0)
543215616  13386528 234699880  0.078  0.078    5.948   10.711    0    0  (Gen:  0)
540436712  13372200 269795848  0.093  0.093    6.566   10.984    0    0  (Gen:  0)
536095704  13363496 289828632  0.108  0.115    7.177   11.271    0    0  (Gen:  0)
545642392  13369936 312918944  0.109  0.119    7.800   11.578    0    0  (Gen:  0)
526850224  13364336 334351960  0.100  0.103    8.297   12.025    0    0  (Gen:  0)
537886368  13415744 372084840  0.127  0.136    8.910   12.465    0    0  (Gen:  0)
539809048 326618336 361870128  0.617  0.696   10.029   13.332    0    0  (Gen:  1)
534217680  26688968 358030608  0.050  0.050   10.566   13.549    0    0  (Gen:  0)
540691856  26691864 403072864  0.122  0.122   11.214   13.851    0    0  (Gen:  0)
535570472  26678912 411948136  0.091  0.091   11.757   14.111    0    0  (Gen:  0)
530307936  26693728 426191112  0.073  0.073   12.271   14.467    0    0  (Gen:  0)
535095168  26678696 445838400  0.064  0.064   12.734   14.841    0    0  (Gen:  0)
579758432  26680040 486525048  0.102  0.103   13.408   15.497    0    0  (Gen:  0)
540949472  26680024 507813744  0.090  0.090   13.949   16.056    0    0  (Gen:  0)
548398936  23738560 508661784  0.047  0.047   14.528   16.667    0    0  (Gen:  0)
526868592  23734152 438475648  0.662  0.715   15.729   18.528    0    0  (Gen:  1)
   104336  12484680  20414552  0.018  0.046   15.747   18.575    0    0  (Gen:  1)
     1584                      0.000  0.000

  14,003,268,504 bytes allocated in the heap
     729,679,696 bytes copied during GC
     438,475,648 bytes maximum residency (6 sample(s))
       5,930,192 bytes maximum slop
             418 MB total memory in use (0 MB lost due to fragmentation)

                                     Tot time (elapsed)  Avg pause  Max pause
  Gen  0        21 colls,     0 par    1.697s   1.753s     0.0835s    0.1944s
  Gen  1         6 colls,     0 par    1.829s   2.057s     0.3428s    0.7150s

  TASKS: 19 (1 bound, 18 peak workers (18 total), using -N4)

  SPARKS: 0 (0 converted, 0 overflowed, 0 dud, 0 GC'd, 0 fizzled)

  INIT    time    0.001s  (  0.005s elapsed)
  MUT     time   12.220s  ( 14.760s elapsed)
  GC      time    3.526s  (  3.810s elapsed)
  EXIT    time    0.000s  (  0.001s elapsed)
  Total   time   15.748s  ( 18.576s elapsed)

  Alloc rate    1,145,903,406 bytes per MUT second

  Productivity  77.6% of total user, 79.5% of total elapsed

