bench-hist/cacheGhcSession/ghcide --lsp --cwd bench/example/Cabal-3.0.0.0 +RTS -I0 -qg -A128M -Sedit.benchmark-gcStats -I0.5 
    Alloc    Copied     Live     GC     GC      TOT      TOT  Page Flts
    bytes     bytes     bytes   user   elap     user     elap
526481488      2152  17238088  0.049  0.054    0.471    5.810    0    0  (Gen:  0)
537092728      4088  22419192  0.065  0.079    0.743    6.120    0    0  (Gen:  1)
551703632      4344  30220664  0.024  0.027    1.171    6.793    0    0  (Gen:  0)
549982264      6736  35900616  0.021  0.023    1.549    7.667    0    0  (Gen:  0)
538786784   9224216  42487552  0.024  0.025    1.915    8.199    0    0  (Gen:  0)
525217928   9222688  50327072  0.030  0.031    2.844    8.729    0    0  (Gen:  0)
544308600 100141088 125882376  0.243  0.273    3.766    9.373    0    0  (Gen:  1)
530406992 100088960 165795624  0.201  0.216    4.347    9.745    0    0  (Gen:  0)
528877816 100076880 183417608  0.293  0.324    4.966   10.204    0    0  (Gen:  1)
534726304 100128584 219625808  0.121  0.122    5.722   10.577    0    0  (Gen:  0)
554613216 100083320 233036768  0.067  0.067    6.335   10.856    0    0  (Gen:  0)
537626448  45178480 265903696  0.099  0.099    6.952   11.135    0    0  (Gen:  0)
539338888  45186520 296639512  0.149  0.159    7.659   11.485    0    0  (Gen:  0)
544981744  45183776 305040872  0.100  0.111    8.251   11.823    0    0  (Gen:  0)
520209664  45179504 332747968  0.113  0.115    8.811   12.386    0    0  (Gen:  0)
536891440  45230512 368923008  0.149  0.159    9.476   12.863    0    0  (Gen:  0)
539858560  45203696 358979128  0.685  0.776   10.716   13.829    0    0  (Gen:  1)
529084680  45182720 376338384  0.097  0.097   11.317   14.097    0    0  (Gen:  0)
533888320  45199424 384068072  0.067  0.067   11.890   14.337    0    0  (Gen:  0)
533151208  45177376 410824640  0.094  0.094   12.489   14.604    0    0  (Gen:  0)
532662768  45177592 424481208  0.097  0.098   13.090   15.079    0    0  (Gen:  0)
532611800  45177216 443692360  0.086  0.086   13.657   15.540    0    0  (Gen:  0)
570761096  45177376 468416552  0.109  0.109   14.384   16.185    0    0  (Gen:  0)
550057888  19269624 469003008  0.052  0.052   15.117   16.966    0    0  (Gen:  0)
534215400  19265752 470621448  0.043  0.043   15.782   17.593    0    0  (Gen:  0)
553151776  19270296 470225344  0.036  0.036   16.450   18.299    0    0  (Gen:  0)
542037680  19265872 470824632  0.039  0.039   17.091   18.912    0    0  (Gen:  0)
548147296  19265912 473664704  0.041  0.041   17.816   19.663    0    0  (Gen:  0)
545073768  19265912 472824432  0.043  0.043   18.450   20.302    0    0  (Gen:  0)
543693992  19280016 478579480  0.055  0.055   19.201   21.054    0    0  (Gen:  0)
548031568  13781064 474940056  0.041  0.042   19.889   21.765    0    0  (Gen:  0)
539351496  13781120 482623840  0.055  0.055   20.577   22.439    0    0  (Gen:  0)
552509288  13929392 477195176  0.040  0.040   21.189   23.075    0    0  (Gen:  0)
539435464  13929456 474952256  0.034  0.034   21.846   23.705    0    0  (Gen:  0)
547961528  13929480 477340432  0.039  0.039   22.461   24.351    0    0  (Gen:  0)
534052968  13929568 476385152  0.037  0.037   23.098   24.953    0    0  (Gen:  0)
546352296  13933112 477748304  0.035  0.035   23.713   25.602    0    0  (Gen:  0)
536157328  14055984 478279392  0.036  0.036   24.341   26.189    0    0  (Gen:  0)
550208176  14058808 478718888  0.039  0.039   24.974   26.865    0    0  (Gen:  0)
540947360  14056008 478912896  0.040  0.040   25.611   27.458    0    0  (Gen:  0)
549607592  14056064 480107928  0.035  0.035   26.281   28.151    0    0  (Gen:  0)
540600448  14056120 480863496  0.040  0.040   26.901   28.759    0    0  (Gen:  0)
545762576  14056120 484772792  0.046  0.046   27.571   29.429    0    0  (Gen:  0)
542974144  13629680 482933616  0.035  0.035   28.186   30.051    0    0  (Gen:  0)
540286560  19301056 488661176  0.050  0.050   28.853   30.706    0    0  (Gen:  0)
546586896  19301112 485054808  0.040  0.040   29.466   31.337    0    0  (Gen:  0)
542320872  21574904 492729136  0.058  0.059   30.168   32.026    0    0  (Gen:  0)
551243736  21574960 487213768  0.043  0.043   30.793   32.673    0    0  (Gen:  0)
539847640  21574976 485168824  0.037  0.037   31.419   33.268    0    0  (Gen:  0)
548113696  21575080 487321968  0.040  0.040   32.052   33.935    0    0  (Gen:  0)
534498544  21575120 486603384  0.039  0.039   32.680   34.524    0    0  (Gen:  0)
550847712  21578800 487850440  0.036  0.036   33.308   35.182    0    0  (Gen:  0)
534874128  21575264 488748760  0.042  0.042   33.967   35.799    0    0  (Gen:  0)
548860896  21579744 488843896  0.042  0.042   34.593   36.468    0    0  (Gen:  0)
536026232  13488320 489296320  0.035  0.035   35.220   37.055    0    0  (Gen:  0)
550410256  13488320 490285088  0.044  0.044   35.908   37.767    0    0  (Gen:  0)
541251472  13488448 491085024  0.042  0.042   36.502   38.342    0    0  (Gen:  0)
549255040  13488480 495763456  0.045  0.045   37.200   39.041    0    0  (Gen:  0)
548809512  13488584 493189760  0.041  0.041   37.818   39.668    0    0  (Gen:  0)
543951912  13488592 500204912  0.059  0.059   38.503   40.339    0    0  (Gen:  0)
549410384  13488600 495371672  0.037  0.037   39.141   40.996    0    0  (Gen:  0)
538141792  13488640 502950456  0.061  0.061   39.828   41.665    0    0  (Gen:  0)
549910200  14021400 497556480  0.040  0.040   40.426   42.289    0    0  (Gen:  0)
539734536  14021424 495892952  0.037  0.037   41.050   42.884    0    0  (Gen:  0)
547053160  14022768 497488904  0.041  0.041   41.708   43.576    0    0  (Gen:  0)
536562896  14021528 497707600  0.035  0.035   42.315   44.144    0    0  (Gen:  0)
548431392  13750848 498303520  0.037  0.037   42.918   44.781    0    0  (Gen:  0)
535520592  15121624 500237856  0.041  0.041   43.523   45.344    0    0  (Gen:  0)
551830792  15124576 499561528  0.036  0.036   44.157   46.010    0    0  (Gen:  0)
544083176  15121648 500147144  0.037  0.037   44.758   46.579    0    0  (Gen:  0)
547454632  15121696 503563344  0.041  0.041   45.423   47.250    0    0  (Gen:  0)
544255680  15121768 502058808  0.037  0.037   46.002   47.832    0    0  (Gen:  0)
547414536  15121760 508054744  0.047  0.047   46.666   48.487    0    0  (Gen:  0)
545611208  15121776 504256792  0.037  0.037   47.262   49.098    0    0  (Gen:  0)
545459320  15121784 512086200  0.054  0.054   47.919   49.737    0    0  (Gen:  0)
553621328  15121840 506538456  0.039  0.039   48.499   50.340    0    0  (Gen:  0)
536150392  15121904 504364000  0.035  0.035   49.128   50.936    0    0  (Gen:  0)
547919464  15123160 506524224  0.038  0.039   49.752   51.590    0    0  (Gen:  0)
534018880  15121992 505923296  0.034  0.034   50.356   52.155    0    0  (Gen:  0)
547415240  15125648 507037008  0.038  0.038   50.951   52.780    0    0  (Gen:  0)
533203968  15122096 507708664  0.042  0.042   51.580   53.369    0    0  (Gen:  0)
547136704  15126304 508025480  0.039  0.039   52.198   54.026    0    0  (Gen:  0)
537569088  13468128 508382176  0.036  0.036   52.811   54.597    0    0  (Gen:  0)
549049176  13468240 509844000  0.038  0.038   53.452   55.274    0    0  (Gen:  0)
540547232  13468272 510029712  0.036  0.037   54.043   55.834    0    0  (Gen:  0)
546301616  13468336 513142464  0.041  0.041   54.710   56.506    0    0  (Gen:  0)
546775568  13468376 512057464  0.038  0.038   55.297   57.096    0    0  (Gen:  0)
232773464  13465144 411256952  0.671  0.719   56.269   58.797    0    0  (Gen:  1)
   105096  13464888  18296648  0.023  0.052   56.292   58.850    0    0  (Gen:  1)
     1368                      0.000  0.000

  47,434,242,384 bytes allocated in the heap
   2,101,370,536 bytes copied during GC
     411,256,952 bytes maximum residency (6 sample(s))
       4,241,288 bytes maximum slop
             392 MB total memory in use (0 MB lost due to fragmentation)

                                     Tot time (elapsed)  Avg pause  Max pause
  Gen  0        83 colls,     0 par    4.324s   4.387s     0.0529s    0.2162s
  Gen  1         6 colls,     0 par    1.980s   2.222s     0.3704s    0.7761s

  TASKS: 21 (1 bound, 20 peak workers (20 total), using -N4)

  SPARKS: 0 (0 converted, 0 overflowed, 0 dud, 0 GC'd, 0 fizzled)

  INIT    time    0.001s  (  0.005s elapsed)
  MUT     time   49.986s  ( 52.235s elapsed)
  GC      time    6.304s  (  6.609s elapsed)
  EXIT    time    0.000s  (  0.011s elapsed)
  Total   time   56.292s  ( 58.861s elapsed)

  Alloc rate    948,944,156 bytes per MUT second

  Productivity  88.8% of total user, 88.7% of total elapsed

