bench-hist/cacheGhcSession/ghcide --lsp --cwd bench/example/Cabal-3.0.0.0 +RTS -I0 -qg -A128M -SgetDefinition.benchmark-gcStats -I0.5 
    Alloc    Copied     Live     GC     GC      TOT      TOT  Page Flts
    bytes     bytes     bytes   user   elap     user     elap
521558464      2152  17220800  0.047  0.052    0.442    5.902    0    0  (Gen:  0)
532352432      4120  22124104  0.061  0.079    0.707    6.211    0    0  (Gen:  1)
555333760      4336  30027520  0.021  0.023    1.130    6.891    0    0  (Gen:  0)
549312496      5000  35791520  0.021  0.022    1.497    7.734    0    0  (Gen:  0)
542094608   9149968  41145224  0.023  0.023    1.849    8.240    0    0  (Gen:  0)
529315544  13614312  49139576  0.028  0.029    2.735    8.753    0    0  (Gen:  0)
546071416  13681144 126305840  0.218  0.245    3.599    9.350    0    0  (Gen:  1)
524375472  91950048 165172568  0.185  0.200    4.128    9.696    0    0  (Gen:  0)
523667680  91936056 181499088  0.271  0.298    4.726   10.113    0    0  (Gen:  1)
539378080  91986624 224588392  0.123  0.124    5.386   10.445    0    0  (Gen:  0)
548797600  91942440 239120520  0.080  0.080    5.990   10.736    0    0  (Gen:  0)
540714264  91938672 273575056  0.124  0.124    6.638   11.049    0    0  (Gen:  0)
545951320  91935128 289857144  0.106  0.118    7.276   11.364    0    0  (Gen:  0)
540421712  91954712 317626080  0.120  0.125    7.950   11.679    0    0  (Gen:  0)
526977976  91940336 334198944  0.089  0.090    8.454   12.094    0    0  (Gen:  0)
529435592  91947536 337185608  0.596  0.670    9.585   13.082    0    0  (Gen:  1)
531603088  91946016 352841880  0.131  0.132   10.174   13.370    0    0  (Gen:  0)
549538984  91955808 382011632  0.098  0.099   10.808   13.653    0    0  (Gen:  0)
531035704  51279176 400478656  0.101  0.101   11.374   13.912    0    0  (Gen:  0)
541588888  46781192 424762376  0.089  0.089   11.948   14.194    0    0  (Gen:  0)
530412560  46782944 437132128  0.080  0.081   12.478   14.569    0    0  (Gen:  0)
530337768  46769816 455982888  0.066  0.066   12.959   14.964    0    0  (Gen:  0)
102300336  46768320 410152752  0.641  0.691   13.698   16.393    0    0  (Gen:  1)
   105576  46767856  18188736  0.018  0.047   13.716   16.441    0    0  (Gen:  1)
     1368                      0.000  0.000

  11,912,682,688 bytes allocated in the heap
   1,333,043,712 bytes copied during GC
     410,152,752 bytes maximum residency (6 sample(s))
       3,936,464 bytes maximum slop
             391 MB total memory in use (0 MB lost due to fragmentation)

                                     Tot time (elapsed)  Avg pause  Max pause
  Gen  0        18 colls,     0 par    1.535s   1.580s     0.0878s    0.2000s
  Gen  1         6 colls,     0 par    1.806s   2.031s     0.3386s    0.6913s

  TASKS: 19 (1 bound, 18 peak workers (18 total), using -N4)

  SPARKS: 0 (0 converted, 0 overflowed, 0 dud, 0 GC'd, 0 fizzled)

  INIT    time    0.001s  (  0.006s elapsed)
  MUT     time   10.374s  ( 12.823s elapsed)
  GC      time    3.341s  (  3.611s elapsed)
  EXIT    time    0.000s  (  0.007s elapsed)
  Total   time   13.716s  ( 16.447s elapsed)

  Alloc rate    1,148,351,170 bytes per MUT second

  Productivity  75.6% of total user, 78.0% of total elapsed

