bench-hist/cacheGhcSession/ghcide --lsp --cwd bench/example/Cabal-3.0.0.0 +RTS -I0 -qg -A128M -Shover_after_edit.benchmark-gcStats -I0.5 
    Alloc    Copied     Live     GC     GC      TOT      TOT  Page Flts
    bytes     bytes     bytes   user   elap     user     elap
526509024      2152  17244992  0.049  0.054    0.453    5.726    0    0  (Gen:  0)
535676400      4056  22368880  0.063  0.075    0.729    6.036    0    0  (Gen:  1)
552721112   8197248  30241568  0.022  0.024    1.166    6.746    0    0  (Gen:  0)
548368024   8197888  35944952  0.021  0.023    1.532    7.585    0    0  (Gen:  0)
541125672   8198008  41192808  0.023  0.024    1.900    8.117    0    0  (Gen:  0)
528352104   8196480  49182328  0.029  0.030    2.811    8.630    0    0  (Gen:  0)
549114176   8263592 129094528  0.249  0.280    3.813    9.357    0    0  (Gen:  1)
525355888   8211520 164550904  0.201  0.217    4.394    9.731    0    0  (Gen:  0)
522851280   8199256 184055936  0.311  0.344    5.007   10.203    0    0  (Gen:  1)
544967944  61140920 222553000  0.136  0.136    5.819   10.609    0    0  (Gen:  0)
544096112  61132104 242959296  0.103  0.103    6.504   10.912    0    0  (Gen:  0)
534774160  61128304 270164344  0.111  0.111    7.159   11.219    0    0  (Gen:  0)
544491272  61119000 289416888  0.113  0.124    7.804   11.528    0    0  (Gen:  0)
540039120  61137776 308398552  0.111  0.118    8.456   11.835    0    0  (Gen:  0)
524588600  61120656 333467848  0.100  0.100    9.048   12.423    0    0  (Gen:  0)
542181168  61172024 358015968  0.131  0.144    9.737   12.997    0    0  (Gen:  0)
536491048  61129600 353594328  0.653  0.735   10.941   13.922    0    0  (Gen:  1)
533489400  61120752 382338224  0.136  0.136   11.598   14.236    0    0  (Gen:  0)
531697640  61130288 387241880  0.074  0.074   12.211   14.495    0    0  (Gen:  0)
530451376  61118800 409010256  0.080  0.080   12.783   14.774    0    0  (Gen:  0)
536770504  61122696 426743624  0.096  0.096   13.372   15.178    0    0  (Gen:  0)
537673840  61118552 445839848  0.079  0.079   13.894   15.601    0    0  (Gen:  0)
566159048  43091320 469928584  0.096  0.096   14.596   16.212    0    0  (Gen:  0)
538759528  43088216 485113232  0.079  0.079   15.226   16.829    0    0  (Gen:  0)
546320072  43088264 485342376  0.055  0.055   15.935   17.588    0    0  (Gen:  0)
543033232  16317328 487078864  0.047  0.047   16.623   18.283    0    0  (Gen:  0)
536285112  16317376 495704824  0.065  0.065   17.296   18.928    0    0  (Gen:  0)
538135648  16317448 487400288  0.041  0.041   17.872   19.504    0    0  (Gen:  0)
548133408  16317488 489682264  0.046  0.046   18.467   20.098    0    0  (Gen:  0)
541448704  16317560 490594984  0.047  0.047   19.098   20.758    0    0  (Gen:  0)
537114608  16317624 497324600  0.058  0.058   19.750   21.371    0    0  (Gen:  0)
536124040  16318888 499803688  0.061  0.061   20.368   21.983    0    0  (Gen:  0)
537815728  17003712 500041416  0.049  0.049   20.938   22.539    0    0  (Gen:  0)
545104608  17003768 499926408  0.047  0.047   21.572   23.203    0    0  (Gen:  0)
538814000  17003824 501678160  0.047  0.047   22.185   23.816    0    0  (Gen:  0)
536806056  17003896 510414328  0.066  0.066   22.855   24.456    0    0  (Gen:  0)
536502720  17003920 503361024  0.043  0.043   23.447   25.044    0    0  (Gen:  0)
544309512  17003992 504234456  0.047  0.047   24.039   25.632    0    0  (Gen:  0)
543356864  15975320 505336904  0.046  0.046   24.689   26.308    0    0  (Gen:  0)
537524760  21596184 511857080  0.060  0.060   25.344   26.929    0    0  (Gen:  0)
539944256  21599312 514295352  0.061  0.061   25.976   27.557    0    0  (Gen:  0)
537864616  17015944 514568584  0.050  0.050   26.555   28.123    0    0  (Gen:  0)
548241048  17016064 514523304  0.048  0.048   27.202   28.799    0    0  (Gen:  0)
539364456  17016096 516379312  0.049  0.049   27.828   29.423    0    0  (Gen:  0)
538663240  17016192 522133144  0.058  0.058   28.495   30.060    0    0  (Gen:  0)
535429328  17016264 516625536  0.042  0.042   29.088   30.649    0    0  (Gen:  0)
542148008  17016264 518776784  0.044  0.044   29.664   31.224    0    0  (Gen:  0)
547370336  17016328 519892656  0.044  0.044   30.279   31.864    0    0  (Gen:  0)
539467152  17016352 526646680  0.057  0.057   30.915   32.466    0    0  (Gen:  0)
538787560  17017336 529191440  0.058  0.058   31.517   33.064    0    0  (Gen:  0)
534836544  17016480 529456336  0.048  0.048   32.059   33.592    0    0  (Gen:  0)
545229080  16220920 529226920  0.046  0.046   32.676   34.235    0    0  (Gen:  0)
540550776  16220856 531261512  0.047  0.047   33.272   34.829    0    0  (Gen:  0)
540712928  16220888 536829712  0.058  0.058   33.939   35.467    0    0  (Gen:  0)
540478304  16220912 531769168  0.045  0.045   34.524   36.045    0    0  (Gen:  0)
544438608  15937272 533642264  0.050  0.050   35.152   36.677    0    0  (Gen:  0)
545669400  15937240 534698888  0.044  0.044   35.769   37.316    0    0  (Gen:  0)
535910504  15937296 542127088  0.063  0.063   36.424   37.933    0    0  (Gen:  0)
534009336  15937976 544025136  0.062  0.062   37.034   38.538    0    0  (Gen:  0)
536726736  16039936 543055064  0.045  0.045   37.581   39.068    0    0  (Gen:  0)
548469960  16254216 544135432  0.046  0.046   38.217   39.734    0    0  (Gen:  0)
540418456  16254240 545602912  0.048  0.048   38.843   40.347    0    0  (Gen:  0)
533298376  16254296 551527512  0.058  0.058   39.497   40.981    0    0  (Gen:  0)
534255640  16254344 546140632  0.043  0.043   40.092   41.572    0    0  (Gen:  0)
541116768  16254352 548297392  0.047  0.047   40.696   42.177    0    0  (Gen:  0)
545165960  16254376 549334496  0.048  0.048   41.350   42.858    0    0  (Gen:  0)
537964376  21652936 555997368  0.062  0.062   42.017   43.488    0    0  (Gen:  0)
537356768  21654264 558438472  0.062  0.062   42.653   44.119    0    0  (Gen:  0)
534862192  21653088 558567736  0.051  0.051   43.225   44.677    0    0  (Gen:  0)
547932360  21653120 558717704  0.049  0.049   43.879   45.358    0    0  (Gen:  0)
542190880  21653168 560531048  0.049  0.049   44.508   45.986    0    0  (Gen:  0)
535760368  23682960 569076432  0.068  0.068   45.175   46.623    0    0  (Gen:  0)
537656496  14057440 560745768  0.044  0.044   45.775   47.219    0    0  (Gen:  0)
542652360  14057480 562942608  0.050  0.050   46.382   47.822    0    0  (Gen:  0)
544713984  14057544 563949192  0.049  0.049   47.067   48.537    0    0  (Gen:  0)
539827232  21656416 570634240  0.063  0.063   47.769   49.205    0    0  (Gen:  0)
536947232  21657728 572951648  0.062  0.062   48.441   49.873    0    0  (Gen:  0)
537328608  17006616 573346608  0.051  0.051   49.026   50.444    0    0  (Gen:  0)
550186024  17006864 573294040  0.048  0.048   49.674   51.120    0    0  (Gen:  0)
541815080  17006800 574956032  0.045  0.045   50.305   51.743    0    0  (Gen:  0)
534896760  20894552 580847752  0.060  0.060   50.971   52.386    0    0  (Gen:  0)
540354536  20894536 575759432  0.045  0.045   51.567   52.977    0    0  (Gen:  0)
542588024  20894664 577665400  0.046  0.046   52.166   53.578    0    0  (Gen:  0)
544981016  16004320 578669424  0.046  0.046   52.801   54.238    0    0  (Gen:  0)
535600400  21702472 585455768  0.060  0.060   53.466   54.863    0    0  (Gen:  0)
537455032  21703576 587913720  0.065  0.065   54.104   55.498    0    0  (Gen:  0)
534702584  21702608 588068648  0.050  0.050   54.676   56.055    0    0  (Gen:  0)
550964720  21702600 588047392  0.049  0.049   55.334   56.744    0    0  (Gen:  0)
540693272  21702672 589599896  0.047  0.047   55.968   57.377    0    0  (Gen:  0)
537875064  20840648 595464480  0.059  0.059   56.639   58.026    0    0  (Gen:  0)
538222600  20840648 590371320  0.043  0.043   57.230   58.609    0    0  (Gen:  0)
544236800  20840712 592356232  0.049  0.049   57.838   59.220    0    0  (Gen:  0)
544415528  16028520 593334200  0.048  0.048   58.484   59.892    0    0  (Gen:  0)
538996520  16028552 600803024  0.065  0.065   59.165   60.536    0    0  (Gen:  0)
539518832  23296360 602962040  0.064  0.064   59.801   61.166    0    0  (Gen:  0)
534935488  23295744 601404696  0.048  0.048   60.380   61.732    0    0  (Gen:  0)
552512072  23295832 602957296  0.050  0.050   61.055   62.441    0    0  (Gen:  0)
539328064  23295944 603801224  0.048  0.048   61.710   63.073    0    0  (Gen:  0)
534856432  23296032 610102728  0.061  0.061   62.358   63.710    0    0  (Gen:  0)
538903496  23296080 605406168  0.046  0.046   62.961   64.305    0    0  (Gen:  0)
546792920  23296208 607187280  0.050  0.050   63.581   64.931    0    0  (Gen:  0)
542256328  23296224 608209784  0.049  0.049   64.228   65.599    0    0  (Gen:  0)
539875368  23296288 616363040  0.065  0.065   64.913   66.248    0    0  (Gen:  0)
532204704  23296920 617848744  0.064  0.064   65.546   66.877    0    0  (Gen:  0)
 26590720 379024568 414617440  0.670  0.749   66.236   68.324    0    0  (Gen:  1)
   101600  11358184  18884496  0.018  0.048   66.254   68.373    0    0  (Gen:  1)
     1368                      0.000  0.000

  56,173,155,096 bytes allocated in the heap
   2,842,791,440 bytes copied during GC
     414,617,440 bytes maximum residency (6 sample(s))
       4,251,808 bytes maximum slop
             395 MB total memory in use (0 MB lost due to fragmentation)

                                     Tot time (elapsed)  Avg pause  Max pause
  Gen  0       100 colls,     0 par    5.952s   6.012s     0.0601s    0.2169s
  Gen  1         6 colls,     0 par    1.965s   2.231s     0.3719s    0.7487s

  TASKS: 21 (1 bound, 20 peak workers (20 total), using -N4)

  SPARKS: 0 (0 converted, 0 overflowed, 0 dud, 0 GC'd, 0 fizzled)

  INIT    time    0.001s  (  0.006s elapsed)
  MUT     time   58.336s  ( 60.124s elapsed)
  GC      time    7.917s  (  8.243s elapsed)
  EXIT    time    0.000s  (  0.013s elapsed)
  Total   time   66.255s  ( 68.385s elapsed)

  Alloc rate    962,919,616 bytes per MUT second

  Productivity  88.0% of total user, 87.9% of total elapsed

