bench-hist/cacheGhcSession/ghcide --lsp --cwd bench/example/Cabal-3.0.0.0 +RTS -I0 -qg -A128M -Shover.benchmark-gcStats -I0.5 
    Alloc    Copied     Live     GC     GC      TOT      TOT  Page Flts
    bytes     bytes     bytes   user   elap     user     elap
525220152  16350712  17235952  0.049  0.054    0.465    8.877    0    0  (Gen:  0)
536578264  16352680  22367624  0.066  0.080    0.757    9.213    0    0  (Gen:  1)
553385744  16352928  30245936  0.024  0.027    1.206    9.944    0    0  (Gen:  0)
546745608  16353608  35924728  0.021  0.022    1.582   10.817    0    0  (Gen:  0)
538683408  16355016  41135760  0.025  0.025    1.949   11.341    0    0  (Gen:  0)
525657848  16352240  50067056  0.031  0.032    2.868   11.918    0    0  (Gen:  0)
548367112  16419016 126372560  0.235  0.266    3.771   12.571    0    0  (Gen:  1)
528067616  16366736 166187704  0.189  0.205    4.303   12.917    0    0  (Gen:  0)
528627248 156145840 184049424  0.299  0.330    5.005   13.410    0    0  (Gen:  1)
539397304  61363320 224961952  0.141  0.141    5.704   13.760    0    0  (Gen:  0)
550476200  51406000 244876888  0.106  0.106    6.386   14.066    0    0  (Gen:  0)
533294624  51389808 265585824  0.094  0.094    7.044   14.352    0    0  (Gen:  0)
537449512  51385672 288694360  0.096  0.098    7.693   14.641    0    0  (Gen:  0)
547381800  57949648 317479264  0.138  0.153    8.369   14.981    0    0  (Gen:  0)
529623728  57941416 336495304  0.102  0.104    8.885   15.446    0    0  (Gen:  0)
539373576  50636320 360200872  0.113  0.121    9.525   15.887    0    0  (Gen:  0)
540044984  50636440 342706976  0.672  0.764   10.724   16.831    0    0  (Gen:  1)
527258976  50650704 383180368  0.141  0.141   11.375   17.150    0    0  (Gen:  0)
529622040  50652240 386566960  0.085  0.085   11.995   17.417    0    0  (Gen:  0)
538541480  34512256 404623888  0.074  0.074   12.539   17.651    0    0  (Gen:  0)
535247296  34514032 422757512  0.090  0.090   13.127   18.073    0    0  (Gen:  0)
529149920  34501096 441676256  0.081  0.081   13.645   18.505    0    0  (Gen:  0)
106051560  34499792 409078992  0.697  0.733   14.463   19.972    0    0  (Gen:  1)
   105120  11289504  18316056  0.017  0.041   14.481   20.015    0    0  (Gen:  1)
     1584                      0.000  0.000

  11,914,352,704 bytes allocated in the heap
     970,377,024 bytes copied during GC
     409,078,992 bytes maximum residency (6 sample(s))
       3,932,976 bytes maximum slop
             390 MB total memory in use (0 MB lost due to fragmentation)

                                     Tot time (elapsed)  Avg pause  Max pause
  Gen  0        18 colls,     0 par    1.599s   1.653s     0.0918s    0.2048s
  Gen  1         6 colls,     0 par    1.988s   2.214s     0.3690s    0.7636s

  TASKS: 18 (1 bound, 17 peak workers (17 total), using -N4)

  SPARKS: 0 (0 converted, 0 overflowed, 0 dud, 0 GC'd, 0 fizzled)

  INIT    time    0.001s  (  0.005s elapsed)
  MUT     time   10.893s  ( 16.143s elapsed)
  GC      time    3.586s  (  3.867s elapsed)
  EXIT    time    0.000s  (  0.010s elapsed)
  Total   time   14.481s  ( 20.024s elapsed)

  Alloc rate    1,093,754,565 bytes per MUT second

  Productivity  75.2% of total user, 80.6% of total elapsed

