bench-hist/shakeSession/ghcide --lsp --cwd bench/example/Cabal-3.0.0.0 +RTS -I0 -qg -A128M -Scode_actions_after_edit.benchmark-gcStats -I0.5 
    Alloc    Copied     Live     GC     GC      TOT      TOT  Page Flts
    bytes     bytes     bytes   user   elap     user     elap
522763552      2152  17215120  0.045  0.050    0.406    5.901    0    0  (Gen:  0)
533440432      4080  22232432  0.062  0.074    0.671    6.197    0    0  (Gen:  1)
552380192      4336  30072136  0.022  0.024    1.086    6.851    0    0  (Gen:  0)
546201544      4976  35875736  0.021  0.022    1.445    7.691    0    0  (Gen:  0)
543065032      5080  41183624  0.022  0.023    1.795    8.202    0    0  (Gen:  0)
523423488      3568  49037416  0.027  0.028    2.658    8.707    0    0  (Gen:  0)
545779456     70536 126879952  0.217  0.246    3.527    9.297    0    0  (Gen:  1)
525985120     15152 166282080  0.223  0.266    4.125   11.025    0    0  (Gen:  0)
527450960 150221584 178692648  0.269  0.298    4.705   18.611    0    0  (Gen:  1)
544679128 150251392 218938056  0.112  0.113    5.414   18.956    0    0  (Gen:  0)
546950320 150223464 220935928  0.056  0.056    6.016   19.202    0    0  (Gen:  0)
533118816 150223272 245944488  0.084  0.084    6.625   19.537    0    0  (Gen:  0)
539521192 150220632 233947192  0.041  0.041    7.178   19.755    0    0  (Gen:  0)
538204096 150228400 248878696  0.061  0.061    7.771   20.001    0    0  (Gen:  0)
530988992 150222400 266711160  0.086  0.086    8.270   20.474    0    0  (Gen:  0)
537554472  24272464 265429056  0.060  0.060    8.844   20.848    0    0  (Gen:  0)
535800240  24272488 273955624  0.061  0.062    9.376   21.072    0    0  (Gen:  0)
537605040  24325080 274855360  0.043  0.043    9.961   21.324    0    0  (Gen:  0)
532278272  24272640 299370976  0.097  0.100   10.593   21.615    0    0  (Gen:  0)
537403560  24271120 291729096  0.056  0.060   11.111   21.887    0    0  (Gen:  0)
530035960  17265744 289849568  0.040  0.040   11.609   22.245    0    0  (Gen:  0)
533780928  17265424 297526888  0.046  0.047   12.064   22.606    0    0  (Gen:  0)
577537896  17268688 330408576  0.101  0.114   12.738   23.205    0    0  (Gen:  0)
546631936  49064184 361161840  0.102  0.107   13.319   23.790    0    0  (Gen:  0)
545177688  49061448 253734352  0.394  0.451   14.262   24.801    0    0  (Gen:  1)
544360696  21832048 260646224  0.057  0.057   14.894   25.394    0    0  (Gen:  0)
546922744  21832160 255234416  0.040  0.040   15.441   25.940    0    0  (Gen:  0)
544651288  21832208 256384880  0.039  0.039   16.079   26.559    0    0  (Gen:  0)
462090720  21832064 251083912  0.315  0.316   16.862   27.919    0    0  (Gen:  1)
   101056  12483416  20279888  0.018  0.037   16.880   28.157    0    0  (Gen:  1)
     1584                      0.000  0.000

  15,565,886,400 bytes allocated in the heap
   1,422,852,200 bytes copied during GC
     253,734,352 bytes maximum residency (6 sample(s))
       4,239,920 bytes maximum slop
             241 MB total memory in use (0 MB lost due to fragmentation)

                                     Tot time (elapsed)  Avg pause  Max pause
  Gen  0        24 colls,     0 par    1.542s   1.623s     0.0676s    0.2662s
  Gen  1         6 colls,     0 par    1.276s   1.422s     0.2369s    0.4513s

  TASKS: 21 (1 bound, 20 peak workers (20 total), using -N4)

  SPARKS: 0 (0 converted, 0 overflowed, 0 dud, 0 GC'd, 0 fizzled)

  INIT    time    0.001s  (  0.006s elapsed)
  MUT     time   14.061s  ( 25.107s elapsed)
  GC      time    2.818s  (  3.044s elapsed)
  EXIT    time    0.000s  (  0.010s elapsed)
  Total   time   16.881s  ( 28.167s elapsed)

  Alloc rate    1,107,003,752 bytes per MUT second

  Productivity  83.3% of total user, 89.1% of total elapsed

