bench-hist/shakeSession/ghcide --lsp --cwd bench/example/Cabal-3.0.0.0 +RTS -I0 -qg -A128M -Sedit.benchmark-gcStats -I0.5 
    Alloc    Copied     Live     GC     GC      TOT      TOT  Page Flts
    bytes     bytes     bytes   user   elap     user     elap
526574480      2152  17234008  0.049  0.054    0.412    5.953    0    0  (Gen:  0)
531565672  20763640  22265896  0.065  0.082    0.680    6.261    0    0  (Gen:  1)
551017912  20763856  30060144  0.023  0.026    1.099    6.951    0    0  (Gen:  0)
547486976  20766272  35841032  0.022  0.023    1.466    7.810    0    0  (Gen:  0)
542122544  20764640  42511848  0.024  0.025    1.819    8.322    0    0  (Gen:  0)
527591120  20763104  50698640  0.030  0.030    2.699    8.829    0    0  (Gen:  0)
552916328  20830224 128906024  0.228  0.258    3.595    9.445    0    0  (Gen:  1)
524273608  20779144 164624808  0.179  0.192    4.131    9.784    0    0  (Gen:  0)
525517264  20765952 177754344  0.260  0.288    4.707   10.217    0    0  (Gen:  1)
545682112  20787608 216055216  0.113  0.114    5.387   10.544    0    0  (Gen:  0)
546423416  29810760 218772456  0.052  0.052    5.972   10.794    0    0  (Gen:  0)
535456120  29818736 236140360  0.059  0.059    6.562   11.035    0    0  (Gen:  0)
539163008  29810200 239957536  0.051  0.051    7.105   11.255    0    0  (Gen:  0)
542134120  28116624 250001352  0.062  0.062    7.694   11.503    0    0  (Gen:  0)
524807344  28116528 268681312  0.092  0.092    8.191   11.974    0    0  (Gen:  0)
544841144  28168648 268990600  0.062  0.063    8.782   12.352    0    0  (Gen:  0)
538537136  24603584 275295656  0.057  0.057    9.342   12.582    0    0  (Gen:  0)
536586520  24605048 285973936  0.070  0.072    9.897   12.819    0    0  (Gen:  0)
529687368  24603360 301331048  0.094  0.097   10.520   13.096    0    0  (Gen:  0)
537075832  22991248 291248184  0.048  0.052   11.030   13.306    0    0  (Gen:  0)
530705312  22990336 291529288  0.039  0.039   11.523   13.621    0    0  (Gen:  0)
537379600  22991040 300605768  0.050  0.051   11.980   13.985    0    0  (Gen:  0)
567019208  22992856 325165528  0.091  0.101   12.622   14.549    0    0  (Gen:  0)
551434856  22992928 326318400  0.046  0.046   13.235   15.189    0    0  (Gen:  0)
537649136  22989848 225991200  0.347  0.390   14.155   16.098    0    0  (Gen:  1)
552762992  22992728 226418968  0.039  0.039   14.749   16.715    0    0  (Gen:  0)
536264144  22989912 227560336  0.039  0.039   15.363   17.274    0    0  (Gen:  0)
547808672  22994160 227820560  0.039  0.039   15.955   17.890    0    0  (Gen:  0)
536651528  14276224 229031368  0.037  0.037   16.568   18.450    0    0  (Gen:  0)
549606576  14031448 229310520  0.037  0.037   17.166   19.073    0    0  (Gen:  0)
534213912  14030720 230163840  0.039  0.039   17.779   19.633    0    0  (Gen:  0)
554247312  14034576 230858656  0.037  0.037   18.378   20.254    0    0  (Gen:  0)
535974512  14030784 231821232  0.039  0.039   18.994   20.816    0    0  (Gen:  0)
548828800  14035832 232286112  0.037  0.037   19.589   21.433    0    0  (Gen:  0)
537581888  14232320 233287704  0.037  0.037   20.196   21.984    0    0  (Gen:  0)
551779976  14234408 233808760  0.039  0.039   20.803   22.617    0    0  (Gen:  0)
535969248  14232392 234748352  0.037  0.037   21.417   23.175    0    0  (Gen:  0)
551366184  14050088 235158464  0.037  0.037   22.015   23.797    0    0  (Gen:  0)
535511400  14046168 236198680  0.037  0.037   22.638   24.365    0    0  (Gen:  0)
549706416  14050192 236658888  0.037  0.037   23.236   24.987    0    0  (Gen:  0)
534699440  14085784 237532800  0.037  0.037   23.851   25.550    0    0  (Gen:  0)
551253240  14089760 238200424  0.037  0.037   24.449   26.171    0    0  (Gen:  0)
535671680  14105808 238906448  0.037  0.037   25.067   26.735    0    0  (Gen:  0)
548802720  14108888 239523880  0.037  0.037   25.661   27.352    0    0  (Gen:  0)
539784720  14105936 240411056  0.040  0.040   26.278   27.915    0    0  (Gen:  0)
549890752  14110080 240962400  0.037  0.037   26.882   28.542    0    0  (Gen:  0)
536893752  14106104 241820024  0.037  0.037   27.493   29.096    0    0  (Gen:  0)
549678688  14034496 242338888  0.037  0.037   28.094   29.721    0    0  (Gen:  0)
535047072  14030616 243007608  0.038  0.038   28.707   30.279    0    0  (Gen:  0)
551340008  14034528 243775288  0.037  0.037   29.305   30.900    0    0  (Gen:  0)
537672344  14061240 244488296  0.037  0.037   29.922   31.462    0    0  (Gen:  0)
551916392  14065160 245104464  0.037  0.037   30.521   32.085    0    0  (Gen:  0)
536441032  14061344 245974784  0.037  0.037   31.142   32.650    0    0  (Gen:  0)
552839088  14046024 246561280  0.037  0.037   31.742   33.272    0    0  (Gen:  0)
540113432  14509584 247790600  0.038  0.038   32.361   33.835    0    0  (Gen:  0)
550151600  14513712 247979960  0.037  0.037   32.967   34.465    0    0  (Gen:  0)
535252352  14509584 249273136  0.038  0.038   33.581   35.022    0    0  (Gen:  0)
552547904  14510320 249613976  0.040  0.040   34.187   35.652    0    0  (Gen:  0)
535816592  14509584 250882240  0.041  0.041   34.805   36.213    0    0  (Gen:  0)
552201192  14510368 251044968  0.037  0.038   35.406   36.841    0    0  (Gen:  0)
535767064  14509696 252493576  0.038  0.039   36.023   37.401    0    0  (Gen:  0)
550499048  14078408 252686432  0.037  0.038   36.623   38.024    0    0  (Gen:  0)
537074632  14077768 254131360  0.041  0.042   37.248   38.592    0    0  (Gen:  0)
551213520  14097792 254277360  0.038  0.038   37.851   39.220    0    0  (Gen:  0)
533681184  14093480 255673224  0.038  0.038   38.468   39.782    0    0  (Gen:  0)
553008752  14094256 255920696  0.040  0.040   39.082   40.422    0    0  (Gen:  0)
533402856  14093616 257225968  0.041  0.041   39.700   40.982    0    0  (Gen:  0)
548399328  14098016 257430608  0.042  0.043   40.308   41.617    0    0  (Gen:  0)
541371584  14093664 258929040  0.041  0.041   40.932   42.184    0    0  (Gen:  0)
550531176  14098016 258988656  0.038  0.038   41.540   42.818    0    0  (Gen:  0)
536208456  14596808 260581832  0.039  0.039   42.158   43.378    0    0  (Gen:  0)
547746768  14597592 260585440  0.038  0.038   42.759   44.004    0    0  (Gen:  0)
536136008  14596872 261997080  0.041  0.041   43.387   44.576    0    0  (Gen:  0)
550699896  14597672 262233344  0.038  0.038   43.987   45.201    0    0  (Gen:  0)
534556008  14317088 263425736  0.038  0.038   44.603   45.760    0    0  (Gen:  0)
552856360  14321272 263804848  0.038  0.038   45.211   46.392    0    0  (Gen:  0)
535988152  14317168 264973408  0.038  0.038   45.827   46.949    0    0  (Gen:  0)
549342472  14317976 265310120  0.040  0.040   46.434   47.579    0    0  (Gen:  0)
537586088  14317328 266481264  0.038  0.038   47.051   48.138    0    0  (Gen:  0)
551012312  14321480 266825008  0.040  0.040   47.662   48.775    0    0  (Gen:  0)
534258456  14317384 267886312  0.038  0.038   48.281   49.337    0    0  (Gen:  0)
549407624  14321320 268299520  0.038  0.038   48.882   49.962    0    0  (Gen:  0)
538113864  14317496 269457064  0.038  0.038   49.509   50.533    0    0  (Gen:  0)
555873256  14318248 269847960  0.038  0.038   50.116   51.164    0    0  (Gen:  0)
536880416  14591192 271176888  0.039  0.039   50.744   51.729    0    0  (Gen:  0)
551212128  14591992 271318264  0.038  0.038   51.350   52.361    0    0  (Gen:  0)
534533368  14591264 272758808  0.039  0.039   51.969   52.921    0    0  (Gen:  0)
546861792  14595560 272918576  0.038  0.038   52.575   53.550    0    0  (Gen:  0)
493489224  14588416 224061288  0.278  0.278   53.417   55.014    0    0  (Gen:  1)
   108144  11335608  18196696  0.016  0.031   53.434   55.195    0    0  (Gen:  1)
     2016                      0.000  0.000

  48,217,757,648 bytes allocated in the heap
   1,522,163,656 bytes copied during GC
     225,991,200 bytes maximum residency (6 sample(s))
       3,586,200 bytes maximum slop
             215 MB total memory in use (0 MB lost due to fragmentation)

                                     Tot time (elapsed)  Avg pause  Max pause
  Gen  0        84 colls,     0 par    3.722s   3.772s     0.0449s    0.1923s
  Gen  1         6 colls,     0 par    1.195s   1.327s     0.2212s    0.3897s

  TASKS: 21 (1 bound, 20 peak workers (20 total), using -N4)

  SPARKS: 0 (0 converted, 0 overflowed, 0 dud, 0 GC'd, 0 fizzled)

  INIT    time    0.001s  (  0.006s elapsed)
  MUT     time   48.515s  ( 50.091s elapsed)
  GC      time    4.917s  (  5.099s elapsed)
  EXIT    time    0.001s  (  0.002s elapsed)
  Total   time   53.434s  ( 55.197s elapsed)

  Alloc rate    993,870,769 bytes per MUT second

  Productivity  90.8% of total user, 90.7% of total elapsed

