bench-hist/shakeSession/ghcide --lsp --cwd bench/example/Cabal-3.0.0.0 +RTS -I0 -qg -A128M -SgetDefinition.benchmark-gcStats -I0.5 
    Alloc    Copied     Live     GC     GC      TOT      TOT  Page Flts
    bytes     bytes     bytes   user   elap     user     elap
526593608      2152  17235304  0.045  0.050    0.407    6.149    0    0  (Gen:  0)
532755696      4072  22231192  0.061  0.073    0.677    6.453    0    0  (Gen:  1)
553786776      4344  30138800  0.022  0.025    1.089    7.111    0    0  (Gen:  0)
548685688   9605640  35883152  0.021  0.023    1.451    7.957    0    0  (Gen:  0)
538191984   9605760  41065032  0.022  0.023    1.799    8.467    0    0  (Gen:  0)
524598664   9604208  48952536  0.027  0.027    2.663    8.969    0    0  (Gen:  0)
549241112 101074184 127598224  0.220  0.252    3.528    9.568    0    0  (Gen:  1)
526491632 101026568 164089496  0.182  0.198    4.079    9.920    0    0  (Gen:  0)
530389040 101010088 177503944  0.262  0.290    4.667   10.349    0    0  (Gen:  1)
544674288 101042744 220013384  0.118  0.119    5.418   10.707    0    0  (Gen:  0)
549723200 101012336 231025952  0.074  0.074    6.031   10.967    0    0  (Gen:  0)
537979520 101013760 242695696  0.064  0.064    6.606   11.206    0    0  (Gen:  0)
546628768 101009552 242844568  0.039  0.039    7.157   11.421    0    0  (Gen:  0)
538808864 101018504 254053224  0.055  0.055    7.764   11.673    0    0  (Gen:  0)
528708744 101010296 272928000  0.080  0.080    8.246   12.084    0    0  (Gen:  0)
546831128 101061696 265198280  0.039  0.041    8.799   12.438    0    0  (Gen:  0)
535599600 101008336 278222576  0.054  0.055    9.383   12.674    0    0  (Gen:  0)
535767336 101008904 290110224  0.068  0.069    9.931   12.907    0    0  (Gen:  0)
537005640 101008168 301554656  0.079  0.082   10.533   13.166    0    0  (Gen:  0)
531933232 101010968 294877320  0.046  0.048   11.048   13.419    0    0  (Gen:  0)
531661432  17213328 296651304  0.040  0.040   11.540   13.747    0    0  (Gen:  0)
532033896  17214168 307443160  0.053  0.054   12.005   14.127    0    0  (Gen:  0)
520638880  17213256 309020152  0.032  0.032   12.195   14.317    0    0  (Gen:  0)
520465080  17212632 231649576  0.347  0.391   12.690   14.856    0    0  (Gen:  1)
233085936  17213104 229846792  0.284  0.285   13.073   15.869    0    0  (Gen:  1)
   104320  11289560  18319968  0.016  0.033   13.090   16.133    0    0  (Gen:  1)
     1584                      0.000  0.000

  13,102,385,648 bytes allocated in the heap
   1,540,498,328 bytes copied during GC
     231,649,576 bytes maximum residency (6 sample(s))
       3,227,896 bytes maximum slop
             220 MB total memory in use (0 MB lost due to fragmentation)

                                     Tot time (elapsed)  Avg pause  Max pause
  Gen  0        20 colls,     0 par    1.158s   1.195s     0.0598s    0.1981s
  Gen  1         6 colls,     0 par    1.191s   1.325s     0.2208s    0.3910s

  TASKS: 18 (1 bound, 17 peak workers (17 total), using -N4)

  SPARKS: 0 (0 converted, 0 overflowed, 0 dud, 0 GC'd, 0 fizzled)

  INIT    time    0.001s  (  0.006s elapsed)
  MUT     time   10.739s  ( 13.607s elapsed)
  GC      time    2.348s  (  2.520s elapsed)
  EXIT    time    0.000s  (  0.003s elapsed)
  Total   time   13.090s  ( 16.136s elapsed)

  Alloc rate    1,220,019,012 bytes per MUT second

  Productivity  82.0% of total user, 84.3% of total elapsed

