bench-hist/shakeSession/ghcide --lsp --cwd bench/example/Cabal-3.0.0.0 +RTS -I0 -qg -A128M -Shover.benchmark-gcStats -I0.5 
    Alloc    Copied     Live     GC     GC      TOT      TOT  Page Flts
    bytes     bytes     bytes   user   elap     user     elap
525743912  16341456  17226416  0.045  0.050    0.411   12.309   29 3287  (Gen:  0)
532736840  16343408  22292496  0.067  0.352    0.683   12.930 6512  476  (Gen:  1)
553916008  16343624  30212640  0.022  0.025    1.089   13.572    0    2  (Gen:  0)
550922608   9630432  35994616  0.021  0.022    1.443   14.415    0    3  (Gen:  0)
541713056   9630520  41340376  0.023  0.024    1.786   14.918    0    0  (Gen:  0)
527487488  13668424  49338656  0.027  0.028    2.656   15.420    0    6  (Gen:  0)
548466864  13735528 127942376  0.217  0.247    3.577   16.061    0  386  (Gen:  1)
525392800  13678456 164825056  0.185  0.201    4.108   16.409    0  186  (Gen:  0)
525612176  13671256 177133064  0.261  0.288    4.713   16.827    0   58  (Gen:  1)
542209408  13689696 213523704  0.105  0.106    5.374   17.143    1   89  (Gen:  0)
550439632  13674144 226624744  0.073  0.073    5.990   17.404    0   10  (Gen:  0)
537588856  13672992 234250856  0.054  0.055    6.566   17.637    1    8  (Gen:  0)
540928816  13670392 236739432  0.048  0.048    7.108   17.855    0   32  (Gen:  0)
547022304  13675768 237853768  0.039  0.039    7.663   18.110    0    4  (Gen:  0)
523963640  13671712 265703000  0.089  0.090    8.153   18.601    0    0  (Gen:  0)
536551024  13722920 265013088  0.061  0.061    8.728   18.972    0    0  (Gen:  0)
533402552  28528144 274945200  0.068  0.068    9.305   19.215    0    2  (Gen:  0)
538127360  28527352 275129368  0.049  0.050    9.829   19.426    0    5  (Gen:  0)
535917464  28528200 289978664  0.086  0.091   10.470   19.707    0    1  (Gen:  0)
531591512  29333008 288523344  0.059  0.059   10.979   19.939    0    5  (Gen:  0)
530059624  29332112 286537408  0.039  0.039   11.470   20.261    0    1  (Gen:  0)
533863952  29333040 297807416  0.054  0.055   11.939   20.642    1   14  (Gen:  0)
520719000  29332024 299513856  0.032  0.032   12.127   20.830    1    0  (Gen:  0)
520558080  29331464 302495464  0.009  0.009   12.287   20.990    0    8  (Gen:  0)
307675536  29331872 229297040  0.333  0.378   12.743   22.100    0   22  (Gen:  1)
   101832  29331288  18269440  0.019  0.036   12.762   22.282    0    2  (Gen:  1)
     1368                      0.000  0.000

  13,162,713,712 bytes allocated in the heap
     509,729,232 bytes copied during GC
     229,297,040 bytes maximum residency (5 sample(s))
       3,281,176 bytes maximum slop
             218 MB total memory in use (0 MB lost due to fragmentation)

                                     Tot time (elapsed)  Avg pause  Max pause
  Gen  0        21 colls,     0 par    1.190s   1.224s     0.0583s    0.2007s
  Gen  1         5 colls,     0 par    0.898s   1.301s     0.2603s    0.3779s

  TASKS: 18 (1 bound, 17 peak workers (17 total), using -N4)

  SPARKS: 0 (0 converted, 0 overflowed, 0 dud, 0 GC'd, 0 fizzled)

  INIT    time    0.001s  (  0.010s elapsed)
  MUT     time   10.673s  ( 19.746s elapsed)
  GC      time    2.088s  (  2.525s elapsed)
  EXIT    time    0.000s  (  0.006s elapsed)
  Total   time   12.763s  ( 22.288s elapsed)

  Alloc rate    1,233,297,807 bytes per MUT second

  Productivity  83.6% of total user, 88.6% of total elapsed

