bench-hist/shakeSession/ghcide --lsp --cwd bench/example/Cabal-3.0.0.0 +RTS -I0 -qg -A128M -Shover_after_edit.benchmark-gcStats -I0.5 
    Alloc    Copied     Live     GC     GC      TOT      TOT  Page Flts
    bytes     bytes     bytes   user   elap     user     elap
525136464  16337976  17223288  0.048  0.053    0.444    6.324    0    0  (Gen:  0)
536341336  20832336  22352488  0.062  0.074    0.728    6.637    0    0  (Gen:  1)
555666568  20832648  30239224  0.024  0.027    1.149    7.301    0    0  (Gen:  0)
544784776  20833280  35876312  0.021  0.023    1.512    8.151    0    0  (Gen:  0)
540565552  20833352  41162040  0.023  0.024    1.868    8.667    0    0  (Gen:  0)
525041648  20831816  49122512  0.029  0.030    2.770    9.189    0    0  (Gen:  0)
549499824  20899000 129099992  0.237  0.268    3.719    9.820    0    0  (Gen:  1)
525096640  20848256 165196344  0.189  0.205    4.272   10.174    0    0  (Gen:  0)
525590344  20834768 177335240  0.274  0.302    4.898   10.632    0    0  (Gen:  1)
538287600  20843696 218817688  0.118  0.118    5.575   10.958    0    0  (Gen:  0)
552980144  20848544 227229384  0.080  0.080    6.218   11.233    0    0  (Gen:  0)
529746448  20839072 236177912  0.053  0.053    6.787   11.464    0    0  (Gen:  0)
542435032  20834592 246488232  0.059  0.059    7.373   11.706    0    0  (Gen:  0)
538250232  20834472 252743984  0.064  0.064    7.965   12.011    0    0  (Gen:  0)
525826904  20834352 271075648  0.088  0.088    8.453   12.434    0    0  (Gen:  0)
545622688  18293688 265540816  0.040  0.042    9.000   12.797    0    0  (Gen:  0)
532391384  29268432 285392256  0.075  0.076    9.606   13.053    0    0  (Gen:  0)
539816200  29259664 292506912  0.093  0.100   10.283   13.353    0    0  (Gen:  0)
535688264  29263024 290557408  0.057  0.058   10.763   13.555    0    0  (Gen:  0)
532921248  24780464 302559592  0.057  0.057   11.290   13.891    0    0  (Gen:  0)
533733256  24771960 300373896  0.042  0.042   11.810   14.228    0    0  (Gen:  0)
530310872  24772800 308173824  0.048  0.048   12.285   14.607    0    0  (Gen:  0)
569365328  24771576 335179632  0.093  0.104   12.960   15.196    0    0  (Gen:  0)
520684280 194852008 230652472  0.346  0.385   13.460   15.735    0    0  (Gen:  1)
520474000   4262016 233317232  0.011  0.016   13.646   16.774    0    0  (Gen:  0)
537589336   4262784 244184760  0.028  0.029   14.091   17.217    0    0  (Gen:  0)
529449728   4267008 250353320  0.032  0.032   14.334   17.459    0    0  (Gen:  0)
520482512   4262016 252932272  0.018  0.018   14.509   17.635    0    0  (Gen:  0)
540849448   5169304 256823168  0.014  0.014   14.835   17.985    0    0  (Gen:  0)
521406704   5168712 270155304  0.038  0.038   15.157   18.270    0    0  (Gen:  0)
520413160   5168552 272766992  0.027  0.027   15.347   18.460    0    0  (Gen:  0)
540313384   5610440 276822192  0.015  0.015   15.626   18.768    0    0  (Gen:  0)
522064176  16374832 289853608  0.036  0.036   15.989   19.091    0    0  (Gen:  0)
520568528  15174680 291693216  0.025  0.025   16.173   19.276    0    0  (Gen:  0)
533258152   4760592 294971688  0.011  0.011   16.376   19.484    0    0  (Gen:  0)
528563200   4760056 309622024  0.037  0.037   16.804   19.895    0    0  (Gen:  0)
520527264   4760072 311535096  0.026  0.026   16.994   20.085    0    0  (Gen:  0)
525136232   4760632 314600392  0.010  0.010   17.160   20.246    0    0  (Gen:  0)
537211208  16441728 329680376  0.040  0.040   17.641   20.720    0    0  (Gen:  0)
520651352  16494984 331542280  0.026  0.026   17.827   20.907    0    0  (Gen:  0)
520576440   4850688 334395856  0.008  0.008   17.979   21.059    0    0  (Gen:  0)
539996776   4851504 349571968  0.041  0.041   18.466   21.537    0    0  (Gen:  0)
520679736   4850960 351457960  0.027  0.027   18.656   21.727    0    0  (Gen:  0)
520527112   4850736 354538936  0.009  0.009   18.809   21.880    0    0  (Gen:  0)
532980120   4851568 369573088  0.043  0.043   19.298   22.354    0    0  (Gen:  0)
520668960   4851024 371099288  0.027  0.027   19.482   22.538    0    0  (Gen:  0)
520525592   4850800 374593816  0.010  0.010   19.642   22.698    0    0  (Gen:  0)
537233448  16642704 389557480  0.041  0.041   20.122   23.165    0    0  (Gen:  0)
520641512  17050832 390973200  0.028  0.028   20.316   23.360    0    0  (Gen:  0)
520477896   4210224 393325080  0.008  0.008   20.474   23.517    0    0  (Gen:  0)
536977360   4211008 402430592  0.024  0.025   20.883   23.914    0    0  (Gen:  0)
527946592   4218696 410330528  0.033  0.033   21.147   24.179    0    0  (Gen:  0)
520467736   4210264 412907456  0.021  0.021   21.343   24.376    0    0  (Gen:  0)
535954824   4211064 416933480  0.013  0.014   21.644   24.710    0    0  (Gen:  0)
521846320   4210464 430100640  0.036  0.036   21.992   25.016    0    0  (Gen:  0)
520403120   4210336 432601872  0.026  0.026   22.179   25.204    0    0  (Gen:  0)
539225280   4211112 436473904  0.014  0.014   22.438   25.485    0    0  (Gen:  0)
524100320  16245224 449824064  0.039  0.039   22.820   25.847    0    0  (Gen:  0)
520553792  15412192 451848632  0.025  0.025   23.005   26.032    0    0  (Gen:  0)
529948344  15412984 454520824  0.010  0.010   23.189   26.212    0    0  (Gen:  0)
529801864  15412448 469714696  0.037  0.037   23.637   26.650    0    0  (Gen:  0)
520527336  15412472 471579040  0.029  0.033   23.827   26.845    0    0  (Gen:  0)
525439048  15412296 233008608  0.330  0.369   24.335   27.391    0    0  (Gen:  1)
533739976  16470728 249311904  0.043  0.043   24.815   27.860    0    0  (Gen:  0)
520662064  17005168 251089256  0.028  0.028   25.007   28.052    0    0  (Gen:  0)
520561768   4809576 253975920  0.009  0.009   25.162   28.207    0    0  (Gen:  0)
533273072   4810392 269121176  0.042  0.042   25.648   28.678    0    0  (Gen:  0)
520697056   4809840 270898472  0.029  0.029   25.841   28.871    0    0  (Gen:  0)
520498040   4809648 274194544  0.010  0.010   25.998   29.028    0    0  (Gen:  0)
533663104   4810448 289154488  0.041  0.042   26.484   29.499    0    0  (Gen:  0)
520675560   4809912 290715904  0.028  0.028   26.681   29.699    0    0  (Gen:  0)
520507992   4809656 293747520  0.011  0.011   26.850   29.870    0    0  (Gen:  0)
540390584  13817752 306289008  0.036  0.036   27.305   30.314    0    0  (Gen:  0)
531185752  16706504 310319256  0.031  0.031   27.521   30.529    0    0  (Gen:  0)
520463096   8539464 312525320  0.015  0.015   27.690   30.698    0    0  (Gen:  0)
535641168   5848072 317840872  0.016  0.016   28.068   31.068    0    0  (Gen:  0)
521942936  16441064 329777248  0.035  0.035   28.338   31.331    0    0  (Gen:  0)
520456520  15084464 332340792  0.026  0.026   28.521   31.514    0    0  (Gen:  0)
540070864  15085256 336272520  0.014  0.014   28.810   31.833    0    0  (Gen:  0)
525291752  15084672 349375576  0.037  0.037   29.161   32.140    0    0  (Gen:  0)
520382760  15084512 351391256  0.025  0.025   29.353   32.334    0    0  (Gen:  0)
532091904  15085328 355312248  0.012  0.012   29.588   32.584    0    0  (Gen:  0)
531684424  15084736 369131048  0.037  0.037   29.993   32.961    0    0  (Gen:  0)
520541088  15084632 371016160  0.025  0.025   30.177   33.146    0    0  (Gen:  0)
532226488  15085416 373533968  0.009  0.009   30.348   33.309    0    0  (Gen:  0)
533115360  15084848 388898808  0.040  0.041   30.826   33.792    0    0  (Gen:  0)
520528120  15084872 390926552  0.025  0.025   31.012   33.980    0    0  (Gen:  0)
523097984  15085472 391901520  0.005  0.005   31.167   34.134    0    0  (Gen:  0)
534735872  16442016 408906304  0.040  0.040   31.646   34.599    0    0  (Gen:  0)
520674520  17299816 410692096  0.027  0.027   31.833   34.786    0    0  (Gen:  0)
520553392   4883040 413638520  0.008  0.009   31.991   34.944    0    0  (Gen:  0)
536367696   4883856 428783216  0.041  0.041   32.476   35.413    0    0  (Gen:  0)
520713096   4883320 430473344  0.027  0.027   32.660   35.598    0    0  (Gen:  0)
520482240   4883096 433816680  0.009  0.009   32.818   35.755    0    0  (Gen:  0)
536746480   4883936 448684664  0.041  0.041   33.306   36.229    0    0  (Gen:  0)
520834784   4883432 450219472  0.026  0.026   33.490   36.413    0    0  (Gen:  0)
520492712   4883152 453215736  0.009  0.009   33.649   36.572    0    0  (Gen:  0)
542513952   4883968 465801888  0.036  0.036   34.100   37.008    0    0  (Gen:  0)
524639256   4883792 469957368  0.030  0.030   34.314   37.221    0    0  (Gen:  0)
520452072   4882440 245777824  0.321  0.324   34.790   37.702    0    0  (Gen:  1)
536953464   4883248 250753552  0.017  0.017   35.149   38.066    0    0  (Gen:  0)
524536728   4882648 262902504  0.036  0.036   35.439   38.337    0    0  (Gen:  0)
520451048   4882488 265532168  0.027  0.027   35.629   38.528    0    0  (Gen:  0)
543405360   5376632 269509176  0.014  0.014   35.919   38.845    0    0  (Gen:  0)
521389072   5376088 282695968  0.037  0.037   36.270   39.154    0    0  (Gen:  0)
520380544   5375928 284453888  0.026  0.026   36.464   39.348    0    0  (Gen:  0)
533130712   5376736 288407840  0.013  0.013   36.692   39.588    0    0  (Gen:  0)
526401176   5376152 302236440  0.038  0.038   37.101   39.971    0    0  (Gen:  0)
520533480   5376008 304251936  0.026  0.026   37.289   40.160    0    0  (Gen:  0)
523556152   5376760 307404800  0.009  0.009   37.456   40.316    0    0  (Gen:  0)
533625120   5376208 322296160  0.039  0.039   37.929   40.783    0    0  (Gen:  0)
520470168   5376224 324090344  0.026  0.026   38.117   40.972    0    0  (Gen:  0)
520600096   5376080 326945216  0.008  0.008   38.270   41.125    0    0  (Gen:  0)
534686080   5376760 342165384  0.041  0.041   38.755   41.594    0    0  (Gen:  0)
520674064   5376272 344102552  0.028  0.028   38.955   41.795    0    0  (Gen:  0)
520535656   5376048 346951696  0.009  0.009   39.115   41.955    0    0  (Gen:  0)
536795952   5376864 362305024  0.042  0.042   39.604   42.428    0    0  (Gen:  0)
521796832   5376384 363804736  0.027  0.027   39.790   42.614    0    0  (Gen:  0)
520534080   5376160 367157560  0.010  0.010   39.950   42.774    0    0  (Gen:  0)
533329592  16583192 382200128  0.041  0.041   40.432   43.241    0    0  (Gen:  0)
520698200  16583200 383774776  0.027  0.027   40.622   43.432    0    0  (Gen:  0)
520485488  16582392 386321960  0.008  0.009   40.785   43.595    0    0  (Gen:  0)
537527480  16583216 397184248  0.028  0.028   41.202   44.000    0    0  (Gen:  0)
523283384  16584608 403315424  0.031  0.031   41.444   44.241    0    0  (Gen:  0)
520476264  16582528 405806184  0.017  0.017   41.618   44.415    0    0  (Gen:  0)
536446320   5469456 409928608  0.014  0.014   41.911   44.735    0    0  (Gen:  0)
521782400   5468864 422948288  0.037  0.037   42.258   45.039    0    0  (Gen:  0)
520420936   5468704 425755264  0.027  0.027   42.448   45.228    0    0  (Gen:  0)
534783720   5469488 429339024  0.014  0.014   42.708   45.512    0    0  (Gen:  0)
523426488  16200104 442477064  0.036  0.036   43.088   45.854    0    0  (Gen:  0)
520548320  15344792 444528944  0.025  0.025   43.274   46.040    0    0  (Gen:  0)
531310512  15345600 447362568  0.010  0.010   43.466   46.229    0    0  (Gen:  0)
533509248  15345064 462427232  0.037  0.037   43.908   46.657    0    0  (Gen:  0)
520526288  15345088 464326280  0.025  0.025   44.095   46.843    0    0  (Gen:  0)
526957928  15345680 466808456  0.009  0.009   44.259   47.002    0    0  (Gen:  0)
533337280  15348936 482278416  0.040  0.040   44.738   47.472    0    0  (Gen:  0)
520667768  15345200 484247488  0.027  0.027   44.925   47.659    0    0  (Gen:  0)
520570832  15344976 487175296  0.008  0.009   45.085   47.820    0    0  (Gen:  0)
533218328  16529944 502323536  0.041  0.042   45.573   48.292    0    0  (Gen:  0)
520692904  17455760 504040208  0.027  0.027   45.761   48.480    0    0  (Gen:  0)
520506912 211622392 247505832  0.317  0.328   46.226   48.955    0    0  (Gen:  1)
536855848 211623216 262668184  0.043  0.043   46.714   49.428    0    0  (Gen:  0)
523905760  17378064 264330512  0.029  0.029   46.907   49.622    0    0  (Gen:  0)
520515248   4885776 267430784  0.010  0.010   47.072   49.788    0    0  (Gen:  0)
536293368   4886584 279785536  0.039  0.039   47.541   50.242    0    0  (Gen:  0)
525548328   4886272 283901272  0.030  0.030   47.748   50.447    0    0  (Gen:  0)
520473176   4885872 286145112  0.013  0.013   47.919   50.619    0    0  (Gen:  0)
538049504   4886656 294411480  0.022  0.022   48.318   51.002    0    0  (Gen:  0)
522885280   4891544 303382792  0.035  0.035   48.571   51.254    0    0  (Gen:  0)
520466936   4885928 305946784  0.021  0.021   48.755   51.437    0    0  (Gen:  0)
541127504   4886720 309858184  0.015  0.015   49.052   51.764    0    0  (Gen:  0)
521720160   4886128 323101160  0.037  0.037   49.405   52.073    0    0  (Gen:  0)
520396384   4886024 325234808  0.027  0.027   49.595   52.263    0    0  (Gen:  0)
533355368   4886792 329111144  0.013  0.013   49.838   52.522    0    0  (Gen:  0)
525411296   4886216 342644840  0.037  0.037   50.231   52.889    0    0  (Gen:  0)
520546144   4886088 344562992  0.025  0.025   50.417   53.076    0    0  (Gen:  0)
530234872   4886832 347139216  0.009  0.009   50.594   53.244    0    0  (Gen:  0)
530534888  16317416 362617328  0.039  0.039   51.061   53.703    0    0  (Gen:  0)
520523288  15780288 364456344  0.026  0.026   51.257   53.900    0    0  (Gen:  0)
522284368  15780880 365554568  0.005  0.005   51.415   54.057    0    0  (Gen:  0)
536840144  15780336 382662328  0.041  0.041   51.898   54.524    0    0  (Gen:  0)
520673168  15780440 384442928  0.028  0.028   52.087   54.713    0    0  (Gen:  0)
520552256  15780184 387384624  0.009  0.009   52.243   54.870    0    0  (Gen:  0)
533540616  15781008 402552960  0.042  0.042   52.730   55.342    0    0  (Gen:  0)
520707224  15780472 404117128  0.027  0.027   52.918   55.529    0    0  (Gen:  0)
520484992  15780264 407382456  0.009  0.009   53.077   55.689    0    0  (Gen:  0)
537593016  15781056 422502256  0.042  0.042   53.568   56.163    0    0  (Gen:  0)
520678872  15780544 424007936  0.026  0.026   53.755   56.350    0    0  (Gen:  0)
520491072  15780312 426808832  0.009  0.009   53.917   56.512    0    0  (Gen:  0)
535462312  12804704 438538888  0.033  0.033   54.356   56.938    0    0  (Gen:  0)
524437224  12804856 443497016  0.030  0.031   54.583   57.164    0    0  (Gen:  0)
520495648  12803920 445856520  0.016  0.016   54.756   57.337    0    0  (Gen:  0)
536623960  12804728 450728232  0.017  0.017   55.091   57.690    0    0  (Gen:  0)
525374648  12804096 463239728  0.037  0.037   55.411   57.977    0    0  (Gen:  0)
520435680  12803968 465794064  0.027  0.027   55.604   58.171    0    0  (Gen:  0)
540913816  12804728 469686256  0.014  0.014   55.892   58.488    0    0  (Gen:  0)
521732128  12804128 482759032  0.036  0.036   56.245   58.797    0    0  (Gen:  0)
520549832  12803984 484820608  0.026  0.026   56.435   58.987    0    0  (Gen:  0)
535815904   4995912 488400616  0.012  0.012   56.655   59.216    0    0  (Gen:  0)
527086896   4995368 502514280  0.037  0.037   57.072   59.609    0    0  (Gen:  0)
520538008   4994656 244964792  0.311  0.311   57.550   60.087    0    0  (Gen:  1)
524036768   4995264 248641272  0.013  0.013   57.719   60.247    0    0  (Gen:  0)
535730952  16393616 262951552  0.041  0.041   58.200   60.720    0    0  (Gen:  0)
520469128  16116224 264767432  0.028  0.028   58.395   60.915    0    0  (Gen:  0)
520602648   4840312 267680336  0.009  0.009   58.552   61.073    0    0  (Gen:  0)
533323288   4841136 282938528  0.043  0.043   59.044   61.549    0    0  (Gen:  0)
520683648   4840576 284770368  0.030  0.030   59.247   61.753    0    0  (Gen:  0)
520531888   4840400 287726504  0.009  0.009   59.407   61.913    0    0  (Gen:  0)
535731968   4841184 302795336  0.043  0.043   59.898   62.388    0    0  (Gen:  0)
520671400   4840616 304577144  0.029  0.029   60.094   62.584    0    0  (Gen:  0)
520524168   4840392 307920768  0.010  0.010   60.258   62.748    0    0  (Gen:  0)
543193360   4841208 322859640  0.043  0.043   60.746   63.220    0    0  (Gen:  0)
524935712  17145152 324347816  0.028  0.028   60.940   63.414    0    0  (Gen:  0)
520480440   4393480 327124888  0.009  0.009   61.105   63.580    0    0  (Gen:  0)
542620496   4394264 338036136  0.030  0.030   61.536   63.998    0    0  (Gen:  0)
523883800   4394304 343971144  0.031  0.031   61.774   64.234    0    0  (Gen:  0)
520490704   4393512 346334712  0.017  0.017   61.951   64.412    0    0  (Gen:  0)
541627424   5917344 351092000  0.016  0.017   62.278   64.759    0    0  (Gen:  0)
526844664  16535384 363442280  0.037  0.037   62.609   65.055    0    0  (Gen:  0)
520441936  15946040 366149048  0.027  0.027   62.799   65.245    0    0  (Gen:  0)
535142936  15946832 370320416  0.015  0.015   63.083   65.558    0    0  (Gen:  0)
525339872  15946256 383270520  0.037  0.037   63.447   65.877    0    0  (Gen:  0)
520547720  15946160 385293008  0.026  0.026   63.638   66.068    0    0  (Gen:  0)
528896312  15946928 388561728  0.011  0.011   63.849   66.284    0    0  (Gen:  0)
527791360  16099584 402977544  0.038  0.038   64.284   66.699    0    0  (Gen:  0)
520606568  16099600 404919752  0.025  0.025   64.474   66.888    0    0  (Gen:  0)
528729400   5107256 408335520  0.011  0.011   64.644   67.050    0    0  (Gen:  0)
536257032  16412096 422920776  0.040  0.040   65.123   67.522    0    0  (Gen:  0)
520704432  16409104 424863472  0.026  0.026   65.314   67.714    0    0  (Gen:  0)
520595608  16408880 427661112  0.008  0.008   65.474   67.874    0    0  (Gen:  0)
532794936  16491392 442906960  0.042  0.042   65.964   68.346    0    0  (Gen:  0)
520679080  17650584 444805344  0.028  0.028   66.154   68.536    0    0  (Gen:  0)
520526640   4900848 447687720  0.009  0.009   66.317   68.699    0    0  (Gen:  0)
533638472   4901672 462911856  0.042  0.042   66.806   69.180    0    0  (Gen:  0)
522758888   4901128 464520152  0.027  0.027   67.002   69.377    0    0  (Gen:  0)
520528248   4900904 467824616  0.009  0.009   67.164   69.540    0    0  (Gen:  0)
537377424   4901712 483143448  0.041  0.041   67.643   70.002    0    0  (Gen:  0)
521001896   4906800 484270608  0.027  0.027   67.841   70.200    0    0  (Gen:  0)
520467792   4901000 486854384  0.009  0.009   68.006   70.365    0    0  (Gen:  0)
539078456   4901768 496570632  0.026  0.026   68.414   70.758    0    0  (Gen:  0)
524331784 207386976 243459376  0.315  0.315   68.951   71.293    0    0  (Gen:  1)
520470624   9776600 246037248  0.018  0.018   69.129   71.472    0    0  (Gen:  0)
535516912   9777424 250063936  0.015  0.015   69.432   71.805    0    0  (Gen:  0)
524964512   9776824 263220368  0.038  0.038   69.790   72.118    0    0  (Gen:  0)
520405272   9776728 265655280  0.028  0.028   69.986   72.314    0    0  (Gen:  0)
536216768   5395992 269645728  0.015  0.015   70.246   72.595    0    0  (Gen:  0)
525693920   5395440 283003192  0.038  0.038   70.632   72.944    0    0  (Gen:  0)
520556704   5395264 285032264  0.028  0.028   70.825   73.138    0    0  (Gen:  0)
532956848   5396048 287734024  0.011  0.011   71.021   73.332    0    0  (Gen:  0)
529623368  16187008 302762280  0.040  0.040   71.479   73.777    0    0  (Gen:  0)
520531968  15609616 304654424  0.027  0.027   71.673   73.972    0    0  (Gen:  0)
524185272  15610200 306587024  0.008  0.008   71.839   74.134    0    0  (Gen:  0)
537005720  15613200 322293936  0.042  0.042   72.368   75.945    0    0  (Gen:  0)
520728120  15609680 324264624  0.028  0.028   72.567   76.145    0    0  (Gen:  0)
520568408  15609456 327168928  0.009  0.009   72.730   76.309    0    0  (Gen:  0)
534769904  15610288 342349248  0.044  0.044   73.237   76.804    0    0  (Gen:  0)
520683176  15609744 344092304  0.030  0.030   73.438   77.004    0    0  (Gen:  0)
520507824  15609520 347264344  0.010  0.010   73.604   77.171    0    0  (Gen:  0)
532689776  15610336 362335744  0.043  0.043   74.100   77.651    0    0  (Gen:  0)
523675920  15609776 363876288  0.029  0.029   74.310   77.863    0    0  (Gen:  0)
520509008  15609520 366867520  0.009  0.009   74.478   78.032    0    0  (Gen:  0)
539625456  15610328 379817048  0.038  0.038   74.946   78.486    0    0  (Gen:  0)
522673744  15610720 383467512  0.031  0.031   75.157   78.696    0    0  (Gen:  0)
520451528  15609624 385708600  0.014  0.014   75.332   78.871    0    0  (Gen:  0)
543016960  15610376 392417744  0.020  0.020   75.745   79.268    0    0  (Gen:  0)
520525568  15614688 402830456  0.036  0.036   76.013   79.533    0    0  (Gen:  0)
520452968  15609608 405489992  0.023  0.023   76.205   79.726    0    0  (Gen:  0)
533551176  15610424 409318936  0.014  0.014   76.506   80.056    0    0  (Gen:  0)
523922920  15609856 422379552  0.037  0.038   76.867   80.374    0    0  (Gen:  0)
520390712  15609696 424346360  0.026  0.026   77.067   80.574    0    0  (Gen:  0)
534220008   5201440 428338816  0.013  0.014   77.308   80.831    0    0  (Gen:  0)
529356152  16121528 442057208  0.037  0.037   77.725   81.220    0    0  (Gen:  0)
520546872  15345600 444134648  0.025  0.025   77.918   81.412    0    0  (Gen:  0)
526854656   4173800 446478400  0.009  0.009   78.091   81.575    0    0  (Gen:  0)
535951160   4173264 462066128  0.040  0.040   78.573   82.052    0    0  (Gen:  0)
520531208   4173288 463912752  0.025  0.025   78.766   82.246    0    0  (Gen:  0)
523777384   2698160 464941216  0.005  0.006   78.926   82.406    0    0  (Gen:  0)
534047192  16294920 481885472  0.042  0.042   79.423   82.889    0    0  (Gen:  0)
520664672  17240800 483757680  0.032  0.036   79.633   83.104    0    0  (Gen:  0)
520552800 211790392 247865608  0.331  0.332   80.125   83.598    0    0  (Gen:  1)
536595984 211791224 262694600  0.042  0.043   80.647   84.153    0    0  (Gen:  0)
520674760 211790656 264467064  0.030  0.030   80.849   84.355    0    0  (Gen:  0)
520520808 211790432 267721000  0.010  0.010   81.017   84.523    0    0  (Gen:  0)
532888672 211791256 282816992  0.044  0.044   81.526   85.025    0    0  (Gen:  0)
520668992 211790816 284205088  0.029  0.029   81.728   85.227    0    0  (Gen:  0)
520484088 211790496 287100008  0.010  0.010   81.898   85.398    0    0  (Gen:  0)
539304968 211791304 298656472  0.035  0.035   82.346   85.832    0    0  (Gen:  0)
524495048  16568072 303691936  0.032  0.032   82.583   86.068    0    0  (Gen:  0)
520490912   8696280 306041800  0.016  0.016   82.762   86.247    0    0  (Gen:  0)
534591712   8697112 311050296  0.017  0.017   83.092   86.597    0    0  (Gen:  0)
524491848   8696600 323368368  0.038  0.038   83.425   86.893    0    0  (Gen:  0)
520426184   8696456 326155152  0.028  0.028   83.620   87.088    0    0  (Gen:  0)
538047112   8697240 330209328  0.015  0.015   83.911   87.408    0    0  (Gen:  0)
523168288   8696648 343098912  0.037  0.037   84.277   87.732    0    0  (Gen:  0)
520545288   8696528 345122088  0.026  0.026   84.476   87.931    0    0  (Gen:  0)
533480584   8697304 348511856  0.012  0.012   84.691   88.152    0    0  (Gen:  0)
531806696   8696808 362900024  0.038  0.038   85.124   88.562    0    0  (Gen:  0)
520530160   8696832 364822768  0.026  0.026   85.316   88.755    0    0  (Gen:  0)
522016472   8697400 368290496  0.012  0.012   85.488   88.918    0    0  (Gen:  0)
536314048   8699928 382980368  0.041  0.042   85.973   89.397    0    0  (Gen:  0)
520609944   8696872 384876408  0.027  0.028   86.169   89.593    0    0  (Gen:  0)
520590752   8696648 387679504  0.009  0.009   86.329   89.753    0    0  (Gen:  0)
533430896   8697488 402861880  0.043  0.043   86.835   90.244    0    0  (Gen:  0)
520675888   8696912 404556344  0.028  0.028   87.030   90.440    0    0  (Gen:  0)
520531016   8696688 407647264  0.009  0.009   87.191   90.601    0    0  (Gen:  0)
533373776   8697512 422844416  0.043  0.043   87.688   91.083    0    0  (Gen:  0)
521154704  17396168 424482248  0.027  0.027   87.879   91.274    0    0  (Gen:  0)
520526280   5114232 427787424  0.010  0.010   88.050   91.447    0    0  (Gen:  0)
536997632   5115032 442750784  0.042  0.042   88.544   91.926    0    0  (Gen:  0)
520640888   5117784 444155544  0.028  0.028   88.744   92.126    0    0  (Gen:  0)
520466936   5114296 446500344  0.009  0.009   88.910   92.292    0    0  (Gen:  0)
537131856   5115104 455660904  0.024  0.024   89.331   92.707    0    0  (Gen:  0)
525192880   5120752 463561800  0.033  0.033   89.588   92.963    0    0  (Gen:  0)
520450800   5114368 466115872  0.018  0.018   89.771   93.146    0    0  (Gen:  0)
535791928   5115192 470094680  0.014  0.014   90.070   93.474    0    0  (Gen:  0)
523423320   5114584 483253512  0.040  0.040   90.430   93.789    0    0  (Gen:  0)
520401752   5114424 485547496  0.026  0.026   90.624   93.984    0    0  (Gen:  0)
539616240   5115216 489640072  0.014  0.014   90.886   94.266    0    0  (Gen:  0)
526123328   5114624 503061032  0.037  0.037   91.279   94.623    0    0  (Gen:  0)
520550424   5113568 245303800  0.307  0.308   91.752   95.097    0    0  (Gen:  1)
532468216   5114352 248159024  0.010  0.010   91.946   95.288    0    0  (Gen:  0)
530607664   5113824 263320232  0.039  0.040   92.399   95.729    0    0  (Gen:  0)
520533456   5113912 265213344  0.028  0.028   92.601   95.931    0    0  (Gen:  0)
524807360   5114488 267208880  0.008  0.008   92.770   96.096    0    0  (Gen:  0)
536788872   5117528 283225632  0.042  0.042   93.259   96.574    0    0  (Gen:  0)
520676880   5113984 284995320  0.029  0.029   93.457   96.773    0    0  (Gen:  0)
520563024   5113760 288082208  0.009  0.009   93.621   96.936    0    0  (Gen:  0)
533225144   5114592 303138872  0.043  0.043   94.116   97.415    0    0  (Gen:  0)
520693336   5114048 304878392  0.029  0.029   94.314   97.613    0    0  (Gen:  0)
520509872   5113824 308041688  0.010  0.010   94.482   97.782    0    0  (Gen:  0)
537413096   5114640 323111280  0.043  0.043   94.975   98.257    0    0  (Gen:  0)
520668760   5114184 324759376  0.029  0.029   95.170   98.453    0    0  (Gen:  0)
520510360   5113928 327924056  0.010  0.010   95.338   98.620    0    0  (Gen:  0)
536794608   5114720 340443424  0.042  0.042   95.803   99.070    0    0  (Gen:  0)
525835712  16887728 344460784  0.032  0.032   96.018   99.285    0    0  (Gen:  0)
520457728   8192448 346491624  0.015  0.015   96.195   99.462    0    0  (Gen:  0)
544108488   7850840 353933584  0.021  0.021   96.599   99.852    0    0  (Gen:  0)
525890512   7857488 363732680  0.035  0.035   96.862  100.113    0    0  (Gen:  0)
520451064   7850128 366287792  0.022  0.022   97.051  100.301    0    0  (Gen:  0)
538996536   5347296 370309816  0.014  0.014   97.349  100.628    0    0  (Gen:  0)
528992360   5346688 383356952  0.038  0.038   97.712  100.948    0    0  (Gen:  0)
520401584   5346528 385828688  0.027  0.027   97.907  101.143    0    0  (Gen:  0)
538518920   5347312 389794192  0.015  0.015   98.170  101.428    0    0  (Gen:  0)
528232400   5346728 403118824  0.037  0.037   98.571  101.794    0    0  (Gen:  0)
520553376   5346552 405077200  0.026  0.026   98.765  101.988    0    0  (Gen:  0)
531893920   5347344 407875944  0.010  0.010   98.961  102.182    0    0  (Gen:  0)
529491992   5346800 422871392  0.039  0.039   99.415  102.623    0    0  (Gen:  0)
520533368   5346848 424758400  0.028  0.028   99.613  102.822    0    0  (Gen:  0)
524441928   5347416 426842736  0.008  0.008   99.780  102.985    0    0  (Gen:  0)
532725608  16435896 442896344  0.041  0.041  100.265  103.459    0    0  (Gen:  0)
520671472  16869320 444667584  0.027  0.027  100.458  103.651    0    0  (Gen:  0)
520561432   4809520 447558728  0.009  0.009  100.618  103.812    0    0  (Gen:  0)
533071320   4810352 462877336  0.043  0.043  101.116  104.293    0    0  (Gen:  0)
520703928   4809832 464596728  0.028  0.028  101.309  104.486    0    0  (Gen:  0)
520500352   4809648 467771440  0.009  0.009  101.473  104.650    0    0  (Gen:  0)
121237448 196462968 232607256  0.287  0.287  101.796  105.651    0    0  (Gen:  1)
   108608  11359272  18813520  0.017  0.037  101.814  105.827    0    0  (Gen:  1)
     2440                      0.000  0.000

 176,813,813,376 bytes allocated in the heap
   6,066,010,568 bytes copied during GC
     247,865,608 bytes maximum residency (13 sample(s))
       3,530,488 bytes maximum slop
             236 MB total memory in use (0 MB lost due to fragmentation)

                                     Tot time (elapsed)  Avg pause  Max pause
  Gen  0       324 colls,     0 par    9.039s   9.116s     0.0281s    0.2052s
  Gen  1        13 colls,     0 par    3.454s   3.639s     0.2799s    0.3849s

  TASKS: 21 (1 bound, 20 peak workers (20 total), using -N4)

  SPARKS: 0 (0 converted, 0 overflowed, 0 dud, 0 GC'd, 0 fizzled)

  INIT    time    0.001s  (  0.006s elapsed)
  MUT     time   89.319s  ( 93.066s elapsed)
  GC      time   12.494s  ( 12.755s elapsed)
  EXIT    time    0.000s  (  0.012s elapsed)
  Total   time  101.814s  (105.839s elapsed)

  Alloc rate    1,979,582,907 bytes per MUT second

  Productivity  87.7% of total user, 87.9% of total elapsed

