bench-hist/spaceleaks_hashable/ghcide --lsp --cwd bench/example/Cabal-3.0.0.0 +RTS -I0 -qg -A128M -Scode_actions_after_edit.benchmark-gcStats -I0.5 
    Alloc    Copied     Live     GC     GC      TOT      TOT  Page Flts
    bytes     bytes     bytes   user   elap     user     elap
556063768  11094864  14672712  0.032  0.036    0.747    6.410    0    0  (Gen:  0)
547546232  11099184  21703056  0.047  0.056    1.149    7.206    0    0  (Gen:  1)
536991304  11097824  28111440  0.022  0.023    1.495    7.812    0    0  (Gen:  0)
529919800  11096976  35444144  0.026  0.027    2.243    8.292    0    0  (Gen:  0)
546860736  11100048 109477856  0.147  0.165    3.291    8.912    0    0  (Gen:  0)
528405176 110463080 137291192  0.228  0.257    3.886    9.315    0    0  (Gen:  1)
529006176  60545456 168589368  0.119  0.120    4.419    9.579    0    0  (Gen:  0)
537296616  60554792 206002184  0.120  0.127    5.044    9.868    0    0  (Gen:  0)
543336696  60549272 217585832  0.097  0.106    5.784   10.150    0    0  (Gen:  0)
544508832  31820016 232778552  0.071  0.071    6.477   10.390    0    0  (Gen:  0)
540203912  31814224 227049624  0.374  0.424    7.370   10.962    0    0  (Gen:  1)
541453600  31812648 224771936  0.043  0.043    7.964   11.154    0    0  (Gen:  0)
535425688  31812048 248289856  0.101  0.101    8.536   11.619    0    0  (Gen:  0)
542225552  31865168 240515968  0.044  0.044    9.034   11.999    0    0  (Gen:  0)
539665400  30471328 261054808  0.072  0.072    9.688   12.229    0    0  (Gen:  0)
534750792  30461320 276937416  0.082  0.082   10.291   12.446    0    0  (Gen:  0)
532953248  30461672 277094032  0.068  0.068   10.881   12.690    0    0  (Gen:  0)
531450512  30772216 282767904  0.070  0.070   11.414   12.920    0    0  (Gen:  0)
536220576  30771728 286528736  0.052  0.053   11.949   13.249    0    0  (Gen:  0)
531367200  30772432 292869336  0.054  0.054   12.431   13.582    0    0  (Gen:  0)
563464672  30770872 310727296  0.073  0.073   13.051   14.089    0    0  (Gen:  0)
566819936  30772920 336951344  0.087  0.087   13.728   14.691    0    0  (Gen:  0)
581690336  42110952 352446952  0.079  0.080   14.324   15.156    0    0  (Gen:  0)
556376888  21733424 354620904  0.045  0.045   14.901   15.706    0    0  (Gen:  0)
544151920  21733440 354132888  0.036  0.036   15.505   16.225    0    0  (Gen:  0)
550997088  21737216 358386144  0.043  0.043   16.142   16.800    0    0  (Gen:  0)
555592240  21733480 355570800  0.039  0.039   16.721   17.345    0    0  (Gen:  0)
543172824  21733480 353228864  0.033  0.033   17.348   17.898    0    0  (Gen:  0)
555597176  14816440 356052264  0.039  0.039   17.923   18.438    0    0  (Gen:  0)
545419928  14207544 355039544  0.038  0.038   18.513   18.947    0    0  (Gen:  0)
546730224  14207544 363099792  0.053  0.053   19.185   19.559    0    0  (Gen:  0)
555943488  14207568 357252064  0.039  0.039   19.755   20.102    0    0  (Gen:  0)
539139488  14207608 356542288  0.036  0.036   20.365   20.624    0    0  (Gen:  0)
554975040  14210608 360546048  0.043  0.043   21.013   21.206    0    0  (Gen:  0)
546010104  14207728 357360192  0.037  0.037   21.573   21.719    0    0  (Gen:  0)
550793432  14207736 363858824  0.048  0.048   22.248   22.336    0    0  (Gen:  0)
547689064  14207752 359234288  0.037  0.037   22.818   22.866    0    0  (Gen:  0)
547432760  14207800 367464696  0.055  0.055   23.489   23.471    0    0  (Gen:  0)
556297192  14207816 361314120  0.039  0.039   24.076   24.028    0    0  (Gen:  0)
547388632  14207856 369972248  0.060  0.060   24.745   24.622    0    0  (Gen:  0)
552175968  14890968 363219440  0.040  0.040   25.336   25.187    0    0  (Gen:  0)
538909736  14890960 371339888  0.059  0.059   25.994   25.764    0    0  (Gen:  0)
555113176  14478728 364439816  0.038  0.038   26.583   26.326    0    0  (Gen:  0)
539571352  14478720 372943776  0.061  0.061   27.243   26.907    0    0  (Gen:  0)
553927120  14478744 366044024  0.039  0.039   27.843   27.478    0    0  (Gen:  0)
536078872  14478760 374571880  0.058  0.058   28.498   28.053    0    0  (Gen:  0)
555171608  14478832 367644176  0.039  0.039   29.096   28.626    0    0  (Gen:  0)
536284240  14478848 376143704  0.059  0.059   29.749   29.200    0    0  (Gen:  0)
554901672  14478864 369649608  0.040  0.040   30.345   29.770    0    0  (Gen:  0)
538602760  22886040 377883144  0.058  0.058   30.996   30.340    0    0  (Gen:  0)
558830712  22886064 371263824  0.040  0.040   31.601   30.917    0    0  (Gen:  0)
540937552  22886088 379402512  0.058  0.058   32.258   31.497    0    0  (Gen:  0)
551984400  14707904 372607416  0.039  0.039   32.856   32.062    0    0  (Gen:  0)
544895392  14707928 381139808  0.058  0.058   33.534   32.662    0    0  (Gen:  0)
548210928  14707944 373872280  0.039  0.039   34.110   33.204    0    0  (Gen:  0)
549593088  22126032 381925448  0.060  0.060   34.832   35.217    0    0  (Gen:  0)
553208672  22126072 375207104  0.038  0.038   35.427   35.778    0    0  (Gen:  0)
543905936  22126072 381625928  0.050  0.050   36.111   36.398    0    0  (Gen:  0)
546461688  14135096 376658824  0.038  0.038   36.697   36.935    0    0  (Gen:  0)
551669600  14135096 381144944  0.044  0.044   37.394   37.577    0    0  (Gen:  0)
544114160  14135160 379239520  0.040  0.041   37.996   38.134    0    0  (Gen:  0)
556222032  14627784 379397920  0.039  0.039   38.655   38.752    0    0  (Gen:  0)
545057744  14623624 378942648  0.035  0.035   39.284   39.324    0    0  (Gen:  0)
552766520  14626440 380571024  0.040  0.040   39.888   39.904    0    0  (Gen:  0)
538915144  14623640 389261360  0.063  0.063   40.589   40.526    0    0  (Gen:  0)
557317016  14623800 382401464  0.039  0.039   41.197   41.109    0    0  (Gen:  0)
540710704  14623808 390893512  0.062  0.062   41.882   41.714    0    0  (Gen:  0)
550357616  14623904 383951968  0.039  0.039   42.477   42.275    0    0  (Gen:  0)
546658896  14624016 391422640  0.054  0.054   43.168   42.893    0    0  (Gen:  0)
547762120  14624040 384955008  0.039  0.039   43.766   43.448    0    0  (Gen:  0)
553171152  14624072 389354344  0.046  0.046   44.476   44.118    0    0  (Gen:  0)
546369688  14624088 386484536  0.037  0.037   45.084   44.682    0    0  (Gen:  0)
549975200  14627776 387533760  0.039  0.040   45.708   45.300    0    0  (Gen:  0)
543348568  14624136 396410256  0.061  0.061   46.415   45.931    0    0  (Gen:  0)
556070848  14624216 389804664  0.040  0.040   47.021   46.508    0    0  (Gen:  0)
540089880  14624224 397893200  0.058  0.058   47.686   47.094    0    0  (Gen:  0)
549319408  14624288 390445992  0.040  0.040   48.277   47.639    0    0  (Gen:  0)
551798248  14624304 395304832  0.046  0.046   48.968   48.286    0    0  (Gen:  0)
545485440  13761976 391723520  0.037  0.037   49.589   48.866    0    0  (Gen:  0)
549219504  13765632 392918544  0.039  0.040   50.186   49.441    0    0  (Gen:  0)
537591256  13762032 401812184  0.064  0.064   50.884   50.062    0    0  (Gen:  0)
548379816  14494088 394697192  0.040  0.040   51.485   50.630    0    0  (Gen:  0)
544504824  14494088 400782544  0.050  0.050   52.157   51.232    0    0  (Gen:  0)
542842664  14494136 395979184  0.038  0.038   52.764   51.795    0    0  (Gen:  0)
547364504  14667624 396744120  0.039  0.039   53.380   52.400    0    0  (Gen:  0)
538522608  22852480 405869288  0.064  0.064   54.077   53.017    0    0  (Gen:  0)
555569312  14500560 398736352  0.040  0.040   54.676   53.581    0    0  (Gen:  0)
548204504  14500552 404800376  0.050  0.051   55.354   54.189    0    0  (Gen:  0)
273909384 224819664 267456656  0.412  0.469   56.095   55.637    0    0  (Gen:  1)
   104112  12316512  20742264  0.017  0.037   56.112   55.675    0    0  (Gen:  1)
     1368                      0.000  0.000

  48,373,492,960 bytes allocated in the heap
   2,063,612,504 bytes copied during GC
     267,456,656 bytes maximum residency (5 sample(s))
       4,300,648 bytes maximum slop
             255 MB total memory in use (0 MB lost due to fragmentation)

                                     Tot time (elapsed)  Avg pause  Max pause
  Gen  0        85 colls,     0 par    4.414s   4.464s     0.0525s    0.1651s
  Gen  1         5 colls,     0 par    1.078s   1.243s     0.2486s    0.4689s

  TASKS: 21 (1 bound, 20 peak workers (20 total), using -N4)

  SPARKS: 0 (0 converted, 0 overflowed, 0 dud, 0 GC'd, 0 fizzled)

  INIT    time    0.001s  (  0.006s elapsed)
  MUT     time   50.618s  ( 49.962s elapsed)
  GC      time    5.493s  (  5.707s elapsed)
  EXIT    time    0.000s  (  0.011s elapsed)
  Total   time   56.112s  ( 55.685s elapsed)

  Alloc rate    955,662,703 bytes per MUT second

  Productivity  90.2% of total user, 89.7% of total elapsed

