bench-hist/spaceleaks_hashable/ghcide --lsp --cwd bench/example/Cabal-3.0.0.0 +RTS -I0 -qg -A128M -Sedit.benchmark-gcStats -I0.5 
    Alloc    Copied     Live     GC     GC      TOT      TOT  Page Flts
    bytes     bytes     bytes   user   elap     user     elap
176664776   7447936   9088808  0.041  0.049    0.377    6.620    0    0  (Gen:  1)
554001416   7452496  16995456  0.028  0.032    0.930    7.559    0    0  (Gen:  0)
549188968   7453048  22496080  0.041  0.044    1.314    8.434    0    0  (Gen:  1)
539794384   7451360  29213688  0.024  0.025    1.667    8.945    0    0  (Gen:  0)
525628016   7449896  37292856  0.029  0.031    2.638    9.505    0    0  (Gen:  0)
548077856   7453960 122309912  0.182  0.206    3.539   10.037    0    0  (Gen:  0)
527895616 122428584 150113352  0.269  0.304    4.177   10.473    0    0  (Gen:  1)
528321560 122424448 169547520  0.099  0.100    4.685   10.711    0    0  (Gen:  0)
547031544 122457400 211428064  0.120  0.123    5.477   11.031    0    0  (Gen:  0)
546976360 122424184 225768024  0.095  0.101    6.162   11.292    0    0  (Gen:  0)
546754968 122421824 224554400  0.051  0.051    6.787   11.494    0    0  (Gen:  0)
533791312  25617968 235068336  0.057  0.057    7.380   11.692    0    0  (Gen:  0)
545526592  21104928 233870616  0.045  0.046    7.978   11.911    0    0  (Gen:  0)
520385456  21106472 260286328  0.095  0.095    8.503   12.438    0    0  (Gen:  0)
544260360 194846704 229596704  0.407  0.463    9.475   13.210    0    0  (Gen:  1)
540805072 194845448 245783648  0.075  0.075   10.096   13.434    0    0  (Gen:  0)
536088768 194845512 259950768  0.094  0.095   10.782   13.683    0    0  (Gen:  0)
530836656  47765192 274591528  0.107  0.107   11.376   13.916    0    0  (Gen:  0)
535125944  27099344 270725728  0.063  0.064   11.947   14.130    0    0  (Gen:  0)
527974240  27100176 268437664  0.042  0.042   12.446   14.540    0    0  (Gen:  0)
536822896  27099800 277806408  0.052  0.052   12.907   14.907    0    0  (Gen:  0)
565490744  27103040 300176512  0.081  0.081   13.582   15.472    0    0  (Gen:  0)
531450040  27098728 299221864  0.043  0.043   14.254   16.080    0    0  (Gen:  0)
534929440  27102272 305203256  0.046  0.046   14.921   16.686    0    0  (Gen:  0)
534251848  13650296 301135544  0.037  0.037   15.534   17.279    0    0  (Gen:  0)
535934208  13650336 300431688  0.036  0.036   16.156   17.814    0    0  (Gen:  0)
533679584  21533720 309176056  0.054  0.054   16.863   18.470    0    0  (Gen:  0)
533731216  13857368 303152992  0.036  0.036   17.452   19.009    0    0  (Gen:  0)
537826288  13857432 303157728  0.036  0.036   18.057   19.570    0    0  (Gen:  0)
532826088  13857448 303213208  0.036  0.036   18.649   20.077    0    0  (Gen:  0)
534879256  13859344 309894728  0.050  0.050   19.310   20.679    0    0  (Gen:  0)
534240736  13893008 304312104  0.036  0.036   19.865   21.208    0    0  (Gen:  0)
536190336  13893008 303756992  0.034  0.034   20.494   21.762    0    0  (Gen:  0)
531404704  13893056 302748432  0.031  0.031   21.111   22.311    0    0  (Gen:  0)
535927528  13895784 308466624  0.046  0.046   21.745   22.881    0    0  (Gen:  0)
536333528  13893120 304620960  0.035  0.035   22.322   23.432    0    0  (Gen:  0)
535623280  13893176 303816304  0.034  0.034   22.914   23.938    0    0  (Gen:  0)
531513656  13893200 312727504  0.052  0.052   23.590   24.556    0    0  (Gen:  0)
540344944  13893200 306552368  0.038  0.038   24.193   25.108    0    0  (Gen:  0)
536332752  13893224 306654416  0.037  0.037   24.795   25.673    0    0  (Gen:  0)
527731424  14094736 306589456  0.035  0.036   25.385   26.175    0    0  (Gen:  0)
537983256  14098952 313427664  0.050  0.050   26.048   26.781    0    0  (Gen:  0)
531713088  13893696 307704136  0.036  0.036   26.601   27.304    0    0  (Gen:  0)
533228152  13893696 307136488  0.036  0.036   27.221   27.846    0    0  (Gen:  0)
533172688  12209768 305903496  0.031  0.031   27.851   28.408    0    0  (Gen:  0)
537773368  12213120 311545256  0.047  0.047   28.491   28.982    0    0  (Gen:  0)
533294808  13669296 308010192  0.036  0.036   29.076   29.541    0    0  (Gen:  0)
533882200  13669360 307119392  0.034  0.034   29.666   30.041    0    0  (Gen:  0)
532814160  22170376 316579992  0.055  0.055   30.344   30.662    0    0  (Gen:  0)
532395304  22170440 310139776  0.037  0.037   30.923   31.202    0    0  (Gen:  0)
537938064  13875808 309693512  0.037  0.037   31.544   31.767    0    0  (Gen:  0)
534754096  13875832 309711336  0.036  0.036   32.149   32.288    0    0  (Gen:  0)
535848152  20078568 316100752  0.049  0.049   32.805   32.885    0    0  (Gen:  0)
532706496  20074288 310893600  0.036  0.036   33.371   33.423    0    0  (Gen:  0)
535763112  20074296 310216768  0.035  0.035   33.986   33.957    0    0  (Gen:  0)
531600496  20074344 308859216  0.031  0.031   34.624   34.527    0    0  (Gen:  0)
536521448  20074568 314526792  0.043  0.043   35.252   35.089    0    0  (Gen:  0)
538218144  13667392 311006640  0.036  0.036   35.836   35.647    0    0  (Gen:  0)
530580144  13667456 310157224  0.034  0.034   36.432   36.155    0    0  (Gen:  0)
530965880  21811328 319285696  0.054  0.054   37.106   36.771    0    0  (Gen:  0)
534763760  21811368 313354512  0.038  0.038   37.686   37.314    0    0  (Gen:  0)
537276784  21811368 312716632  0.037  0.037   38.311   37.877    0    0  (Gen:  0)
531232024  21811408 312315904  0.035  0.035   38.925   38.409    0    0  (Gen:  0)
533079968  21815392 318563832  0.047  0.047   39.570   38.993    0    0  (Gen:  0)
534547056  21811480 313656016  0.037  0.037   40.146   39.545    0    0  (Gen:  0)
537004608  21811512 312943224  0.035  0.035   40.761   40.075    0    0  (Gen:  0)
535589840  21811552 311728968  0.031  0.031   41.406   40.658    0    0  (Gen:  0)
537783072  21814480 317470656  0.042  0.042   42.046   41.231    0    0  (Gen:  0)
534778920  21811688 313844784  0.036  0.036   42.631   41.788    0    0  (Gen:  0)
533972992  21811688 312998088  0.034  0.034   43.223   42.293    0    0  (Gen:  0)
534407152  21811752 322175152  0.055  0.055   43.897   42.909    0    0  (Gen:  0)
536713744  21811744 315885040  0.037  0.037   44.490   43.460    0    0  (Gen:  0)
536275112  21811784 315623984  0.037  0.037   45.106   44.014    0    0  (Gen:  0)
528245624  21811792 315146544  0.035  0.035   45.713   44.537    0    0  (Gen:  0)
533832928  19467936 321400760  0.049  0.049   46.363   45.123    0    0  (Gen:  0)
534233472  19465056 316566880  0.036  0.036   46.940   45.674    0    0  (Gen:  0)
537053888  19465128 315819464  0.035  0.035   47.557   46.208    0    0  (Gen:  0)
533347920  11766328 314425624  0.031  0.031   48.200   46.787    0    0  (Gen:  0)
534308000  11766344 317172808  0.037  0.037   48.830   47.348    0    0  (Gen:  0)
384538688 202607944 238185624  0.335  0.351   49.575   48.749    0    0  (Gen:  1)
   104856  11151320  18278336  0.015  0.032   49.591   48.856    0    0  (Gen:  1)
     1368                      0.000  0.000

  42,356,839,192 bytes allocated in the heap
   2,679,323,824 bytes copied during GC
     238,185,624 bytes maximum residency (6 sample(s))
       4,354,528 bytes maximum slop
             227 MB total memory in use (0 MB lost due to fragmentation)

                                     Tot time (elapsed)  Avg pause  Max pause
  Gen  0        75 colls,     0 par    3.564s   3.614s     0.0482s    0.2058s
  Gen  1         6 colls,     0 par    1.108s   1.244s     0.2073s    0.4631s

  TASKS: 21 (1 bound, 20 peak workers (20 total), using -N4)

  SPARKS: 0 (0 converted, 0 overflowed, 0 dud, 0 GC'd, 0 fizzled)

  INIT    time    0.001s  (  0.006s elapsed)
  MUT     time   44.917s  ( 43.992s elapsed)
  GC      time    4.672s  (  4.858s elapsed)
  EXIT    time    0.000s  (  0.010s elapsed)
  Total   time   49.591s  ( 48.865s elapsed)

  Alloc rate    942,999,532 bytes per MUT second

  Productivity  90.6% of total user, 90.0% of total elapsed

