bench-hist/spaceleaks_hashable/ghcide --lsp --cwd bench/example/Cabal-3.0.0.0 +RTS -I0 -qg -A128M -SgetDefinition.benchmark-gcStats -I0.5 
    Alloc    Copied     Live     GC     GC      TOT      TOT  Page Flts
    bytes     bytes     bytes   user   elap     user     elap
557548192      2160  14644816  0.033  0.036    0.752    6.482    0    0  (Gen:  0)
548434936      6504  21868696  0.048  0.057    1.156    7.288    0    0  (Gen:  1)
538914752   9367848  28228544  0.022  0.023    1.504    7.895    0    0  (Gen:  0)
532921088   9366984  35710048  0.027  0.028    2.262    8.373    0    0  (Gen:  0)
548356256   9370112 111150512  0.152  0.171    3.272    8.961    0    0  (Gen:  0)
524877776   9384824 140192648  0.236  0.268    3.877    9.366    0    0  (Gen:  1)
530534064   9373264 173387192  0.126  0.128    4.363    9.599    0    0  (Gen:  0)
536174384  58001840 205006808  0.120  0.128    5.086    9.936    0    0  (Gen:  0)
544177152  57994672 218660256  0.086  0.093    5.772   10.188    0    0  (Gen:  0)
547139160  57988632 217245032  0.348  0.395    6.677   10.770    0    0  (Gen:  1)
537451368  57985472 232540880  0.084  0.084    7.265   10.997    0    0  (Gen:  0)
538419440  27389880 232159104  0.061  0.062    7.898   11.212    0    0  (Gen:  0)
534987312  33883632 243818288  0.078  0.078    8.445   11.658    0    0  (Gen:  0)
532128784  33936848 245162480  0.051  0.051    8.941   12.030    0    0  (Gen:  0)
545027560  28155272 260045480  0.065  0.065    9.565   12.241    0    0  (Gen:  0)
542360952  28161416 270338040  0.071  0.071   10.223   12.466    0    0  (Gen:  0)
528483880  39600256 288005520  0.095  0.095   10.853   12.698    0    0  (Gen:  0)
537713288  39601440 286497184  0.066  0.066   11.391   12.922    0    0  (Gen:  0)
534090120  19069136 290313520  0.052  0.052   11.932   13.252    0    0  (Gen:  0)
532074792  22060184 295259752  0.051  0.051   12.407   13.579    0    0  (Gen:  0)
566084440  38457208 316402112  0.078  0.078   13.032   14.085    0    0  (Gen:  0)
544607096  38458168 322610488  0.052  0.052   13.446   14.470    0    0  (Gen:  0)
520696040  38456624 324877952  0.018  0.018   13.621   14.645    0    0  (Gen:  0)
526159440  38457336 328264592  0.012  0.012   13.874   14.908    0    0  (Gen:  0)
531150112  38456816 329162128  0.009  0.009   14.660   15.591    0    0  (Gen:  0)
527374608  38456840 328770920  0.008  0.008   15.474   16.297    0    0  (Gen:  0)
533474376  38456856 328775816  0.008  0.008   16.287   17.001    0    0  (Gen:  0)
533005352  38456888 328915168  0.008  0.008   17.093   17.695    0    0  (Gen:  0)
534610560  38456944 328941992  0.008  0.008   17.903   18.394    0    0  (Gen:  0)
537566056  38456976 329094904  0.008  0.008   18.711   19.090    0    0  (Gen:  0)
533899208  38456984 328959688  0.008  0.008   19.514   19.782    0    0  (Gen:  0)
532610928  38457008 328768440  0.007  0.008   20.316   20.469    0    0  (Gen:  0)
534793064  38457088 328610968  0.008  0.008   21.122   21.161    0    0  (Gen:  0)
530442960   2643232 329522560  0.009  0.009   21.911   21.844    0    0  (Gen:  0)
530352128   2780864 329691816  0.010  0.010   22.696   22.539    0    0  (Gen:  0)
530372632   2780992 329533064  0.008  0.008   23.498   23.237    0    0  (Gen:  0)
532346200   2511712 329331024  0.009  0.009   24.301   23.937    0    0  (Gen:  0)
530147584   2511728 329338152  0.008  0.008   25.115   24.641    0    0  (Gen:  0)
531256160   2511800 329454592  0.008  0.008   25.925   25.340    0    0  (Gen:  0)
537282104   2389712 329348152  0.008  0.008   26.743   26.048    0    0  (Gen:  0)
535622056   2391032 329332000  0.008  0.008   27.559   26.750    0    0  (Gen:  0)
533622952   2391040 329409440  0.008  0.008   28.368   27.447    0    0  (Gen:  0)
535305696   2391120 329440192  0.008  0.008   29.178   28.141    0    0  (Gen:  0)
538099216   2391256 329349696  0.008  0.008   29.989   28.840    0    0  (Gen:  0)
535543760   2391272 329285680  0.008  0.008   30.800   29.536    0    0  (Gen:  0)
534273000   2391384 330219544  0.009  0.009   31.609   30.235    0    0  (Gen:  0)
534973384   2683936 330265224  0.010  0.010   32.404   30.933    0    0  (Gen:  0)
531668336   3141200 330746552  0.011  0.011   33.195   31.638    0    0  (Gen:  0)
534960720   3141256 329978584  0.010  0.010   34.010   32.346    0    0  (Gen:  0)
 35918184 208730840 244558432  0.350  0.381   34.451   33.444    0    0  (Gen:  1)
   100280  11156944  18329528  0.016  0.033   34.467   33.533    0    0  (Gen:  1)
     1584                      0.000  0.000

  26,300,135,472 bytes allocated in the heap
   1,311,973,432 bytes copied during GC
     244,558,432 bytes maximum residency (5 sample(s))
       4,237,976 bytes maximum slop
             233 MB total memory in use (0 MB lost due to fragmentation)

                                     Tot time (elapsed)  Avg pause  Max pause
  Gen  0        46 colls,     0 par    1.614s   1.657s     0.0360s    0.1714s
  Gen  1         5 colls,     0 par    0.998s   1.134s     0.2268s    0.3949s

  TASKS: 21 (1 bound, 20 peak workers (20 total), using -N4)

  SPARKS: 0 (0 converted, 0 overflowed, 0 dud, 0 GC'd, 0 fizzled)

  INIT    time    0.001s  (  0.006s elapsed)
  MUT     time   31.854s  ( 30.736s elapsed)
  GC      time    2.612s  (  2.791s elapsed)
  EXIT    time    0.000s  (  0.005s elapsed)
  Total   time   34.467s  ( 33.538s elapsed)

  Alloc rate    825,656,042 bytes per MUT second

  Productivity  92.4% of total user, 91.6% of total elapsed

