bench-hist/spaceleaks_hashable/ghcide --lsp --cwd bench/example/Cabal-3.0.0.0 +RTS -I0 -qg -A128M -Shover_after_edit.benchmark-gcStats -I0.5 
    Alloc    Copied     Live     GC     GC      TOT      TOT  Page Flts
    bytes     bytes     bytes   user   elap     user     elap
561357144      2160  14804288  0.033  0.036    0.755    6.496    0    0  (Gen:  0)
547309896      6536  21917992  0.049  0.058    1.159    7.326    0    0  (Gen:  1)
541903048      5120  28237648  0.022  0.023    1.510    7.910    0    0  (Gen:  0)
530762032      4232  35829400  0.028  0.030    2.271    8.401    0    0  (Gen:  0)
549727984      7176 106682840  0.143  0.160    3.265    9.004    0    0  (Gen:  0)
525262856 111518400 138747912  0.235  0.266    3.908    9.407    0    0  (Gen:  1)
526988328  64878744 171475000  0.127  0.128    4.403    9.651    0    0  (Gen:  0)
539469048  64904840 214368936  0.137  0.147    5.144    9.987    0    0  (Gen:  0)
547279552  64879312 218480144  0.082  0.087    5.808   10.227    0    0  (Gen:  0)
543172816 183803888 216968296  0.351  0.394    6.744   10.798    0    0  (Gen:  1)
542441128 183800792 216323760  0.048  0.048    7.288   11.003    0    0  (Gen:  0)
544853248 183811608 227804488  0.062  0.062    7.894   11.212    0    0  (Gen:  0)
526901056  37661840 245950952  0.095  0.095    8.478   11.669    0    0  (Gen:  0)
539267256  37660200 238650608  0.045  0.045    8.978   12.053    0    0  (Gen:  0)
545930632  35620800 260297496  0.083  0.083    9.631   12.286    0    0  (Gen:  0)
539380560  35600024 267921024  0.072  0.073   10.277   12.509    0    0  (Gen:  0)
529683200  35602040 288200112  0.102  0.103   10.919   12.750    0    0  (Gen:  0)
532357576  35596064 279234032  0.032  0.032   11.443   12.923    0    0  (Gen:  0)
536839184  35605304 285847632  0.051  0.051   11.983   13.209    0    0  (Gen:  0)
530875576  24172160 296698432  0.054  0.054   12.463   13.541    0    0  (Gen:  0)
565860448  36837672 314989424  0.075  0.075   13.079   14.036    0    0  (Gen:  0)
537593056  36837848 322332352  0.057  0.057   13.593   14.514    0    0  (Gen:  0)
520786056  17497984 324524112  0.035  0.035   13.788   14.708    0    0  (Gen:  0)
520606112   5109048 327633008  0.009  0.009   13.939   14.860    0    0  (Gen:  0)
534135648   5109744 341868536  0.042  0.042   14.391   15.279    0    0  (Gen:  0)
520773784   5109192 343659040  0.026  0.027   14.573   15.461    0    0  (Gen:  0)
520564960   5108984 346924216  0.009  0.009   14.726   15.614    0    0  (Gen:  0)
533238184  16481848 361130512  0.039  0.039   15.173   16.027    0    0  (Gen:  0)
520714408  17271464 362772672  0.026  0.027   15.354   16.207    0    0  (Gen:  0)
520597472   5106688 366089456  0.009  0.009   15.511   16.365    0    0  (Gen:  0)
533489552   5107512 380347064  0.043  0.043   15.964   16.785    0    0  (Gen:  0)
520703888   5107040 381934776  0.026  0.026   16.146   16.967    0    0  (Gen:  0)
520570976   5106832 385317368  0.009  0.009   16.300   17.121    0    0  (Gen:  0)
533383160  16520984 399390736  0.040  0.042   16.747   17.535    0    0  (Gen:  0)
520746064  16520512 400957024  0.026  0.026   16.926   17.715    0    0  (Gen:  0)
520556216  16519816 260605400  0.418  0.473   17.491   18.335    0    0  (Gen:  1)
533649448  16520640 275237688  0.040  0.040   17.935   18.746    0    0  (Gen:  0)
521036848  16520616 276680960  0.027  0.027   18.123   18.934    0    0  (Gen:  0)
520525912  16519952 279371768  0.008  0.008   18.281   19.092    0    0  (Gen:  0)
541810000  16520752 294487640  0.039  0.039   18.717   19.494    0    0  (Gen:  0)
520657240  16525632 295828928  0.028  0.028   18.908   19.685    0    0  (Gen:  0)
520568888  16520136 298288824  0.009  0.009   19.066   19.843    0    0  (Gen:  0)
539768080  16520888 310894024  0.035  0.035   19.484   20.230    0    0  (Gen:  0)
524408248  16521160 314751032  0.029  0.029   19.688   20.433    0    0  (Gen:  0)
520554320  16520192 316892760  0.015  0.015   19.854   20.599    0    0  (Gen:  0)
536071096  16521000 328594968  0.031  0.031   20.253   20.966    0    0  (Gen:  0)
526412528  16406320 333264632  0.029  0.029   20.473   21.185    0    0  (Gen:  0)
520578552   8789896 335693016  0.016  0.016   20.643   21.355    0    0  (Gen:  0)
538047256   8790688 345903624  0.026  0.026   21.019   21.701    0    0  (Gen:  0)
524285464   8790784 351901320  0.030  0.030   21.252   21.932    0    0  (Gen:  0)
520581536   8790008 354503464  0.016  0.016   21.423   22.103    0    0  (Gen:  0)
538010384   8790784 362201216  0.021  0.021   21.790   22.440    0    0  (Gen:  0)
522253768   8798744 370780720  0.031  0.031   22.035   22.683    0    0  (Gen:  0)
520557104   8790104 373338336  0.019  0.019   22.210   22.858    0    0  (Gen:  0)
538131872   5989960 377499736  0.016  0.016   22.541   23.168    0    0  (Gen:  0)
525260944   5989600 389635272  0.033  0.034   22.812   23.426    0    0  (Gen:  0)
520544768   5989280 392267584  0.025  0.025   22.994   23.609    0    0  (Gen:  0)
536057920   5990064 396244376  0.015  0.015   23.279   23.896    0    0  (Gen:  0)
521711864   5989448 408543856  0.034  0.034   23.597   24.178    0    0  (Gen:  0)
520526792   5989368 411357776  0.026  0.026   23.786   24.367    0    0  (Gen:  0)
536000656   5990184 414617576  0.013  0.013   24.041   24.632    0    0  (Gen:  0)
521500664  16347472 427511560  0.034  0.035   24.379   24.928    0    0  (Gen:  0)
520513664  15909720 429991112  0.025  0.025   24.563   25.113    0    0  (Gen:  0)
539865496  15910512 433506864  0.013  0.013   24.814   25.375    0    0  (Gen:  0)
521658736  15909888 446427352  0.034  0.034   25.158   25.674    0    0  (Gen:  0)
520487112  15909864 448483344  0.025  0.025   25.344   25.861    0    0  (Gen:  0)
537569808  15910608 452633792  0.014  0.014   25.595   26.122    0    0  (Gen:  0)
521716880  15909984 465336400  0.034  0.034   25.947   26.430    0    0  (Gen:  0)
520643552  15909856 467427056  0.024  0.024   26.132   26.615    0    0  (Gen:  0)
534100696  15910640 471184224  0.013  0.013   26.354   26.844    0    0  (Gen:  0)
528836392  15910032 484351648  0.035  0.035   26.731   27.182    0    0  (Gen:  0)
520650192  15909944 486272800  0.025  0.025   26.915   27.367    0    0  (Gen:  0)
533130664   4991608 489676088  0.011  0.011   27.118   27.571    0    0  (Gen:  0)
527700856   4991032 503296720  0.035  0.035   27.515   27.935    0    0  (Gen:  0)
520587528   4990880 505388904  0.025  0.025   27.697   28.118    0    0  (Gen:  0)
530563240   4991664 507963368  0.010  0.010   27.874   28.288    0    0  (Gen:  0)
534092512   4991072 522344656  0.036  0.036   28.301   28.690    0    0  (Gen:  0)
520570568   4991008 524388000  0.025  0.025   28.484   28.873    0    0  (Gen:  0)
524241688   4990440 246836120  0.349  0.381   28.989   29.399    0    0  (Gen:  1)
540104920  16180864 261362104  0.038  0.038   29.428   29.816    0    0  (Gen:  0)
520622640  15815536 263155392  0.027  0.027   29.619   30.007    0    0  (Gen:  0)
525230568  15816120 266859968  0.012  0.012   29.786   30.166    0    0  (Gen:  0)
533864560  15820968 280292152  0.038  0.038   30.226   30.584    0    0  (Gen:  0)
520621496  15815576 282255760  0.027  0.027   30.413   30.772    0    0  (Gen:  0)
525141216  15816152 284662728  0.008  0.008   30.576   30.932    0    0  (Gen:  0)
533447472  15819280 299396760  0.039  0.039   31.021   31.349    0    0  (Gen:  0)
520612312  15815696 301287952  0.027  0.027   31.209   31.537    0    0  (Gen:  0)
526835088  15816288 302529440  0.005  0.005   31.364   31.692    0    0  (Gen:  0)
533312352  15815688 318492288  0.039  0.039   31.807   32.103    0    0  (Gen:  0)
520623920  15815760 320399776  0.029  0.029   31.999   32.295    0    0  (Gen:  0)
520701568  15815552 323313176  0.008  0.008   32.150   32.446    0    0  (Gen:  0)
533170440  15816360 337610632  0.040  0.040   32.605   32.866    0    0  (Gen:  0)
520742160  15815832 339438040  0.028  0.028   32.794   33.056    0    0  (Gen:  0)
520662024  15815624 342416464  0.009  0.009   32.948   33.210    0    0  (Gen:  0)
533279344  15816448 356536456  0.039  0.039   33.401   33.629    0    0  (Gen:  0)
520753704  15815952 358524416  0.027  0.027   33.588   33.816    0    0  (Gen:  0)
520658896  15815744 361513640  0.009  0.009   33.741   33.969    0    0  (Gen:  0)
533398416  16386424 375672568  0.042  0.042   34.198   34.394    0    0  (Gen:  0)
520767016  17383816 377443280  0.027  0.027   34.384   34.580    0    0  (Gen:  0)
520639616   5045072 380593056  0.009  0.009   34.539   34.735    0    0  (Gen:  0)
537167512   5045896 394779272  0.043  0.043   34.995   35.157    0    0  (Gen:  0)
523506624   5045328 396592472  0.027  0.027   35.180   35.342    0    0  (Gen:  0)
520615912   5045120 399670952  0.009  0.009   35.336   35.498    0    0  (Gen:  0)
533208752  16377104 413861520  0.040  0.040   35.789   35.916    0    0  (Gen:  0)
520713448  17160824 415496840  0.026  0.026   35.974   36.101    0    0  (Gen:  0)
520598888   5031880 418829080  0.010  0.011   36.132   36.260    0    0  (Gen:  0)
533531960  16457536 432948280  0.043  0.043   36.593   36.688    0    0  (Gen:  0)
520734232  17084488 434530328  0.026  0.026   36.776   36.872    0    0  (Gen:  0)
520583680   5050416 437918376  0.009  0.009   36.934   37.030    0    0  (Gen:  0)
537195776  16479960 452054544  0.040  0.040   37.385   37.447    0    0  (Gen:  0)
520739312  16479456 453759664  0.027  0.027   37.570   37.632    0    0  (Gen:  0)
520556808  16479272 456822256  0.009  0.009   37.728   37.790    0    0  (Gen:  0)
539064544  16480040 471181944  0.041  0.041   38.180   38.209    0    0  (Gen:  0)
520726096  16479848 472800568  0.026  0.026   38.369   38.398    0    0  (Gen:  0)
520546576  16479360 475585848  0.009  0.009   38.530   38.559    0    0  (Gen:  0)
537590064  16480160 490685488  0.040  0.040   38.971   38.968    0    0  (Gen:  0)
524601696  16483840 491916832  0.027  0.027   39.162   39.158    0    0  (Gen:  0)
520579904  16478408 260129424  0.343  0.344   39.657   39.655    0    0  (Gen:  1)
535605344  13628216 272140096  0.034  0.034   40.079   40.044    0    0  (Gen:  0)
524209840  13627856 276445168  0.030  0.030   40.284   40.248    0    0  (Gen:  0)
520556144  13627472 278717032  0.013  0.013   40.458   40.422    0    0  (Gen:  0)
535504272  13628272 290638008  0.033  0.033   40.866   40.796    0    0  (Gen:  0)
523434688  13628232 295178528  0.030  0.030   41.084   41.013    0    0  (Gen:  0)
520588992  13627568 297442984  0.016  0.016   41.258   41.187    0    0  (Gen:  0)
538923208  13628368 307662128  0.027  0.027   41.647   41.541    0    0  (Gen:  0)
523539200  16367424 313705392  0.030  0.030   41.881   41.775    0    0  (Gen:  0)
520582640   8886872 316181520  0.016  0.016   42.056   41.949    0    0  (Gen:  0)
539976552   8887640 324829824  0.023  0.023   42.428   42.290    0    0  (Gen:  0)
521678984  16268760 332390704  0.032  0.032   42.679   42.539    0    0  (Gen:  0)
520562400   9944624 335005888  0.018  0.018   42.855   42.715    0    0  (Gen:  0)
536789096   9945432 339248904  0.016  0.016   43.196   43.032    0    0  (Gen:  0)
521338160   9944960 351131376  0.034  0.034   43.465   43.292    0    0  (Gen:  0)
520546320   9944728 353880112  0.025  0.025   43.651   43.477    0    0  (Gen:  0)
540135856   9945464 357995712  0.016  0.016   43.942   43.772    0    0  (Gen:  0)
521190616   9944896 370249816  0.035  0.035   44.267   44.060    0    0  (Gen:  0)
520523056   9944832 372887200  0.028  0.028   44.461   44.255    0    0  (Gen:  0)
535569432   9945640 376276488  0.014  0.014   44.720   44.523    0    0  (Gen:  0)
521598800   9945000 389122008  0.035  0.035   45.065   44.825    0    0  (Gen:  0)
520503792   9944920 391770136  0.026  0.026   45.254   45.014    0    0  (Gen:  0)
539679000   5500984 395191000  0.013  0.013   45.512   45.283    0    0  (Gen:  0)
523448024   5500384 408047712  0.035  0.035   45.863   45.591    0    0  (Gen:  0)
520479968   5500256 410118296  0.025  0.025   46.053   45.781    0    0  (Gen:  0)
539259488   5572288 414132256  0.013  0.013   46.305   46.043    0    0  (Gen:  0)
525055688   5571656 427047344  0.034  0.034   46.657   46.351    0    0  (Gen:  0)
520567728   5571608 429095088  0.024  0.024   46.848   46.542    0    0  (Gen:  0)
535127952   5572408 433124552  0.014  0.014   47.084   46.787    0    0  (Gen:  0)
523633600   5571824 446103368  0.035  0.035   47.452   47.112    0    0  (Gen:  0)
520678880   5571736 447977632  0.024  0.024   47.643   47.303    0    0  (Gen:  0)
533271400   5572520 451469592  0.012  0.012   47.852   47.513    0    0  (Gen:  0)
526844160   5571936 465149344  0.036  0.036   48.246   47.871    0    0  (Gen:  0)
522881760   5571808 466960096  0.025  0.025   48.433   48.059    0    0  (Gen:  0)
535154328   5572608 469980816  0.011  0.011   48.638   48.259    0    0  (Gen:  0)
532492248   5572016 484069152  0.036  0.036   49.054   48.645    0    0  (Gen:  0)
520566768   5571872 486014176  0.025  0.025   49.239   48.831    0    0  (Gen:  0)
529768952   5572648 488570880  0.009  0.009   49.412   48.996    0    0  (Gen:  0)
532774664   5572048 503024488  0.037  0.037   49.852   49.410    0    0  (Gen:  0)
522084248  15716064 504840592  0.025  0.025   50.040   49.598    0    0  (Gen:  0)
523679208  15716648 508983176  0.013  0.013   50.211   49.760    0    0  (Gen:  0)
534398112  15721760 521912656  0.037  0.037   50.650   50.174    0    0  (Gen:  0)
520684624  15716168 523896512  0.025  0.025   50.840   50.364    0    0  (Gen:  0)
523938768  15715664 247042728  0.317  0.318   51.312   50.832    0    0  (Gen:  1)
533298432  15718864 261443008  0.039  0.039   51.759   51.251    0    0  (Gen:  0)
520684728  16537784 263351728  0.028  0.028   51.953   51.445    0    0  (Gen:  0)
523545728   2996600 264722152  0.006  0.006   52.114   51.605    0    0  (Gen:  0)
536968608   2998328 280453720  0.040  0.040   52.564   52.022    0    0  (Gen:  0)
520623736  17296320 282493368  0.029  0.029   52.758   52.217    0    0  (Gen:  0)
520705592   4787736 285222744  0.009  0.009   52.917   52.376    0    0  (Gen:  0)
533760736  16277296 299482640  0.041  0.041   53.383   52.809    0    0  (Gen:  0)
520747624  17161480 301299784  0.028  0.028   53.575   53.001    0    0  (Gen:  0)
520682592   4921896 304343248  0.009  0.009   53.731   53.157    0    0  (Gen:  0)
537109592   4922720 318548976  0.041  0.041   54.193   53.584    0    0  (Gen:  0)
520833760  17531608 320446160  0.028  0.028   54.383   53.775    0    0  (Gen:  0)
520665992   4829152 323289752  0.009  0.009   54.541   53.933    0    0  (Gen:  0)
533609656   4829968 337572568  0.043  0.043   55.004   54.363    0    0  (Gen:  0)
520758256   4829520 339394576  0.028  0.028   55.196   54.554    0    0  (Gen:  0)
520638648   4829272 342495504  0.009  0.009   55.352   54.711    0    0  (Gen:  0)
533470576   4830096 356672992  0.041  0.041   55.813   55.137    0    0  (Gen:  0)
522885224  17363168 358418536  0.028  0.028   56.003   55.327    0    0  (Gen:  0)
520626216   4909120 361423872  0.009  0.009   56.162   55.487    0    0  (Gen:  0)
533496768   4909936 375794040  0.041  0.041   56.622   55.913    0    0  (Gen:  0)
520776936   4909392 377408184  0.027  0.027   56.815   56.106    0    0  (Gen:  0)
520594464   4909200 380581784  0.009  0.009   56.974   56.266    0    0  (Gen:  0)
537413296   4910016 394941608  0.040  0.041   57.437   56.695    0    0  (Gen:  0)
520719792   4909496 396531992  0.027  0.027   57.624   56.882    0    0  (Gen:  0)
520634744   4909288 399843256  0.009  0.009   57.785   57.043    0    0  (Gen:  0)
539261736  16474376 414001304  0.040  0.040   58.243   57.467    0    0  (Gen:  0)
520720880  17190680 415695880  0.026  0.026   58.429   57.653    0    0  (Gen:  0)
520568576   5018480 418950752  0.009  0.009   58.590   57.814    0    0  (Gen:  0)
533140904  16469192 433112960  0.044  0.044   59.050   58.241    0    0  (Gen:  0)
520748656  16468720 434672632  0.026  0.026   59.240   58.431    0    0  (Gen:  0)
520604704  16468448 437566240  0.009  0.009   59.403   58.594    0    0  (Gen:  0)
538329016  16589272 452267256  0.040  0.040   59.853   59.009    0    0  (Gen:  0)
520850040  16919576 453744944  0.026  0.026   60.040   59.196    0    0  (Gen:  0)
520526616   4163040 456366872  0.008  0.008   60.204   59.361    0    0  (Gen:  0)
536927936  13618192 468493392  0.034  0.034   60.635   59.761    0    0  (Gen:  0)
524235904  13618192 472660920  0.027  0.027   60.841   59.965    0    0  (Gen:  0)
520558296  13617488 475017128  0.013  0.013   61.010   60.135    0    0  (Gen:  0)
539900720  13618264 487563752  0.035  0.035   61.432   60.525    0    0  (Gen:  0)
522085288  13618208 491595072  0.030  0.030   61.644   60.735    0    0  (Gen:  0)
520639232  13617616 493799520  0.015  0.015   61.814   60.906    0    0  (Gen:  0)
537476944  13616952 254087048  0.337  0.337   62.516   61.575    0    0  (Gen:  1)
523814384  13617056 259889072  0.030  0.030   62.747   61.805    0    0  (Gen:  0)
520600368  13616504 262225416  0.017  0.017   62.922   61.981    0    0  (Gen:  0)
542485984  13617272 272058584  0.027  0.027   63.311   62.336    0    0  (Gen:  0)
523532576  13618152 278515344  0.033  0.033   63.557   62.581    0    0  (Gen:  0)
521371608  13616504 281015088  0.018  0.018   63.738   62.762    0    0  (Gen:  0)
537502752  13617288 286651408  0.019  0.018   64.106   63.099    0    0  (Gen:  0)
524823088  13621472 297230896  0.035  0.035   64.364   63.357    0    0  (Gen:  0)
520549616  13616576 299848864  0.023  0.023   64.555   63.547    0    0  (Gen:  0)
538669656  13617360 303910336  0.016  0.016   64.882   63.859    0    0  (Gen:  0)
521563760  13616712 316040560  0.035  0.035   65.173   64.131    0    0  (Gen:  0)
520538080  13616624 318712704  0.028  0.028   65.365   64.322    0    0  (Gen:  0)
540101112  13617408 321846384  0.014  0.014   65.657   64.618    0    0  (Gen:  0)
522003416  13616800 335128456  0.036  0.036   65.982   64.906    0    0  (Gen:  0)
520526544  13616672 337806648  0.026  0.026   66.172   65.096    0    0  (Gen:  0)
535380192  13617472 341084256  0.014  0.014   66.436   65.371    0    0  (Gen:  0)
523017080  13616840 354035448  0.036  0.036   66.791   65.681    0    0  (Gen:  0)
520501144  13616712 356390056  0.025  0.026   66.982   65.872    0    0  (Gen:  0)
536895056  13617512 360018912  0.014  0.014   67.242   66.142    0    0  (Gen:  0)
526190096  16267080 373035024  0.036  0.036   67.600   66.457    0    0  (Gen:  0)
520485176  15178072 374859552  0.025  0.025   67.790   66.647    0    0  (Gen:  0)
535324168  15178864 379288672  0.015  0.015   68.038   66.906    0    0  (Gen:  0)
525162192  15178232 391977504  0.035  0.035   68.405   67.227    0    0  (Gen:  0)
520640656  15178104 393869272  0.025  0.025   68.594   67.417    0    0  (Gen:  0)
533286384  15178880 397640808  0.013  0.013   68.820   67.647    0    0  (Gen:  0)
530627896  16058936 410958776  0.036  0.036   69.211   68.000    0    0  (Gen:  0)
520627744  15393392 412889808  0.025  0.025   69.399   68.189    0    0  (Gen:  0)
531912728  15394152 416168264  0.011  0.011   69.607   68.396    0    0  (Gen:  0)
531584928  15393576 430087256  0.037  0.037   70.018   68.775    0    0  (Gen:  0)
520634328  15393488 432031288  0.025  0.025   70.210   68.967    0    0  (Gen:  0)
529945464  15394272 434688344  0.010  0.010   70.393   69.144    0    0  (Gen:  0)
530559616  15393664 448946368  0.037  0.037   70.824   69.548    0    0  (Gen:  0)
520706808  15393584 450910952  0.025  0.025   71.012   69.737    0    0  (Gen:  0)
526850296  15394304 453523272  0.009  0.009   71.181   69.895    0    0  (Gen:  0)
536763224  16165752 468059408  0.038  0.038   71.627   70.320    0    0  (Gen:  0)
522691736  16165848 469926104  0.025  0.025   71.817   70.509    0    0  (Gen:  0)
524176640   5183304 473451064  0.011  0.011   71.986   70.671    0    0  (Gen:  0)
533011408   5188096 487083592  0.038  0.039   72.437   71.096    0    0  (Gen:  0)
520620744   5182768 489028440  0.026  0.026   72.627   71.285    0    0  (Gen:  0)
523968216   5182584 246527016  0.309  0.309   73.092   71.747    0    0  (Gen:  1)
532985176   5185672 261519768  0.040  0.040   73.540   72.164    0    0  (Gen:  0)
520625632   5182008 263409776  0.029  0.029   73.739   72.363    0    0  (Gen:  0)
523679184   5182584 264643896  0.006  0.006   73.899   72.524    0    0  (Gen:  0)
537267688   5182040 280479440  0.040  0.040   74.359   72.948    0    0  (Gen:  0)
520813520   5182168 282473264  0.030  0.030   74.555   73.144    0    0  (Gen:  0)
520698384   5181960 285350104  0.009  0.009   74.714   73.303    0    0  (Gen:  0)
533224648   5182752 299552248  0.041  0.041   75.177   73.730    0    0  (Gen:  0)
520786344   5182240 301398984  0.029  0.029   75.371   73.924    0    0  (Gen:  0)
520666648   5182032 304374376  0.009  0.009   75.530   74.084    0    0  (Gen:  0)
536920928   5182856 318401208  0.044  0.044   76.000   74.522    0    0  (Gen:  0)
520758632   5182408 320387376  0.029  0.029   76.195   74.717    0    0  (Gen:  0)
520644056   5182160 323373656  0.009  0.009   76.355   74.877    0    0  (Gen:  0)
535565208  16303704 337532144  0.041  0.041   76.820   75.308    0    0  (Gen:  0)
520740976  17478088 339473736  0.028  0.028   77.013   75.502    0    0  (Gen:  0)
520633664   4997792 342454256  0.009  0.009   77.174   75.662    0    0  (Gen:  0)
535919104  16308176 356622928  0.044  0.044   77.639   76.093    0    0  (Gen:  0)
520771880  17285672 358410680  0.028  0.028   77.830   76.284    0    0  (Gen:  0)
520608664   5098896 361661880  0.009  0.009   77.994   76.449    0    0  (Gen:  0)
533659664   5099704 375910152  0.041  0.041   78.454   76.874    0    0  (Gen:  0)
521101856  17347928 377644088  0.027  0.027   78.644   77.066    0    0  (Gen:  0)
520647056   5150624 380950312  0.010  0.010   78.807   77.229    0    0  (Gen:  0)
535569416  16496400 394977376  0.041  0.041   79.267   77.655    0    0  (Gen:  0)
521593616  16495896 396561000  0.027  0.027   79.456   77.845    0    0  (Gen:  0)
520639008  16495688 399947480  0.009  0.010   79.624   78.013    0    0  (Gen:  0)
533361024  16496512 414053392  0.040  0.040   80.091   78.449    0    0  (Gen:  0)
520738320  16495984 415628016  0.026  0.026   80.279   78.637    0    0  (Gen:  0)
520614512  16495744 418635288  0.009  0.009   80.444   78.802    0    0  (Gen:  0)
537226488  16496560 433231944  0.041  0.041   80.904   79.228    0    0  (Gen:  0)
520996640  16496368 434713640  0.026  0.026   81.091   79.415    0    0  (Gen:  0)
520547152  16495808 437280344  0.008  0.008   81.256   79.580    0    0  (Gen:  0)
538740344  16876752 452538912  0.041  0.041   81.707   79.998    0    0  (Gen:  0)
521167848  16991992 453808976  0.027  0.027   81.907   80.198    0    0  (Gen:  0)
520565464   4202288 456146392  0.008  0.008   82.076   80.367    0    0  (Gen:  0)
533907208   4203080 468672712  0.036  0.036   82.502   80.760    0    0  (Gen:  0)
528528616   4202872 472661880  0.030  0.030   82.715   80.972    0    0  (Gen:  0)
520551696   4202384 474793128  0.015  0.015   82.888   81.145    0    0  (Gen:  0)
540151736   4203176 486757744  0.033  0.033   83.304   81.529    0    0  (Gen:  0)
524650360   4203424 491189408  0.030  0.030   83.531   81.755    0    0  (Gen:  0)
520536208   4202520 493548184  0.016  0.016   83.705   81.929    0    0  (Gen:  0)
535687952 217194048 253888656  0.337  0.338   84.406   82.598    0    0  (Gen:  1)
524688824 217194072 259981072  0.031  0.031   84.644   82.835    0    0  (Gen:  0)
520623216 217193440 262402392  0.017  0.017   84.826   83.017    0    0  (Gen:  0)
538200848   9520624 270406504  0.023  0.023   85.199   83.358    0    0  (Gen:  0)
522012944   9527672 278653136  0.036  0.037   85.456   83.614    0    0  (Gen:  0)
520561592   9519880 281222232  0.019  0.019   85.641   83.799    0    0  (Gen:  0)
542761232   9520672 285504472  0.017  0.017   85.992   84.121    0    0  (Gen:  0)
527514648   9520448 297389936  0.035  0.035   86.267   84.390    0    0  (Gen:  0)
520553960   9520024 300145376  0.026  0.026   86.458   84.580    0    0  (Gen:  0)
541780008   9520776 304167784  0.016  0.016   86.787   84.896    0    0  (Gen:  0)
527593496   9520224 316354864  0.036  0.036   87.083   85.172    0    0  (Gen:  0)
520543024   9520096 319070376  0.027  0.027   87.276   85.365    0    0  (Gen:  0)
536318480   9520896 322454120  0.015  0.015   87.566   85.658    0    0  (Gen:  0)
525466096   9520272 335363264  0.036  0.036   87.898   85.954    0    0  (Gen:  0)
520525336   9520144 338158936  0.027  0.027   88.091   86.147    0    0  (Gen:  0)
537922896   9520944 341405848  0.014  0.014   88.360   86.427    0    0  (Gen:  0)
523858432   9520336 354402144  0.037  0.037   88.710   86.734    0    0  (Gen:  0)
520500056   9520208 356823120  0.027  0.027   88.903   86.927    0    0  (Gen:  0)
535044712   9521008 360258872  0.014  0.014   89.162   87.198    0    0  (Gen:  0)
522352520   9520424 373239760  0.036  0.036   89.519   87.510    0    0  (Gen:  0)
520476688   9520296 375080632  0.026  0.026   89.711   87.702    0    0  (Gen:  0)
537331760   9521080 379323272  0.014  0.014   89.965   87.966    0    0  (Gen:  0)
526829360   9520456 392217384  0.036  0.036   90.324   88.281    0    0  (Gen:  0)
520641296   9520440 394035040  0.025  0.025   90.520   88.477    0    0  (Gen:  0)
535441192   9521168 398113344  0.014  0.014   90.757   88.722    0    0  (Gen:  0)
524184776   9520608 411147136  0.036  0.036   91.138   89.061    0    0  (Gen:  0)
520676600   9520480 413004920  0.025  0.025   91.329   89.252    0    0  (Gen:  0)
527033840   4865832 416223120  0.011  0.011   91.530   89.451    0    0  (Gen:  0)
529344088   4865264 430172344  0.037  0.037   91.937   89.825    0    0  (Gen:  0)
520568088   4865200 431941000  0.025  0.025   92.125   90.014    0    0  (Gen:  0)
529853840   4448304 434690176  0.009  0.009   92.304   90.184    0    0  (Gen:  0)
530159504   4447736 448962744  0.037  0.037   92.739   90.594    0    0  (Gen:  0)
520636920  15801944 451064648  0.025  0.025   92.934   90.789    0    0  (Gen:  0)
525087016  15802520 455128568  0.013  0.013   93.108   90.953    0    0  (Gen:  0)
533662808  15807808 468118992  0.038  0.038   93.550   91.371    0    0  (Gen:  0)
520691816  15801968 470099912  0.026  0.026   93.741   91.562    0    0  (Gen:  0)
525520160   4555424 472893232  0.010  0.010   93.910   91.725    0    0  (Gen:  0)
533076320  16224200 487202792  0.039  0.039   94.355   92.141    0    0  (Gen:  0)
520711448  16219568 489112224  0.026  0.026   94.551   92.338    0    0  (Gen:  0)
526570720  16219008 246161224  0.307  0.307   95.020   92.809    0    0  (Gen:  1)
533148208  16221728 261643592  0.040  0.040   95.476   93.232    0    0  (Gen:  0)
520541776  16218456 263479616  0.030  0.030   95.674   93.430    0    0  (Gen:  0)
520704728  16218424 266370352  0.009  0.009   95.834   93.590    0    0  (Gen:  0)
536158912  16335272 280756792  0.042  0.042   96.298   94.017    0    0  (Gen:  0)
520732624  17149800 282484624  0.029  0.029   96.495   94.214    0    0  (Gen:  0)
520681360   4811456 285428752  0.010  0.010   96.660   94.379    0    0  (Gen:  0)
 31369264   4811648 245273064  0.314  0.314   96.987   95.389    0    0  (Gen:  1)
   104192   4811152  18598016  0.018  0.035   97.005   95.529    0    0  (Gen:  1)
     1392                      0.000  0.000

 171,486,531,856 bytes allocated in the heap
   5,272,075,800 bytes copied during GC
     260,605,400 bytes maximum residency (13 sample(s))
       3,610,480 bytes maximum slop
             248 MB total memory in use (0 MB lost due to fragmentation)

                                     Tot time (elapsed)  Avg pause  Max pause
  Gen  0       314 colls,     0 par    8.812s   8.866s     0.0282s    0.1597s
  Gen  1        13 colls,     0 par    3.684s   3.875s     0.2981s    0.4733s

  TASKS: 22 (1 bound, 21 peak workers (21 total), using -N4)

  SPARKS: 0 (0 converted, 0 overflowed, 0 dud, 0 GC'd, 0 fizzled)

  INIT    time    0.001s  (  0.006s elapsed)
  MUT     time   84.508s  ( 82.782s elapsed)
  GC      time   12.496s  ( 12.741s elapsed)
  EXIT    time    0.000s  (  0.008s elapsed)
  Total   time   97.006s  ( 95.538s elapsed)

  Alloc rate    2,029,239,266 bytes per MUT second

  Productivity  87.1% of total user, 86.6% of total elapsed

