bench-hist/spaceleaks_hashable/ghcide --lsp --cwd bench/example/Cabal-3.0.0.0 +RTS -I0 -qg -A128M -Shover.benchmark-gcStats -I0.5 
    Alloc    Copied     Live     GC     GC      TOT      TOT  Page Flts
    bytes     bytes     bytes   user   elap     user     elap
554924848      2160  14715424  0.034  0.037    0.742    6.559    0    0  (Gen:  0)
547573928  15629040  21758880  0.048  0.057    1.150    7.368    0    0  (Gen:  1)
541359728  15627696  28257656  0.022  0.023    1.498    7.977    0    0  (Gen:  0)
530063600  15626896  36389448  0.029  0.031    2.251    8.463    0    0  (Gen:  0)
547441504  15629976 110018472  0.148  0.166    3.290    9.069    0    0  (Gen:  0)
531230512 112276488 140527112  0.242  0.273    3.936    9.492    0    0  (Gen:  1)
525877768 112258672 171129008  0.125  0.126    4.406    9.720    0    0  (Gen:  0)
535949240 112264232 211597224  0.132  0.138    5.083   10.032    0    0  (Gen:  0)
548424392 112267744 221886776  0.093  0.101    5.769   10.292    0    0  (Gen:  0)
543256904 112257064 215997752  0.346  0.391    6.649   10.892    0    0  (Gen:  1)
535328880 112255368 217259560  0.048  0.048    7.204   11.100    0    0  (Gen:  0)
544375624 112262560 237016920  0.085  0.085    7.846   11.335    0    0  (Gen:  0)
536710368 112256968 241335128  0.074  0.075    8.404   11.760    0    0  (Gen:  0)
535887600 112254240 247030288  0.053  0.053    8.910   12.137    0    0  (Gen:  0)
547478832 112308256 254621936  0.066  0.066    9.536   12.350    0    0  (Gen:  0)
533813672 112254536 272815072  0.080  0.080   10.147   12.570    0    0  (Gen:  0)
536491784 112256264 285060656  0.095  0.095   10.797   12.811    0    0  (Gen:  0)
529847824  30478888 282088224  0.070  0.070   11.332   13.046    0    0  (Gen:  0)
536016960  19238648 286453144  0.052  0.052   11.873   13.378    0    0  (Gen:  0)
530462072  19238768 291594208  0.052  0.052   12.347   13.705    0    0  (Gen:  0)
559057264  19237680 311487200  0.078  0.079   12.964   14.207    0    0  (Gen:  0)
538417976  29619328 319039856  0.054  0.054   13.390   14.602    0    0  (Gen:  0)
520500696  11409272 321211272  0.019  0.019   13.566   14.779    0    0  (Gen:  0)
530242632  11409992 323846464  0.010  0.010   13.817   15.041    0    0  (Gen:  0)
530929760   2901208 325253928  0.009  0.009   14.619   15.749    0    0  (Gen:  0)
529773440   2901240 325156536  0.008  0.008   15.437   16.458    0    0  (Gen:  0)
534359048   2901296 325268056  0.008  0.008   16.257   17.171    0    0  (Gen:  0)
532932656   2901440 325182336  0.008  0.008   17.078   17.893    0    0  (Gen:  0)
534967272   2901456 325237408  0.008  0.008   17.888   18.594    0    0  (Gen:  0)
534787328   2901472 325090456  0.008  0.008   18.703   19.297    0    0  (Gen:  0)
530726608   2901536 324921360  0.007  0.007   19.506   19.985    0    0  (Gen:  0)
534515104   2677464 325877392  0.009  0.009   20.305   20.683    0    0  (Gen:  0)
529744464   2677472 326108248  0.010  0.010   21.092   21.386    0    0  (Gen:  0)
532758456   2677536 325632624  0.009  0.009   21.894   22.084    0    0  (Gen:  0)
532896200   2442544 325424296  0.009  0.009   22.719   22.803    0    0  (Gen:  0)
530292672   2442544 325503648  0.009  0.009   23.543   23.516    0    0  (Gen:  0)
529317136   2442568 325448312  0.008  0.008   24.362   24.225    0    0  (Gen:  0)
530448296   2455448 325471744  0.008  0.008   25.171   24.917    0    0  (Gen:  0)
535772968   2455512 325346816  0.008  0.008   25.988   25.623    0    0  (Gen:  0)
532949648   2455560 325168336  0.009  0.009   26.796   26.315    0    0  (Gen:  0)
528358152   2455560 326127192  0.009  0.009   27.585   27.009    0    0  (Gen:  0)
531036080   2822440 326122456  0.009  0.010   28.382   27.716    0    0  (Gen:  0)
530865576   2822464 325737944  0.009  0.009   29.187   28.418    0    0  (Gen:  0)
533144728   2414608 325651744  0.009  0.009   30.015   29.135    0    0  (Gen:  0)
533488344   2414680 325845816  0.008  0.008   30.845   29.855    0    0  (Gen:  0)
528487088   2390352 325629104  0.008  0.008   31.664   30.563    0    0  (Gen:  0)
533864232   2390360 325698760  0.008  0.008   32.481   31.269    0    0  (Gen:  0)
531614136   2269240 325541432  0.008  0.008   33.292   31.964    0    0  (Gen:  0)
535989696   2269320 325415288  0.007  0.007   34.104   32.661    0    0  (Gen:  0)
134794552 210109856 245930376  0.357  0.385   34.667   33.881    0    0  (Gen:  1)
   100064  11158048  18319976  0.016  0.033   34.683   33.969    0    0  (Gen:  1)
     1368                      0.000  0.000

  26,359,649,680 bytes allocated in the heap
   1,836,873,960 bytes copied during GC
     245,930,376 bytes maximum residency (5 sample(s))
       3,499,640 bytes maximum slop
             234 MB total memory in use (0 MB lost due to fragmentation)

                                     Tot time (elapsed)  Avg pause  Max pause
  Gen  0        46 colls,     0 par    1.628s   1.671s     0.0363s    0.1658s
  Gen  1         5 colls,     0 par    1.009s   1.139s     0.2279s    0.3911s

  TASKS: 21 (1 bound, 20 peak workers (20 total), using -N4)

  SPARKS: 0 (0 converted, 0 overflowed, 0 dud, 0 GC'd, 0 fizzled)

  INIT    time    0.001s  (  0.006s elapsed)
  MUT     time   32.045s  ( 31.153s elapsed)
  GC      time    2.636s  (  2.811s elapsed)
  EXIT    time    0.000s  (  0.003s elapsed)
  Total   time   34.683s  ( 33.972s elapsed)

  Alloc rate    822,586,968 bytes per MUT second

  Productivity  92.4% of total user, 91.7% of total elapsed

