bench-hist/parse_module_headers/ghcide --lsp --cwd bench/example/Cabal-3.0.0.0 +RTS -I0 -qg -A128M -Scode_actions_after_edit.benchmark-gcStats -I0.5 
    Alloc    Copied     Live     GC     GC      TOT      TOT  Page Flts
    bytes     bytes     bytes   user   elap     user     elap
557085904      2160  15170312  0.036  0.039    0.736    6.359    0    0  (Gen:  0)
549734560      6768  21950792  0.049  0.058    1.130    7.166    0    0  (Gen:  1)
540663664      4856  28445816  0.020  0.020    1.481    7.725    0    0  (Gen:  0)
530656552  19732456  44728448  0.040  0.041    2.306    8.236    0    0  (Gen:  0)
547087792  19735104 123414168  0.167  0.188    3.111    8.751    0    0  (Gen:  0)
526655736  19739536 151989448  0.259  0.291    3.710    9.165    0    0  (Gen:  1)
525491736  19736568 174135008  0.105  0.106    4.246    9.411    0    0  (Gen:  0)
552212424  55562032 212090648  0.115  0.120    5.047    9.730    0    0  (Gen:  0)
549466240  35202248 216253048  0.063  0.068    5.691    9.962    0    0  (Gen:  0)
541582576  35210608 240546576  0.077  0.080    6.309   10.214    0    0  (Gen:  0)
545999016  35198880 240902264  0.058  0.059    6.958   10.436    0    0  (Gen:  0)
544555456  35198728 244125072  0.049  0.049    7.506   10.719    0    0  (Gen:  0)
520647232  35199144 236361728  0.382  0.425    8.282   11.539    0    0  (Gen:  1)
543950888  25848808 242435016  0.058  0.058    8.870   11.845    0    0  (Gen:  0)
534616480  25808920 256759112  0.074  0.074    9.523   12.073    0    0  (Gen:  0)
529004400  25796584 271974568  0.084  0.084   10.161   12.302    0    0  (Gen:  0)
534536712  25796128 289768600  0.091  0.091   10.745   12.521    0    0  (Gen:  0)
538969400  25795736 286459016  0.062  0.062   11.363   12.759    0    0  (Gen:  0)
530038544  25794904 282290256  0.048  0.048   11.827   13.060    0    0  (Gen:  0)
535912904  25795488 288523712  0.048  0.048   12.280   13.428    0    0  (Gen:  0)
569484216  25794392 312369280  0.076  0.076   12.987   14.010    0    0  (Gen:  0)
554647256  25797256 352381112  0.101  0.101   13.582   14.415    0    0  (Gen:  0)
596546632  49040760 364465016  0.099  0.108   14.358   15.101    0    0  (Gen:  0)
593495488  32099856 376796104  0.062  0.062   14.936   15.623    0    0  (Gen:  0)
555258568  32099848 395151136  0.069  0.069   15.601   16.180    0    0  (Gen:  0)
556053512  32099832 413579008  0.078  0.078   16.319   16.797    0    0  (Gen:  0)
559207672  39913848 432864208  0.084  0.088   17.053   17.440    0    0  (Gen:  0)
561609312  33246904 444327160  0.071  0.076   17.734   18.036    0    0  (Gen:  0)
558674000  33246720 463051832  0.076  0.080   18.387   18.638    0    0  (Gen:  0)
546671256 385568504 428578736  0.727  0.834   19.703   19.938    0    0  (Gen:  1)
560573472 385568520 446745928  0.081  0.081   20.440   20.589    0    0  (Gen:  0)
561631688  38268232 464856152  0.076  0.076   21.145   21.212    0    0  (Gen:  0)
560505800  38269104 477499320  0.067  0.067   21.779   21.805    0    0  (Gen:  0)
544221456  38268280 495653216  0.071  0.071   22.462   22.374    0    0  (Gen:  0)
556175536  38269792 513248536  0.076  0.077   23.181   23.004    0    0  (Gen:  0)
562526360  32750792 525499040  0.066  0.066   23.829   23.620    0    0  (Gen:  0)
552101904  32750512 543938864  0.072  0.072   24.521   24.199    0    0  (Gen:  0)
557176288  32753376 561683424  0.078  0.078   25.245   24.835    0    0  (Gen:  0)
560218152  32750872 573493696  0.067  0.067   25.890   25.442    0    0  (Gen:  0)
553462016  32750648 591611824  0.086  1.252   26.607   27.217    0    0  (Gen:  0)
554987560  32754576 608645480  0.077  0.077   27.351   27.879    0    0  (Gen:  0)
554664208  32751208 621547200  0.071  0.071   28.007   28.496    0    0  (Gen:  0)
549829712  34024296 639385648  0.070  0.070   28.732   29.128    0    0  (Gen:  0)
561395120  34024384 656144808  0.073  0.073   29.440   29.752    0    0  (Gen:  0)
554153104  34032432 669004960  0.070  0.070   30.087   30.338    0    0  (Gen:  0)
548856856  34970816 687690776  0.075  0.075   30.832   30.992    0    0  (Gen:  0)
563756728  34970840 698943032  0.065  0.065   31.506   31.603    0    0  (Gen:  0)
547301088  33936520 718018888  0.074  0.074   32.179   32.190    0    0  (Gen:  0)
563099968  39868136 735532544  0.084  0.085   32.951   32.878    0    0  (Gen:  0)
557814416  39868384 746405184  0.066  0.066   33.601   33.486    0    0  (Gen:  0)
549062312  39868192 763182592  0.069  0.069   34.318   34.095    0    0  (Gen:  0)
558526520  39868288 778752296  0.073  0.074   35.035   34.726    0    0  (Gen:  0)
552362688  39880696 793557816  0.076  0.082   35.665   35.304    0    0  (Gen:  0)
555911696  35653144 812694288  0.080  0.080   36.442   36.001    0    0  (Gen:  0)
557200648  35653232 823481744  0.069  0.071   37.091   36.612    0    0  (Gen:  0)
551867328  31469096 840505992  0.068  0.068   37.804   37.219    0    0  (Gen:  0)
554463944 809704456 854851216  1.555  1.790   40.010   39.572    0    0  (Gen:  1)
549687416  32467296 869261464  0.069  0.069   40.629   40.130    0    0  (Gen:  0)
556797912  32459088 888673688  0.078  0.078   41.391   40.804    0    0  (Gen:  0)
563570616  32459200 899351424  0.064  0.064   42.051   41.423    0    0  (Gen:  0)
542831928  32436720 917388064  0.075  0.075   42.772   42.037    0    0  (Gen:  0)
561507952  32436720 928639880  0.065  0.065   43.446   42.648    0    0  (Gen:  0)
550475400  32441440 946806112  0.071  0.071   44.132   43.256    0    0  (Gen:  0)
560605848  32439424 963059712  0.077  0.077   44.879   43.912    0    0  (Gen:  0)
547783568  32437192 975335872  0.065  0.065   45.512   44.496    0    0  (Gen:  0)
552428272  32436864 994765736  0.077  0.078   46.267   45.162    0    0  (Gen:  0)
557386456  32436936 1005096368  0.063  0.064   46.917   45.770    0    0  (Gen:  0)
544617056  32436944 1023194568  0.076  0.076   47.646   46.394    0    0  (Gen:  0)
561672136  32437032 1034065592  0.065  0.066   48.297   47.000    0    0  (Gen:  0)
548499208  32437048 1050589360  0.066  0.066   49.018   47.621    0    0  (Gen:  0)
563536792  32417040 1064084744  0.065  0.065   49.737   48.252    0    0  (Gen:  0)
548175568  32417496 1081637912  0.073  0.074   50.394   48.840    0    0  (Gen:  0)
556368704  37088848 1097465080  0.073  0.073   51.134   49.495    0    0  (Gen:  0)
542606824  37087704 1109881912  0.065  0.065   51.772   50.069    0    0  (Gen:  0)
561653360  37086184 1128466776  0.072  0.073   52.533   50.745    0    0  (Gen:  0)
553088008  37086504 1139061880  0.064  0.064   53.176   51.330    0    0  (Gen:  0)
552196952  37086208 1158448120  0.075  0.075   53.927   51.993    0    0  (Gen:  0)
553535488  37086232 1168262264  0.063  0.064   54.579   52.595    0    0  (Gen:  0)
549070384  32245032 1186782240  0.075  0.075   55.322   53.238    0    0  (Gen:  0)
557297984  32245072 1197452800  0.067  0.067   55.978   53.850    0    0  (Gen:  0)
548839680  32245128 1215603112  0.071  0.071   56.716   54.483    0    0  (Gen:  0)
534811320 233913856 276408192  0.361  0.391   57.727   56.113    0    0  (Gen:  1)
   100272  12315672  20689632  0.017  0.056   57.745   56.170    0    0  (Gen:  1)
     1368                      0.000  0.000

  45,253,509,168 bytes allocated in the heap
   4,317,855,280 bytes copied during GC
     854,851,216 bytes maximum residency (7 sample(s))
       6,603,120 bytes maximum slop
             815 MB total memory in use (0 MB lost due to fragmentation)

                                     Tot time (elapsed)  Avg pause  Max pause
  Gen  0        76 colls,     0 par    5.487s   6.733s     0.0886s    1.2518s
  Gen  1         7 colls,     0 par    3.349s   3.844s     0.5492s    1.7901s

  TASKS: 21 (1 bound, 20 peak workers (20 total), using -N4)

  SPARKS: 0 (0 converted, 0 overflowed, 0 dud, 0 GC'd, 0 fizzled)

  INIT    time    0.001s  (  0.006s elapsed)
  MUT     time   48.907s  ( 45.586s elapsed)
  GC      time    8.836s  ( 10.578s elapsed)
  EXIT    time    0.001s  (  0.005s elapsed)
  Total   time   57.745s  ( 56.175s elapsed)

  Alloc rate    925,295,022 bytes per MUT second

  Productivity  84.7% of total user, 81.2% of total elapsed

