bench-hist/parse_module_headers/ghcide --lsp --cwd bench/example/Cabal-3.0.0.0 +RTS -I0 -qg -A128M -Sedit.benchmark-gcStats -I0.5 
    Alloc    Copied     Live     GC     GC      TOT      TOT  Page Flts
    bytes     bytes     bytes   user   elap     user     elap
560308264      2160  15221376  0.037  0.040    0.743    6.262    0    0  (Gen:  0)
546731496  16116472  21891856  0.049  0.058    1.139    7.077    0    0  (Gen:  1)
540782248  16114552  28421928  0.022  0.023    1.495    7.640    0    0  (Gen:  0)
529133400  19077232  43746992  0.041  0.042    2.324    8.179    0    0  (Gen:  0)
545798816  19079520 121990360  0.166  0.186    3.231    8.711    0    0  (Gen:  0)
528073352 123069104 150685168  0.257  0.288    3.837    9.123    0    0  (Gen:  1)
526856160 123049312 169487944  0.095  0.096    4.366    9.364    0    0  (Gen:  0)
541379208 123055064 213225248  0.118  0.119    5.127    9.679    0    0  (Gen:  0)
554836136 123057936 219038224  0.077  0.083    5.784    9.935    0    0  (Gen:  0)
536459984 123046984 240398760  0.079  0.079    6.375   10.207    0    0  (Gen:  0)
534104248 123044904 231876984  0.055  0.059    6.975   10.420    0    0  (Gen:  0)
545198832  28142912 240512504  0.063  0.066    7.618   10.664    0    0  (Gen:  0)
524666336  28135424 260972176  0.094  0.096    8.098   11.118    0    0  (Gen:  0)
540944176  28134304 235908200  0.393  0.445    9.067   11.861    0    0  (Gen:  1)
537852752  28133992 243856160  0.078  0.078    9.716   12.093    0    0  (Gen:  0)
536161992  28133992 251962792  0.079  0.080   10.286   12.301    0    0  (Gen:  0)
534124720  28140864 261515456  0.086  0.087   10.990   12.551    0    0  (Gen:  0)
536849696  30422272 263649080  0.063  0.063   11.505   12.821    0    0  (Gen:  0)
533025096  30419128 258779496  0.043  0.043   11.979   13.152    0    0  (Gen:  0)
528948968  30419800 266334912  0.050  0.050   12.427   13.510    0    0  (Gen:  0)
574069384  30421496 288768304  0.074  0.074   13.107   14.073    0    0  (Gen:  0)
544335992  30418584 307156752  0.076  0.076   13.825   14.687    0    0  (Gen:  0)
544026128  30418640 325998568  0.080  0.081   14.515   15.268    0    0  (Gen:  0)
539629320  30418664 344654624  0.082  0.083   15.202   15.843    0    0  (Gen:  0)
538596832  30418680 365607448  0.083  0.083   15.913   16.446    0    0  (Gen:  0)
542353592  40578824 383476720  0.079  0.079   16.631   17.069    0    0  (Gen:  0)
540591584  39263328 401188664  0.076  0.076   17.350   17.689    0    0  (Gen:  0)
543131544  39260280 421912952  0.083  0.083   18.069   18.308    0    0  (Gen:  0)
539455208  39260608 439262472  0.079  0.081   18.767   18.906    0    0  (Gen:  0)
538944192  39259568 426697072  0.732  0.835   20.103   20.254    0    0  (Gen:  1)
542283720  39263856 441149464  0.072  0.073   20.776   20.844    0    0  (Gen:  0)
544457816  39259296 460135128  0.076  0.077   21.433   21.440    0    0  (Gen:  0)
545388056  39259328 479168696  0.081  0.082   22.131   22.053    0    0  (Gen:  0)
541384224  41238232 498424568  0.081  0.082   22.826   22.649    0    0  (Gen:  0)
544976728  41238232 517176056  0.083  0.083   23.514   23.236    0    0  (Gen:  0)
541006344  41238240 535874752  0.082  0.082   24.194   23.811    0    0  (Gen:  0)
534938080  41238248 556375752  0.082  0.083   24.898   24.418    0    0  (Gen:  0)
539013616  41242896 574094392  0.079  0.079   25.610   25.038    0    0  (Gen:  0)
537814352  41241240 593607632  0.081  0.081   26.316   25.651    0    0  (Gen:  0)
541019848  41238424 612341664  0.080  0.081   27.017   26.258    0    0  (Gen:  0)
540139560  41238696 629736608  0.076  0.077   27.698   26.842    0    0  (Gen:  0)
547299976  41239584 647433216  0.077  0.077   28.390   27.449    0    0  (Gen:  0)
539601944  41250712 663262760  0.075  0.075   29.049   28.038    0    0  (Gen:  0)
541748000  41238464 682177136  0.076  0.077   29.719   28.632    0    0  (Gen:  0)
544584072  41238456 701156104  0.082  0.082   30.426   29.243    0    0  (Gen:  0)
536814712  41238488 720162896  0.087  0.087   31.106   29.818    0    0  (Gen:  0)
543210240  41238544 738881320  0.080  0.080   31.789   30.397    0    0  (Gen:  0)
538242888  41238560 759714408  0.086  0.086   32.495   31.007    0    0  (Gen:  0)
541288536  41243200 777501168  0.080  0.080   33.209   31.627    0    0  (Gen:  0)
541177704  41242488 795339912  0.079  0.079   33.927   32.255    0    0  (Gen:  0)
541523968  41238640 815996968  0.085  0.087   34.647   32.871    0    0  (Gen:  0)
541843136  41238936 833366888  0.086  0.091   35.345   33.480    0    0  (Gen:  0)
544109904  41238792 852165632  1.520  1.759   37.482   35.765    0    0  (Gen:  1)
541922776  41239840 865779176  0.073  0.073   38.165   36.360    0    0  (Gen:  0)
541818128  41238160 885131688  0.078  0.078   38.820   36.952    0    0  (Gen:  0)
545942328  41238176 904000056  0.083  0.083   39.512   37.556    0    0  (Gen:  0)
547999288  41209136 923208024  0.082  0.083   40.241   38.189    0    0  (Gen:  0)
543267184  40997880 942159432  0.083  0.083   40.932   38.777    0    0  (Gen:  0)
538313904  40479016 960768928  0.084  0.084   41.618   39.357    0    0  (Gen:  0)
536573520  40479048 981632656  0.084  0.084   42.324   39.964    0    0  (Gen:  0)
537957128  40240224 999216880  0.081  0.082   43.039   40.585    0    0  (Gen:  0)
541329216  40240272 1018549752  0.080  0.080   43.757   41.211    0    0  (Gen:  0)
538565288  40240360 1037666600  0.087  0.087   44.466   41.821    0    0  (Gen:  0)
542223400  39165160 1054939744  0.078  0.078   45.157   42.417    0    0  (Gen:  0)
536913240  39165088 1071555912  0.076  0.076   45.839   43.012    0    0  (Gen:  0)
540435664  35616376 1088098016  0.076  0.076   46.497   43.600    0    0  (Gen:  0)
548008216  35609160 1107104016  0.079  0.079   47.183   44.211    0    0  (Gen:  0)
543144672  35609208 1126108184  0.083  0.083   47.900   44.831    0    0  (Gen:  0)
545470424  35609200 1145345768  0.083  0.083   48.598   45.428    0    0  (Gen:  0)
543379056  35609240 1164099120  0.082  0.082   49.294   46.016    0    0  (Gen:  0)
535152824  35609240 1183071736  0.081  0.081   49.984   46.604    0    0  (Gen:  0)
540451592  40968320 1202948976  0.082  0.082   50.706   47.233    0    0  (Gen:  0)
523680016  40967632 1219477552  2.086  2.314   53.428   50.763    0    0  (Gen:  1)
   103840  11152528  18265440  0.027  0.148   53.455   50.912    0    0  (Gen:  1)
     2440                      0.000  0.000

  39,473,891,224 bytes allocated in the heap
   3,153,779,416 bytes copied during GC
   1,219,477,552 bytes maximum residency (7 sample(s))
       7,446,480 bytes maximum slop
            1162 MB total memory in use (0 MB lost due to fragmentation)

                                     Tot time (elapsed)  Avg pause  Max pause
  Gen  0        67 colls,     0 par    5.260s   5.325s     0.0795s    0.1860s
  Gen  1         7 colls,     0 par    5.064s   5.849s     0.8355s    2.3145s

  TASKS: 21 (1 bound, 20 peak workers (20 total), using -N4)

  SPARKS: 0 (0 converted, 0 overflowed, 0 dud, 0 GC'd, 0 fizzled)

  INIT    time    0.001s  (  0.006s elapsed)
  MUT     time   43.129s  ( 39.732s elapsed)
  GC      time   10.325s  ( 11.174s elapsed)
  EXIT    time    0.000s  (  0.005s elapsed)
  Total   time   53.456s  ( 50.918s elapsed)

  Alloc rate    915,248,701 bytes per MUT second

  Productivity  80.7% of total user, 78.0% of total elapsed

