bench-hist/parse_module_headers/ghcide --lsp --cwd bench/example/Cabal-3.0.0.0 +RTS -I0 -qg -A128M -SgetDefinition.benchmark-gcStats -I0.5 
    Alloc    Copied     Live     GC     GC      TOT      TOT  Page Flts
    bytes     bytes     bytes   user   elap     user     elap
556293328      2160  15150920  0.038  0.042    0.739    6.373    0    0  (Gen:  0)
543742288      6752  21833600  0.048  0.057    1.130    7.178    0    0  (Gen:  1)
540826808   9100112  28275880  0.022  0.022    1.482    7.744    0    0  (Gen:  0)
530947720  18186536  42223584  0.038  0.039    2.309    8.262    0    0  (Gen:  0)
551222328  18189112 124150368  0.171  0.193    3.157    8.767    0    0  (Gen:  0)
529001728  18195488 150761048  0.251  0.285    3.752    9.180    0    0  (Gen:  1)
525100824  18190496 169759520  0.096  0.097    4.291    9.422    0    0  (Gen:  0)
549366184  18207680 213701504  0.126  0.131    5.089    9.736    0    0  (Gen:  0)
547441512  18190000 211435200  0.062  0.065    5.727    9.955    0    0  (Gen:  0)
544073256  36893400 237841216  0.088  0.091    6.410   10.209    0    0  (Gen:  0)
532503984  36890520 229234392  0.043  0.045    6.940   10.384    0    0  (Gen:  0)
544653736  36898752 241375632  0.058  0.059    7.586   10.618    0    0  (Gen:  0)
524200592  36891704 261188264  0.084  0.085    8.060   11.090    0    0  (Gen:  0)
540922696  36891408 237375440  0.398  0.454    9.009   11.815    0    0  (Gen:  1)
535883504  36890200 242169200  0.071  0.072    9.631   12.031    0    0  (Gen:  0)
538203232  40952512 258314128  0.088  0.088   10.255   12.260    0    0  (Gen:  0)
530242896  40953176 259383792  0.068  0.068   10.887   12.473    0    0  (Gen:  0)
544240192  40951112 264058440  0.048  0.048   11.420   12.697    0    0  (Gen:  0)
533194800  40950120 263933016  0.043  0.043   11.888   13.031    0    0  (Gen:  0)
529964392  40950888 270057488  0.047  0.047   12.338   13.394    0    0  (Gen:  0)
579983016  39234752 295718184  0.077  0.077   13.096   13.992    0    0  (Gen:  0)
528055848  39233656 296546504  0.032  0.032   13.299   14.182    0    0  (Gen:  0)
520570056  39231264 300068984  0.009  0.009   13.453   14.336    0    0  (Gen:  0)
534156144  39231616 302433424  0.014  0.014   14.122   14.931    0    0  (Gen:  0)
539711904  39231144 303856896  0.014  0.014   15.063   15.724    0    0  (Gen:  0)
543133136  39231248 305320304  0.014  0.014   16.008   16.519    0    0  (Gen:  0)
541284600  39231264 306668712  0.014  0.014   16.952   17.314    0    0  (Gen:  0)
538105696  39231304 307897208  0.014  0.014   17.899   18.116    0    0  (Gen:  0)
542243240  39231328 309307192  0.014  0.014   18.843   18.908    0    0  (Gen:  0)
541106592   5177232 310779384  0.014  0.014   19.793   19.709    0    0  (Gen:  0)
541515400   5177248 311954456  0.016  0.016   20.740   20.508    0    0  (Gen:  0)
536862224   5097992 313220336  0.014  0.014   21.680   21.298    0    0  (Gen:  0)
541107800   5098104 314737032  0.014  0.014   22.627   22.107    0    0  (Gen:  0)
542655608   5098136 316010440  0.014  0.014   23.578   22.905    0    0  (Gen:  0)
538448240   5098224 317365496  0.014  0.014   24.522   23.700    0    0  (Gen:  0)
537707448   5088984 318864336  0.014  0.014   25.471   24.496    0    0  (Gen:  0)
538110376   5114736 320267208  0.014  0.014   26.411   25.282    0    0  (Gen:  0)
541036656   5114800 321507872  0.016  0.016   27.364   26.087    0    0  (Gen:  0)
538158296   5114912 322862568  0.014  0.014   28.308   26.879    0    0  (Gen:  0)
541724928   5114928 324345264  0.014  0.015   29.259   27.682    0    0  (Gen:  0)
534977480   5114952 326491664  0.015  0.015   30.196   28.471    0    0  (Gen:  0)
540166792   5114976 327801848  0.016  0.016   31.143   29.269    0    0  (Gen:  0)
536957792   5115000 329517616  0.016  0.016   32.082   30.063    0    0  (Gen:  0)
121076336 235525544 270910808  0.367  0.390   32.675   31.316    0    0  (Gen:  1)
   104272  11156832  18151416  0.016  0.035   32.691   31.377    0    0  (Gen:  1)
     1368                      0.000  0.000

  23,310,987,248 bytes allocated in the heap
   1,215,792,304 bytes copied during GC
     270,910,808 bytes maximum residency (5 sample(s))
       4,337,712 bytes maximum slop
             258 MB total memory in use (0 MB lost due to fragmentation)

                                     Tot time (elapsed)  Avg pause  Max pause
  Gen  0        40 colls,     0 par    1.596s   1.641s     0.0410s    0.1929s
  Gen  1         5 colls,     0 par    1.080s   1.220s     0.2441s    0.4538s

  TASKS: 22 (1 bound, 21 peak workers (21 total), using -N4)

  SPARKS: 0 (0 converted, 0 overflowed, 0 dud, 0 GC'd, 0 fizzled)

  INIT    time    0.001s  (  0.006s elapsed)
  MUT     time   30.013s  ( 28.510s elapsed)
  GC      time    2.676s  (  2.862s elapsed)
  EXIT    time    0.000s  (  0.009s elapsed)
  Total   time   32.692s  ( 31.387s elapsed)

  Alloc rate    776,685,341 bytes per MUT second

  Productivity  91.8% of total user, 90.8% of total elapsed

