bench-hist/parse_module_headers/ghcide --lsp --cwd bench/example/Cabal-3.0.0.0 +RTS -I0 -qg -A128M -Shover.benchmark-gcStats -I0.5 
    Alloc    Copied     Live     GC     GC      TOT      TOT  Page Flts
    bytes     bytes     bytes   user   elap     user     elap
555606544      2160  15150368  0.037  0.041    0.736    6.368    0    0  (Gen:  0)
547738128      6776  21961424  0.048  0.057    1.136    7.196    0    0  (Gen:  1)
546331112      4840  28483072  0.020  0.021    1.494    7.765    0    0  (Gen:  0)
534094088  20515632  45578688  0.042  0.043    2.343    8.287    0    0  (Gen:  0)
547536328  73803832 124761408  0.172  0.193    3.205    8.824    0    0  (Gen:  0)
528695976  73812400 150898416  0.252  0.283    3.816    9.236    0    0  (Gen:  1)
528531640  73802224 170039976  0.094  0.095    4.331    9.478    0    0  (Gen:  0)
543612208  73816368 207818088  0.105  0.107    5.082    9.774    0    0  (Gen:  0)
553849616  36305016 216023944  0.071  0.075    5.761   10.023    0    0  (Gen:  0)
529683992  36302608 243490488  0.084  0.084    6.378   10.257    0    0  (Gen:  0)
540024312  36296400 237806808  0.055  0.058    7.008   10.476    0    0  (Gen:  0)
550481280  36302160 248227040  0.069  0.073    7.643   10.743    0    0  (Gen:  0)
524433288  34088520 263286904  0.088  0.088    8.119   11.192    0    0  (Gen:  0)
544714552  34086864 236331208  0.395  0.450    9.075   11.911    0    0  (Gen:  1)
537348592  34088232 241293808  0.068  0.068    9.715   12.130    0    0  (Gen:  0)
534657000  34085344 253065768  0.073  0.073   10.319   12.346    0    0  (Gen:  0)
534694608  34086856 273337568  0.091  0.091   10.956   12.578    0    0  (Gen:  0)
539066448  34085904 269526208  0.057  0.058   11.501   12.811    0    0  (Gen:  0)
531259824  20550944 268335096  0.048  0.049   11.986   13.132    0    0  (Gen:  0)
547072088  20551400 274092472  0.050  0.050   12.453   13.519    0    0  (Gen:  0)
561344896  39132816 299270584  0.077  0.078   13.188   14.099    0    0  (Gen:  0)
524681168  39131336 300167920  0.032  0.032   13.391   14.287    0    0  (Gen:  0)
520606152  39129072 303780408  0.010  0.010   13.548   14.444    0    0  (Gen:  0)
537516776  39129720 305996280  0.014  0.014   14.249   15.072    0    0  (Gen:  0)
535186488  39129232 307380616  0.014  0.014   15.183   15.855    0    0  (Gen:  0)
536596416  39129280 308803976  0.013  0.013   16.123   16.643    0    0  (Gen:  0)
539183584   5128200 309895624  0.014  0.015   17.068   17.436    0    0  (Gen:  0)
536604376   5087024 311193192  0.014  0.014   18.008   18.225    0    0  (Gen:  0)
537831728   5091992 312613032  0.013  0.013   18.949   19.016    0    0  (Gen:  0)
537209104   5092056 314781584  0.014  0.014   19.894   19.808    0    0  (Gen:  0)
539199040   5092176 316330984  0.015  0.015   20.833   20.601    0    0  (Gen:  0)
537952440   5092232 317730872  0.015  0.015   21.770   21.397    0    0  (Gen:  0)
540450400   5092296 319079296  0.015  0.015   22.718   22.201    0    0  (Gen:  0)
539508560   5092304 320434080  0.016  0.016   23.667   23.000    0    0  (Gen:  0)
535732448   5092408 321749456  0.015  0.015   24.603   23.795    0    0  (Gen:  0)
535327264   5386728 322943416  0.015  0.015   25.537   24.585    0    0  (Gen:  0)
538619792   5386792 324042352  0.015  0.015   26.497   25.395    0    0  (Gen:  0)
535305712   5386880 325349336  0.015  0.015   27.447   26.193    0    0  (Gen:  0)
538367144   5386928 326676776  0.014  0.014   28.401   26.999    0    0  (Gen:  0)
540700664   5386984 327971336  0.014  0.014   29.358   27.804    0    0  (Gen:  0)
539521256   5387016 329359064  0.014  0.014   30.306   28.608    0    0  (Gen:  0)
537254280   5231016 330764280  0.014  0.014   31.252   29.404    0    0  (Gen:  0)
541090096   5231080 332114904  0.016  0.016   32.206   30.204    0    0  (Gen:  0)
191618880 235468408 271263736  0.379  0.403   32.917   31.539    0    0  (Gen:  1)
   104424  11158168  18453216  0.016  0.035   32.933   31.607    0    0  (Gen:  1)
     1368                      0.000  0.000

  23,356,946,080 bytes allocated in the heap
   1,276,646,624 bytes copied during GC
     271,263,736 bytes maximum residency (5 sample(s))
       4,245,512 bytes maximum slop
             258 MB total memory in use (0 MB lost due to fragmentation)

                                     Tot time (elapsed)  Avg pause  Max pause
  Gen  0        40 colls,     0 par    1.635s   1.680s     0.0420s    0.1932s
  Gen  1         5 colls,     0 par    1.090s   1.228s     0.2456s    0.4504s

  TASKS: 21 (1 bound, 20 peak workers (20 total), using -N4)

  SPARKS: 0 (0 converted, 0 overflowed, 0 dud, 0 GC'd, 0 fizzled)

  INIT    time    0.001s  (  0.006s elapsed)
  MUT     time   30.207s  ( 28.693s elapsed)
  GC      time    2.725s  (  2.908s elapsed)
  EXIT    time    0.000s  (  0.011s elapsed)
  Total   time   32.934s  ( 31.618s elapsed)

  Alloc rate    773,235,754 bytes per MUT second

  Productivity  91.7% of total user, 90.8% of total elapsed

