bench-hist/parse_module_headers/ghcide --lsp --cwd bench/example/Cabal-3.0.0.0 +RTS -I0 -qg -A128M -Shover_after_edit.benchmark-gcStats -I0.5 
    Alloc    Copied     Live     GC     GC      TOT      TOT  Page Flts
    bytes     bytes     bytes   user   elap     user     elap
554860736      2160  15044128  0.048  0.053    0.788    6.580    0    0  (Gen:  0)
547055112      6768  21853800  0.049  0.058    1.213    7.470    0    0  (Gen:  1)
541479920   9171680  28313952  0.021  0.022    1.570    8.047    0    0  (Gen:  0)
532320080   9172352  43359744  0.045  0.047    2.447    8.583    0    0  (Gen:  0)
545924272   9174624 122611104  0.184  0.207    3.334    9.138    0    0  (Gen:  0)
524856864   9187352 150450264  0.282  0.318    3.973    9.585    0    0  (Gen:  1)
525376128   9176800 169843688  0.107  0.108    4.475    9.821    0    0  (Gen:  0)
548984696   9206880 211878712  0.135  0.139    5.373   10.201    0    0  (Gen:  0)
547988560   9176120 220619896  0.086  0.093    6.030   10.444    0    0  (Gen:  0)
538765256  21650648 227851008  0.056  0.059    6.651   10.674    0    0  (Gen:  0)
544192328  21648320 239479672  0.069  0.069    7.342   10.993    0    0  (Gen:  0)
537030008  21649472 251023912  0.098  0.102    8.031   11.259    0    0  (Gen:  0)
532578640 204478880 238663928  0.518  0.583    8.991   12.202    0    0  (Gen:  1)
539493408  25871688 240939896  0.063  0.064    9.624   12.577    0    0  (Gen:  0)
544700800  25827104 253355704  0.075  0.075   10.260   12.799    0    0  (Gen:  0)
532657912  34181504 263186608  0.079  0.079   10.932   13.035    0    0  (Gen:  0)
536348352  34182104 263181312  0.057  0.057   11.471   13.222    0    0  (Gen:  0)
535877664  34186368 265865448  0.051  0.051   11.995   13.470    0    0  (Gen:  0)
525618824  34181472 271193872  0.044  0.044   12.474   13.888    0    0  (Gen:  0)
529538680  34181176 278632008  0.050  0.050   12.923   14.247    0    0  (Gen:  0)
583524728  34184584 301172912  0.075  0.075   13.606   14.812    0    0  (Gen:  0)
523911408  34180496 312531968  0.055  0.055   13.978   15.125    0    0  (Gen:  0)
520479920  34179920 315245952  0.026  0.026   14.174   15.322    0    0  (Gen:  0)
537990608  34180640 319299408  0.014  0.014   14.421   15.578    0    0  (Gen:  0)
523278928  34180080 332025152  0.035  0.035   14.771   15.879    0    0  (Gen:  0)
520474384  34179960 334811424  0.025  0.026   14.954   16.062    0    0  (Gen:  0)
538763480  34180760 338168392  0.014  0.014   15.218   16.325    0    0  (Gen:  0)
525731200  16747360 351353632  0.035  0.035   15.551   16.608    0    0  (Gen:  0)
520470776  16106616 353944856  0.025  0.025   15.733   16.791    0    0  (Gen:  0)
544046080   6496784 358334528  0.016  0.016   16.034   17.079    0    0  (Gen:  0)
528918520  16622168 370450944  0.035  0.035   16.349   17.361    0    0  (Gen:  0)
520545544  15842296 373221808  0.025  0.025   16.531   17.544    0    0  (Gen:  0)
545094456  15843096 379606936  0.019  0.019   16.874   17.850    0    0  (Gen:  0)
524327256  16426184 389452992  0.033  0.033   17.135   18.097    0    0  (Gen:  0)
520514136  12766200 392096768  0.021  0.022   17.312   18.275    0    0  (Gen:  0)
541096168  10811336 401834120  0.024  0.024   17.666   18.591    0    0  (Gen:  0)
524509360  10818040 408445840  0.032  0.032   17.920   18.833    0    0  (Gen:  0)
520580600  10810672 410937864  0.017  0.017   18.097   19.011    0    0  (Gen:  0)
539641096  10811440 421552936  0.026  0.026   18.463   19.332    0    0  (Gen:  0)
525619784  10812200 427361616  0.031  0.031   18.710   19.573    0    0  (Gen:  0)
520579712  10810744 429793232  0.017  0.017   18.882   19.745    0    0  (Gen:  0)
540754088  10810696 372324008  0.628  0.719   19.864   20.770    0    0  (Gen:  1)
525262112  16752400 378306856  0.030  0.030   20.097   21.002    0    0  (Gen:  0)
520590472   8939232 380763656  0.016  0.016   20.268   21.174    0    0  (Gen:  0)
539653656   8939992 392172672  0.031  0.031   20.661   21.522    0    0  (Gen:  0)
525393176   8939816 397109440  0.030  0.030   20.885   21.746    0    0  (Gen:  0)
520594248   8939248 399639320  0.016  0.016   21.055   21.916    0    0  (Gen:  0)
537034448   8940048 411883408  0.033  0.033   21.459   22.274    0    0  (Gen:  0)
527265960  16817408 416188360  0.030  0.030   21.672   22.485    0    0  (Gen:  0)
520556744   8751496 418476976  0.016  0.016   21.840   22.653    0    0  (Gen:  0)
540063624   8752304 431389672  0.036  0.036   22.260   23.028    0    0  (Gen:  0)
524198312  16935680 435157864  0.029  0.029   22.461   23.228    0    0  (Gen:  0)
520569064   8134792 437361216  0.014  0.014   22.628   23.396    0    0  (Gen:  0)
537838608   8135552 449876464  0.034  0.034   23.044   23.764    0    0  (Gen:  0)
521050200  16909248 454061256  0.028  0.028   23.240   23.959    0    0  (Gen:  0)
520572992   7351984 456420304  0.012  0.012   23.403   24.123    0    0  (Gen:  0)
545057560   7352776 471417528  0.038  0.039   23.837   24.510    0    0  (Gen:  0)
520679512   7354608 473265120  0.027  0.027   24.028   24.701    0    0  (Gen:  0)
520572216   7352064 475798936  0.009  0.009   24.192   24.865    0    0  (Gen:  0)
537923176   7352856 491342256  0.040  0.040   24.627   25.253    0    0  (Gen:  0)
520876336   7353712 492638168  0.027  0.027   24.818   25.445    0    0  (Gen:  0)
520582760   7352128 494910280  0.008  0.008   24.977   25.604    0    0  (Gen:  0)
541823312  16842680 510265464  0.040  0.039   25.417   25.996    0    0  (Gen:  0)
520710336  16842536 511797104  0.026  0.026   25.599   26.179    0    0  (Gen:  0)
520595888  16841944 514343488  0.008  0.008   25.758   26.337    0    0  (Gen:  0)
537707824  16842752 529616616  0.040  0.040   26.200   26.731    0    0  (Gen:  0)
520860584  16842520 531129144  0.027  0.027   26.386   26.918    0    0  (Gen:  0)
520596608  16842016 533908864  0.008  0.009   26.548   27.080    0    0  (Gen:  0)
539197752  16842808 548852280  0.040  0.040   26.992   27.476    0    0  (Gen:  0)
520861176  16842512 550405552  0.026  0.026   27.174   27.658    0    0  (Gen:  0)
520601336  16842120 553079184  0.008  0.008   27.333   27.817    0    0  (Gen:  0)
536684152  16842936 568215456  0.040  0.040   27.773   28.210    0    0  (Gen:  0)
520778200  16842608 569734648  0.026  0.026   27.954   28.390    0    0  (Gen:  0)
520617848  16842200 572613712  0.009  0.009   28.112   28.548    0    0  (Gen:  0)
542978672  16843016 587376632  0.040  0.040   28.561   28.949    0    0  (Gen:  0)
520772176  16842568 589040216  0.026  0.026   28.746   29.134    0    0  (Gen:  0)
520618312  16842320 592039448  0.009  0.009   28.904   29.291    0    0  (Gen:  0)
538899952  16843128 606837800  0.041  0.041   29.349   29.688    0    0  (Gen:  0)
520775968  16842672 608371384  0.026  0.026   29.532   29.870    0    0  (Gen:  0)
520624352  16842424 611233824  0.009  0.009   29.689   30.028    0    0  (Gen:  0)
537332648  16756560 626108328  0.040  0.040   30.133   30.423    0    0  (Gen:  0)
520772896  17330064 627781104  0.026  0.026   30.318   30.608    0    0  (Gen:  0)
520628552   4677408 630726824  0.009  0.009   30.481   30.771    0    0  (Gen:  0)
536485864   4678240 645535472  0.040  0.040   30.925   31.168    0    0  (Gen:  0)
520778808   4677784 646988520  0.026  0.026   31.108   31.350    0    0  (Gen:  0)
520621024   4677592 650156704  0.009  0.009   31.266   31.509    0    0  (Gen:  0)
540106112   4678360 664739672  0.040  0.040   31.710   31.903    0    0  (Gen:  0)
521226096  17376440 666358752  0.026  0.026   31.892   32.086    0    0  (Gen:  0)
520636816   5004616 669638264  0.009  0.009   32.051   32.245    0    0  (Gen:  0)
536176992  16814552 684033880  0.040  0.040   32.497   32.642    0    0  (Gen:  0)
520779352  17263616 685522160  0.026  0.026   32.682   32.827    0    0  (Gen:  0)
520637408   4946992 688844632  0.009  0.009   32.843   32.988    0    0  (Gen:  0)
539636416  16851064 703307296  0.040  0.040   33.288   33.385    0    0  (Gen:  0)
520760200  17394856 704881160  0.026  0.026   33.471   33.567    0    0  (Gen:  0)
520639912   5131168 708287296  0.009  0.009   33.628   33.725    0    0  (Gen:  0)
536363008   5131984 722784064  0.040  0.041   34.074   34.122    0    0  (Gen:  0)
520774296   5131512 724310968  0.026  0.026   34.259   34.308    0    0  (Gen:  0)
520638128   5129544 661507648  1.170  1.332   35.578   35.790    0    0  (Gen:  1)
540115648   5130368 675737856  0.041  0.041   36.028   36.188    0    0  (Gen:  0)
520766264   5129912 677253032  0.028  0.028   36.218   36.378    0    0  (Gen:  0)
520643672   5129696 680581944  0.009  0.010   36.378   36.538    0    0  (Gen:  0)
536794144   5130496 694891248  0.043  0.043   36.834   36.942    0    0  (Gen:  0)
520776704   5129944 696430760  0.027  0.027   37.026   37.134    0    0  (Gen:  0)
520590960   5129736 699800256  0.009  0.009   37.184   37.293    0    0  (Gen:  0)
540326192   5130552 714102088  0.041  0.041   37.635   37.693    0    0  (Gen:  0)
520709896   5130040 715705280  0.027  0.027   37.822   37.879    0    0  (Gen:  0)
520661648   5129832 719049576  0.009  0.009   37.980   38.037    0    0  (Gen:  0)
540312136   5130640 733318584  0.041  0.041   38.432   38.438    0    0  (Gen:  0)
520698040   5130104 735079488  0.027  0.027   38.617   38.623    0    0  (Gen:  0)
520662336   5129896 738296152  0.010  0.010   38.774   38.781    0    0  (Gen:  0)
540155888   5130704 752539912  0.042  0.042   39.235   39.190    0    0  (Gen:  0)
520738888   5130264 754287112  0.027  0.027   39.422   39.377    0    0  (Gen:  0)
520623136   5130056 757537312  0.009  0.009   39.579   39.534    0    0  (Gen:  0)
543367032   5130864 771836928  0.040  0.040   40.032   39.936    0    0  (Gen:  0)
520795280   5130352 773491440  0.027  0.027   40.219   40.122    0    0  (Gen:  0)
520559656   5130144 776852336  0.009  0.009   40.376   40.279    0    0  (Gen:  0)
538711280   5130968 791000208  0.040  0.040   40.828   40.682    0    0  (Gen:  0)
520789144   5130440 792828448  0.028  0.028   41.027   40.882    0    0  (Gen:  0)
520563064   5130232 796047432  0.009  0.009   41.187   41.041    0    0  (Gen:  0)
543049168  16614920 810151488  0.040  0.040   41.637   41.440    0    0  (Gen:  0)
520771528  17549008 812030984  0.027  0.027   41.824   41.627    0    0  (Gen:  0)
520578272   5091048 815217144  0.009  0.009   41.980   41.784    0    0  (Gen:  0)
536620232  16564744 829409184  0.040  0.040   42.431   42.183    0    0  (Gen:  0)
525881424  16564176 831324144  0.027  0.027   42.619   42.372    0    0  (Gen:  0)
520596320  16563968 834449536  0.009  0.009   42.775   42.527    0    0  (Gen:  0)
537364840  16564784 848684192  0.042  0.042   43.230   42.931    0    0  (Gen:  0)
520777368  16564216 850426584  0.027  0.027   43.418   43.118    0    0  (Gen:  0)
520590032  16564008 853589456  0.009  0.009   43.573   43.274    0    0  (Gen:  0)
540206184  16564824 867879704  0.040  0.040   44.021   43.670    0    0  (Gen:  0)
520763624  16564288 869763784  0.027  0.027   44.209   43.858    0    0  (Gen:  0)
520600256  16564080 872815040  0.009  0.009   44.365   44.015    0    0  (Gen:  0)
536541936  16564896 886989336  0.043  0.043   44.817   44.416    0    0  (Gen:  0)
520761752  16564368 888833568  0.027  0.027   45.004   44.602    0    0  (Gen:  0)
520605552  16564160 891934944  0.009  0.009   45.160   44.758    0    0  (Gen:  0)
538206448  16564968 906134736  0.040  0.040   45.613   45.161    0    0  (Gen:  0)
520761408  16564416 908139560  0.027  0.027   45.801   45.349    0    0  (Gen:  0)
520610608  16564208 911093248  0.009  0.009   45.957   45.504    0    0  (Gen:  0)
536683632  16565024 925451320  0.040  0.040   46.408   45.904    0    0  (Gen:  0)
520765456  16564544 927373096  0.027  0.027   46.596   46.092    0    0  (Gen:  0)
520614152  16564336 930397784  0.009  0.009   46.754   46.250    0    0  (Gen:  0)
541095192  16565144 944760240  0.040  0.040   47.206   46.651    0    0  (Gen:  0)
520746040  16564616 946476768  0.027  0.027   47.392   46.837    0    0  (Gen:  0)
520616984  16564408 949539928  0.009  0.009   47.550   46.996    0    0  (Gen:  0)
536115112  16522576 963845416  0.040  0.040   48.002   47.395    0    0  (Gen:  0)
520748440  17644424 965735880  0.027  0.027   48.189   47.582    0    0  (Gen:  0)
520614520   5031032 968807504  0.009  0.009   48.344   47.737    0    0  (Gen:  0)
538589544   5031848 983012576  0.040  0.041   48.797   48.140    0    0  (Gen:  0)
520796376   5031336 984909416  0.027  0.027   48.989   48.333    0    0  (Gen:  0)
520622280   5031128 988002600  0.009  0.009   49.145   48.488    0    0  (Gen:  0)
536415456  16597248 1002255792  0.042  0.042   49.601   48.893    0    0  (Gen:  0)
520759328  17718200 1004141120  0.027  0.027   49.790   49.082    0    0  (Gen:  0)
520677960   4923784 1007061776  0.008  0.008   49.944   49.236    0    0  (Gen:  0)
539335832  16638584 1021530528  0.040  0.040   50.399   49.641    0    0  (Gen:  0)
520750056  17700128 1023357864  0.028  0.028   50.591   49.834    0    0  (Gen:  0)
520620400   4938752 1026300368  0.008  0.008   50.747   49.989    0    0  (Gen:  0)
536234680   4939560 1040727800  0.040  0.041   51.201   50.392    0    0  (Gen:  0)
520766248   4939064 1042498128  0.027  0.027   51.388   50.579    0    0  (Gen:  0)
520626032   4938856 1045456624  0.008  0.008   51.543   50.734    0    0  (Gen:  0)
536519296  16691904 1059898880  0.041  0.041   52.004   51.144    0    0  (Gen:  0)
520761544  17765648 1061729512  0.027  0.027   52.192   51.333    0    0  (Gen:  0)
520680336   4963512 1064692792  0.008  0.008   52.347   51.488    0    0  (Gen:  0)
538255896  16464920 1078801232  0.043  0.044   52.818   51.904    0    0  (Gen:  0)
522114832  16464424 1080825656  0.028  0.028   53.007   52.094    0    0  (Gen:  0)
520690192  16464216 1083727576  0.009  0.009   53.164   52.250    0    0  (Gen:  0)
536977744  16465024 1098070488  0.040  0.040   53.620   52.657    0    0  (Gen:  0)
520751368  16464536 1099980384  0.028  0.028   53.810   52.846    0    0  (Gen:  0)
520687592  16464328 1102898528  0.008  0.008   53.964   53.000    0    0  (Gen:  0)
538878464  16465144 1117275736  0.044  0.044   54.422   53.407    0    0  (Gen:  0)
520825184  16464664 1119016880  0.027  0.028   54.611   53.596    0    0  (Gen:  0)
520695520  16464456 1121949456  0.008  0.008   54.764   53.749    0    0  (Gen:  0)
536604392  16465272 1136427656  0.041  0.041   55.220   54.153    0    0  (Gen:  0)
520759112  16464736 1138173736  0.028  0.028   55.409   54.341    0    0  (Gen:  0)
520642288  16464528 1141123480  0.008  0.008   55.561   54.494    0    0  (Gen:  0)
537945112  16465352 1155484136  0.041  0.041   56.016   54.897    0    0  (Gen:  0)
520734424  16464856 1157311048  0.027  0.027   56.207   55.088    0    0  (Gen:  0)
520693272  16464648 1160363880  0.008  0.009   56.360   55.241    0    0  (Gen:  0)
537021808  16465464 1174644776  0.043  0.043   56.820   55.651    0    0  (Gen:  0)
520747264  16464984 1176584640  0.028  0.028   57.011   55.842    0    0  (Gen:  0)
520704080  16464776 1179328296  0.008  0.008   57.163   55.994    0    0  (Gen:  0)
536319536  16623264 1193779024  0.041  0.041   57.619   56.398    0    0  (Gen:  0)
520745192  17818760 1195674896  0.028  0.028   57.809   56.587    0    0  (Gen:  0)
520708464   4868808 1198488824  0.008  0.008   57.963   56.741    0    0  (Gen:  0)
539430040   4869632 1212858208  0.044  0.044   58.426   57.156    0    0  (Gen:  0)
520788016   4869152 1214760960  0.028  0.028   58.614   57.344    0    0  (Gen:  0)
520714032   4868944 1217565120  0.008  0.008   58.766   57.496    0    0  (Gen:  0)
539849824   4869752 1232013784  0.040  0.040   59.221   57.898    0    0  (Gen:  0)
520602624   4869256 1233826016  0.028  0.028   59.412   58.089    0    0  (Gen:  0)
520721544   4869048 1236684896  0.008  0.008   59.564   58.242    0    0  (Gen:  0)
540319000   4869864 1251254832  0.040  0.040   60.019   58.646    0    0  (Gen:  0)
520558768   4869328 1253009928  0.028  0.029   60.215   58.843    0    0  (Gen:  0)
520724024   4869200 1255886816  0.008  0.008   60.372   59.000    0    0  (Gen:  0)
540417360   4869872 1270304016  0.040  0.040   60.829   59.406    0    0  (Gen:  0)
521140568   4869424 1272212696  0.028  0.028   61.021   59.598    0    0  (Gen:  0)
520658768   4869664 1272701008  0.005  0.005   61.170   59.747    0    0  (Gen:  0)
536896064   4869600 1289564856  0.040  0.040   61.625   60.150    0    0  (Gen:  0)
520627256   4869480 1291545728  0.027  0.027   61.814   60.340    0    0  (Gen:  0)
526209696   4216504 1293913760  0.007  0.007   61.972   60.499    0    0  (Gen:  0)
536503200  16414568 1308704968  0.041  0.041   62.430   60.906    0    0  (Gen:  0)
520698280  16414680 1310520720  0.028  0.028   62.620   61.097    0    0  (Gen:  0)
526198496   3082744 1311983200  0.006  0.006   62.779   61.255    0    0  (Gen:  0)
539426640  16399944 1327864392  0.040  0.040   63.227   61.653    0    0  (Gen:  0)
520629912  17495056 1329878696  0.028  0.028   63.418   61.843    0    0  (Gen:  0)
525685104  17492280 1199323720  2.244  2.593   65.816   64.587    0    0  (Gen:  1)
536256768  17494696 1214534104  0.040  0.040   66.264   64.990    0    0  (Gen:  0)
520635944  17491720 1216406512  0.029  0.029   66.461   65.187    0    0  (Gen:  0)
522799128   4025008 1218720848  0.009  0.009   66.627   65.348    0    0  (Gen:  0)
536295128   4027464 1233632536  0.040  0.040   67.073   65.748    0    0  (Gen:  0)
520634440   4024568 1235499088  0.028  0.028   67.269   65.944    0    0  (Gen:  0)
527281456   4600240 1238462832  0.010  0.010   67.438   66.107    0    0  (Gen:  0)
536442528   4603600 1252803160  0.040  0.040   67.881   66.505    0    0  (Gen:  0)
520635336   4599720 1254868808  0.028  0.028   68.074   66.699    0    0  (Gen:  0)
524697632   4600288 1258139936  0.012  0.012   68.245   66.863    0    0  (Gen:  0)
536367720  16393864 1272063224  0.039  0.039   68.689   67.265    0    0  (Gen:  0)
520673064  16388928 1273954032  0.027  0.027   68.881   67.457    0    0  (Gen:  0)
523683736  16389504 1277626912  0.012  0.012   69.049   67.617    0    0  (Gen:  0)
537010040  16394344 1291205120  0.039  0.039   69.492   68.018    0    0  (Gen:  0)
520641136  16388848 1293249920  0.027  0.027   69.683   68.209    0    0  (Gen:  0)
525896008  16389560 1297366128  0.013  0.013   69.855   68.373    0    0  (Gen:  0)
536161328  16393680 1310462456  0.039  0.039   70.299   68.783    0    0  (Gen:  0)
520648584  16388920 1312424072  0.026  0.026   70.493   68.977    0    0  (Gen:  0)
527091064   4319352 1314954608  0.009  0.009   70.662   69.136    0    0  (Gen:  0)
538029416   4318752 1329716720  0.039  0.039   71.103   69.538    0    0  (Gen:  0)
520674608  16176048 1331588576  0.026  0.026   71.293   69.728    0    0  (Gen:  0)
528143600  16176840 1334217400  0.009  0.009   71.466   69.893    0    0  (Gen:  0)
536998208  16176216 1348851792  0.038  0.038   71.904   70.291    0    0  (Gen:  0)
520652960  16176096 1350755384  0.027  0.027   72.096   70.484    0    0  (Gen:  0)
529042208  16176880 1353725600  0.010  0.010   72.285   70.667    0    0  (Gen:  0)
538958288  16176288 1368021784  0.040  0.040   72.722   71.062    0    0  (Gen:  0)
520690488  16176152 1369899656  0.025  0.025   72.915   71.256    0    0  (Gen:  0)
534528224   5256888 1373489368  0.012  0.012   73.128   71.470    0    0  (Gen:  0)
529308480  16452160 1387273512  0.037  0.037   73.525   71.816    0    0  (Gen:  0)
520664840  16452104 1389228176  0.025  0.025   73.714   72.006    0    0  (Gen:  0)
541505880  16452888 1393269216  0.013  0.013   73.949   72.247    0    0  (Gen:  0)
525825376  16452272 1406438584  0.036  0.036   74.331   72.577    0    0  (Gen:  0)
520584472  16452200 1408394728  0.025  0.025   74.522   72.769    0    0  (Gen:  0)
543023408  16453000 1412792664  0.014  0.014   74.774   73.031    0    0  (Gen:  0)
522821648  16452384 1425656840  0.036  0.036   75.133   73.338    0    0  (Gen:  0)
520485432  16452328 1427577144  0.025  0.025   75.322   73.526    0    0  (Gen:  0)
541527368  16453120 1431871264  0.014  0.014   75.574   73.788    0    0  (Gen:  0)
530281712  16452520 1444814008  0.036  0.036   75.936   74.099    0    0  (Gen:  0)
520509816  16452400 1447081232  0.025  0.025   76.126   74.289    0    0  (Gen:  0)
539580696  16453192 1451239128  0.015  0.015   76.382   74.554    0    0  (Gen:  0)
526214264  16637112 1464135576  0.037  0.037   76.739   74.856    0    0  (Gen:  0)
520511832  16144992 1466735568  0.026  0.026   76.931   75.049    0    0  (Gen:  0)
541695344  16145792 1470803312  0.015  0.016   77.205   75.322    0    0  (Gen:  0)
526532136  16145208 1483419840  0.036  0.036   77.544   75.613    0    0  (Gen:  0)
520535848  16145088 1486102168  0.026  0.026   77.739   75.807    0    0  (Gen:  0)
539914024  16145872 1490267520  0.017  0.017   78.037   76.093    0    0  (Gen:  0)
525965776  16145280 1502671384  0.035  0.035   78.352   76.380    0    0  (Gen:  0)
520548888  16145160 1505223192  0.026  0.026   78.540   76.568    0    0  (Gen:  0)
538142008  16145928 1509948560  0.018  0.018   78.867   76.870    0    0  (Gen:  0)
522944736  16145368 1521664912  0.034  0.034   79.157   77.140    0    0  (Gen:  0)
520548616  16145248 1524449856  0.026  0.026   79.345   77.328    0    0  (Gen:  0)
540277032  16146048 1529905864  0.018  0.018   79.693   77.641    0    0  (Gen:  0)
525984568  16147072 1540743848  0.034  0.034   79.966   77.902    0    0  (Gen:  0)
520563704  16145376 1543374656  0.023  0.024   80.152   78.088    0    0  (Gen:  0)
543864408  16146184 1553045272  0.025  0.025   80.518   78.412    0    0  (Gen:  0)
525229424  16150712 1559654064  0.032  0.032   80.777   78.664    0    0  (Gen:  0)
520577504  16145488 1562198328  0.018  0.018   80.956   78.843    0    0  (Gen:  0)
540889624  16146288 1572489776  0.027  0.027   81.341   79.181    0    0  (Gen:  0)
528765048  16150824 1578568208  0.030  0.030   81.590   79.429    0    0  (Gen:  0)
520583480  16145680 1581051032  0.016  0.016   81.766   79.605    0    0  (Gen:  0)
540688352  16146456 1592315048  0.031  0.031   82.165   79.956    0    0  (Gen:  0)
523461008  16146272 1597506480  0.030  0.030   82.398   80.187    0    0  (Gen:  0)
520612080  16145704 1599962984  0.016  0.016   82.573   80.363    0    0  (Gen:  0)
540737800  16146504 1612172224  0.034  0.034   82.982   80.726    0    0  (Gen:  0)
523233984  16146536 1616481896  0.030  0.030   83.211   80.954    0    0  (Gen:  0)
520551712  16145816 1618863264  0.015  0.015   83.385   81.128    0    0  (Gen:  0)
542529296  16146592 1631700208  0.036  0.036   83.808   81.504    0    0  (Gen:  0)
527256136  16146320 1635641176  0.030  0.030   84.021   81.715    0    0  (Gen:  0)
522897192  16145880 1637811848  0.015  0.015   84.195   81.890    0    0  (Gen:  0)
538375544  14144296 1650576536  0.035  0.035   84.625   82.271    0    0  (Gen:  0)
526249528  14145152 1654815360  0.028  0.028   84.829   82.474    0    0  (Gen:  0)
520584744  14143600 1657155384  0.013  0.013   84.999   82.645    0    0  (Gen:  0)
537712672  14144392 1672610032  0.041  0.041   85.446   83.046    0    0  (Gen:  0)
520760416  14147056 1673900536  0.027  0.027   85.647   83.247    0    0  (Gen:  0)
520578176  14143736 1676454656  0.009  0.009   85.812   83.412    0    0  (Gen:  0)
538300704  17155072 1692027624  0.041  0.041   86.259   83.809    0    0  (Gen:  0)
521263752  17156184 1693310744  0.027  0.027   86.454   84.004    0    0  (Gen:  0)
520582760  17154360 1695586144  0.008  0.008   86.618   84.168    0    0  (Gen:  0)
539868296  16828520 1710960776  0.041  0.041   87.068   84.568    0    0  (Gen:  0)
521031896  16828304 1712579664  0.026  0.026   87.261   84.760    0    0  (Gen:  0)
520595272  16827800 1715122352  0.008  0.008   87.429   84.930    0    0  (Gen:  0)
536537720  16828608 1730345512  0.041  0.042   87.882   85.333    0    0  (Gen:  0)
520771272  16828344 1731890616  0.026  0.026   88.071   85.522    0    0  (Gen:  0)
520603152  16827848 1734616984  0.009  0.009   88.236   85.687    0    0  (Gen:  0)
537965112  16828664 1749640720  0.041  0.042   88.688   86.089    0    0  (Gen:  0)
520792880  16828320 1751093312  0.026  0.026   88.876   86.277    0    0  (Gen:  0)
520590736  16827992 1753936656  0.009  0.009   89.045   86.446    0    0  (Gen:  0)
540396536  16828808 1768901992  0.041  0.042   89.500   86.851    0    0  (Gen:  0)
520774896  16828352 1770435392  0.026  0.026   89.692   87.043    0    0  (Gen:  0)
520612496  16828104 1773320344  0.009  0.009   89.856   87.207    0    0  (Gen:  0)
536288216  16828928 1788186704  0.041  0.041   90.310   87.612    0    0  (Gen:  0)
520772312  16828528 1789688352  0.026  0.026   90.496   87.798    0    0  (Gen:  0)
520608024  16828272 1792448432  0.009  0.009   90.661   87.962    0    0  (Gen:  0)
536740568  16829088 1807504264  0.042  0.042   91.113   88.366    0    0  (Gen:  0)
523138936  17153624 1808908528  0.026  0.026   91.307   88.560    0    0  (Gen:  0)
520613904   4578848 1811905344  0.009  0.009   91.472   88.725    0    0  (Gen:  0)
536085040   4579664 1826702416  0.041  0.041   91.928   89.130    0    0  (Gen:  0)
523748408   4579144 1828208536  0.026  0.026   92.116   89.319    0    0  (Gen:  0)
520622032   4578912 1831285360  0.009  0.009   92.281   89.483    0    0  (Gen:  0)
536472696   4579720 1846101168  0.041  0.042   92.735   89.888    0    0  (Gen:  0)
522931448   4579256 1847676544  0.026  0.026   92.928   90.081    0    0  (Gen:  0)
520620624   4579008 1850793528  0.009  0.009   93.093   90.246    0    0  (Gen:  0)
536872760   4579824 1865256440  0.041  0.042   93.546   90.656    0    0  (Gen:  0)
520780480   4579368 1866879872  0.026  0.026   93.735   90.845    0    0  (Gen:  0)
520572456   4579128 1870060992  0.009  0.009   93.902   91.013    0    0  (Gen:  0)
536708760  16813728 1884602024  0.041  0.041   94.356   91.417    0    0  (Gen:  0)
520717368  17267168 1886127448  0.026  0.026   94.544   91.605    0    0  (Gen:  0)
520608384   5030392 1889556968  0.009  0.009   94.708   91.769    0    0  (Gen:  0)
542526960  16884848 1903979056  0.042  0.042   95.164   92.177    0    0  (Gen:  0)
520755096  17407952 1905564840  0.026  0.027   95.358   92.371    0    0  (Gen:  0)
520578960   4968664 1908777632  0.009  0.009   95.521   92.534    0    0  (Gen:  0)
538762272   4969488 1923040472  0.041  0.041   95.980   92.943    0    0  (Gen:  0)
520751208   4968976 1924764368  0.026  0.026   96.168   93.132    0    0  (Gen:  0)
520635936   4968832 1928206256  0.010  0.010   96.333   93.297    0    0  (Gen:  0)
538949440  16800904 1942428752  0.043  0.043   96.793   93.708    0    0  (Gen:  0)
522756544  16800400 1943955200  0.026  0.026   96.988   93.903    0    0  (Gen:  0)
520586944  16800192 1947471152  0.010  0.010   97.151   94.066    0    0  (Gen:  0)
161927512  16797072 1802587640  3.242  3.606  100.441   98.409    0    0  (Gen:  1)
   103424  11174152  18837344  0.031  0.205  100.472   98.614    0    0  (Gen:  1)
     1800                      0.000  0.000

 168,680,769,496 bytes allocated in the heap
   4,469,621,752 bytes copied during GC
   1,802,587,640 bytes maximum residency (8 sample(s))
       9,191,944 bytes maximum slop
            1719 MB total memory in use (0 MB lost due to fragmentation)

                                     Tot time (elapsed)  Avg pause  Max pause
  Gen  0       313 colls,     0 par    8.922s   8.986s     0.0287s    0.2072s
  Gen  1         8 colls,     0 par    8.164s   9.414s     1.1767s    3.6063s

  TASKS: 24 (1 bound, 23 peak workers (23 total), using -N4)

  SPARKS: 0 (0 converted, 0 overflowed, 0 dud, 0 GC'd, 0 fizzled)

  INIT    time    0.001s  (  0.005s elapsed)
  MUT     time   83.385s  ( 80.209s elapsed)
  GC      time   17.087s  ( 18.400s elapsed)
  EXIT    time    0.000s  (  0.008s elapsed)
  Total   time  100.473s  ( 98.622s elapsed)

  Alloc rate    2,022,925,118 bytes per MUT second

  Productivity  83.0% of total user, 81.3% of total elapsed

