bench-hist/v0.1.0/ghcide --lsp --cwd bench/example/Cabal-3.0.0.0 +RTS -I0 -qg -A128M -Scode_actions_after_edit.benchmark-gcStats -I0.5 
    Alloc    Copied     Live     GC     GC      TOT      TOT  Page Flts
    bytes     bytes     bytes   user   elap     user     elap
571688984      2160  27735664  0.071  0.079    0.716    6.533    0    0  (Gen:  0)
561583960      6120  42733448  0.101  0.116    1.129    7.206    0    0  (Gen:  1)
545602640  30152328  59967832  0.063  0.065    1.486    7.657    0    0  (Gen:  0)
535879976  30151840  81196320  0.081  0.085    1.810    8.100    0    0  (Gen:  0)
550793880  30153056  94437528  0.180  0.206    2.283    8.835    0    0  (Gen:  1)
542341376  30151832 111450624  0.062  0.063    2.617    9.311    0    0  (Gen:  0)
543022344  30150936 125785864  0.061  0.062    3.731    9.867    0    0  (Gen:  0)
555135112  30154856 215943640  0.203  0.218    4.822   10.467    0    0  (Gen:  0)
525438936  30157192 259347168  0.245  0.272    5.723   10.925    0    0  (Gen:  0)
529428456 262692032 291568984  0.565  0.623    6.919   11.717    0    0  (Gen:  1)
528728544  83577488 335540736  0.200  0.201    7.709   12.069    0    0  (Gen:  0)
526015592 104131888 394534928  0.241  0.242    8.529   12.462    0    0  (Gen:  0)
526238384 104131784 450683592  0.250  0.250    9.341   12.856    0    0  (Gen:  0)
522221688 104168056 498812832  0.233  0.243   10.091   13.232    0    0  (Gen:  0)
527797512 113920096 565107416  0.263  0.280   10.806   13.696    0    0  (Gen:  0)
526058168 113923584 618743912  0.270  0.294   11.589   14.165    0    0  (Gen:  0)
521585840 113934240 656895328  1.212  1.375   13.201   15.786    0    0  (Gen:  1)
517369432 113916728 716778216  0.184  0.184   13.685   16.270    0    0  (Gen:  0)
524893016 113919224 755483296  0.181  0.181   14.416   16.760    0    0  (Gen:  0)
528599144 113922848 791174576  0.158  0.158   15.206   17.099    0    0  (Gen:  0)
523721312 113921328 824756184  0.155  0.156   15.874   17.658    0    0  (Gen:  0)
528692552 113919968 866306944  0.166  0.167   16.610   18.068    0    0  (Gen:  0)
525308592  79060152 901588216  0.165  0.165   17.392   18.444    0    0  (Gen:  0)
578874152  79058616 930520040  0.134  0.134   18.075   19.063    0    0  (Gen:  0)
570713072  79057200 945241672  0.077  0.077   18.744   19.687    0    0  (Gen:  0)
572087168  79057312 957281784  0.058  0.058   19.384   20.293    0    0  (Gen:  0)
571914232  24895296 969156952  0.056  0.056   20.023   20.897    0    0  (Gen:  0)
573461600  24895056 980053704  0.057  0.057   20.662   21.502    0    0  (Gen:  0)
567221720  24845080 990741224  0.055  0.055   21.288   22.097    0    0  (Gen:  0)
575590816  24845080 994396864  0.050  0.050   21.920   22.695    0    0  (Gen:  0)
569335576  24845224 1005724224  0.051  0.051   22.545   23.294    0    0  (Gen:  0)
569738352  24848824 1017048208  0.053  0.053   23.173   23.889    0    0  (Gen:  0)
573808384  23666392 1027979928  0.052  0.052   23.803   24.492    0    0  (Gen:  0)
575563328  23222512 1038816760  0.053  0.053   24.442   25.100    0    0  (Gen:  0)
564601920  23222552 1049011576  0.050  0.050   25.080   25.706    0    0  (Gen:  0)
568662224  23227120 1058215248  0.045  0.046   25.728   26.320    0    0  (Gen:  0)
568321320  23222632 1076153400  0.051  0.051   26.373   26.931    0    0  (Gen:  0)
567362032  23222616 1085116488  0.049  0.049   27.015   27.540    0    0  (Gen:  0)
567254736  23222856 1091083672  0.044  0.044   27.634   28.139    0    0  (Gen:  0)
568903520  23222712 1099528856  0.049  0.049   28.270   28.755    0    0  (Gen:  0)
571559704  23222664 1109650840  0.052  0.052   28.910   29.374    0    0  (Gen:  0)
571439384  23222752 1119494440  0.051  0.051   29.551   29.983    0    0  (Gen:  0)
561837768  23222760 1129478000  0.050  0.050   30.159   30.544    0    0  (Gen:  0)
566867888  23222808 1138432120  0.047  0.047   30.826   31.174    0    0  (Gen:  0)
563790544  23222848 1156570472  0.051  0.051   31.465   31.777    0    0  (Gen:  0)
567892808  23222944 1162538664  0.045  0.046   32.096   32.387    0    0  (Gen:  0)
567559592  19875128 1169155240  0.046  0.046   32.727   33.002    0    0  (Gen:  0)
569521832  19875016 1178761808  0.049  0.049   33.378   33.632    0    0  (Gen:  0)
569740584  19875024 1188497568  0.050  0.050   34.002   34.217    0    0  (Gen:  0)
564333400  19875016 1197775416  0.048  0.049   34.655   34.828    0    0  (Gen:  0)
570091384  21904496 1214889424  0.055  0.058   35.320   35.463    0    0  (Gen:  0)
567340056  20704600 1221766856  0.049  0.054   35.958   36.081    0    0  (Gen:  0)
566116456 1173449656 1207238856  2.151  2.476   38.703   39.136    0    0  (Gen:  1)
569209544 1173449456 1216802440  0.049  0.049   39.337   39.753    0    0  (Gen:  0)
562405232 1173449464 1226567184  0.052  0.052   39.941   40.315    0    0  (Gen:  0)
564970856 1173449472 1242797296  0.050  0.050   40.596   40.943    0    0  (Gen:  0)
565859144 1173449512 1250177904  0.044  0.044   41.225   41.548    0    0  (Gen:  0)
566033536  19742736 1255129424  0.045  0.045   41.845   42.165    0    0  (Gen:  0)
568888136  19742544 1264746192  0.050  0.050   42.483   42.783    0    0  (Gen:  0)
564248176  19742528 1273860840  0.048  0.049   43.110   43.378    0    0  (Gen:  0)
570272064  19745432 1290776744  0.050  0.050   43.763   44.003    0    0  (Gen:  0)
568898624  19239400 1295263000  0.043  0.043   44.390   44.616    0    0  (Gen:  0)
565840968  19239464 1302898888  0.046  0.047   45.027   45.248    0    0  (Gen:  0)
566573352  19239480 1312209472  0.051  0.051   45.640   45.819    0    0  (Gen:  0)
565960328  19239496 1328361704  0.050  0.051   46.306   46.455    0    0  (Gen:  0)
567340040  19239544 1335055576  0.044  0.044   46.925   47.058    0    0  (Gen:  0)
567807528  19239680 1340732056  0.045  0.045   47.568   47.694    0    0  (Gen:  0)
559642240  19239600 1349715576  0.047  0.047   48.172   48.260    0    0  (Gen:  0)
562489544  19239608 1365974984  0.050  0.050   48.836   48.895    0    0  (Gen:  0)
569161488  19239640 1371356304  0.046  0.046   49.461   49.509    0    0  (Gen:  0)
569728048  19239776 1377740744  0.045  0.046   50.116   50.159    0    0  (Gen:  0)
561968320  21006720 1386944224  0.048  0.048   50.734   50.733    0    0  (Gen:  0)
569524920  21008048 1403453056  0.051  0.051   51.398   51.370    0    0  (Gen:  0)
569287416  21006800 1406645104  0.042  0.042   52.023   51.988    0    0  (Gen:  0)
564090536  21006848 1414620984  0.046  0.046   52.664   52.612    0    0  (Gen:  0)
559215968  21006864 1430243952  0.051  0.052   53.309   53.216    0    0  (Gen:  0)
570453064  19962648 1437829608  0.044  0.044   53.947   53.829    0    0  (Gen:  0)
565993184  19814696 1442255288  0.044  0.044   54.584   54.472    0    0  (Gen:  0)
352011936 875500976 913195464  1.281  1.285   56.235   56.745    0    0  (Gen:  1)
   104160  11593056  18051024  0.022  0.119   56.258   56.866    0    0  (Gen:  1)
     1368                      0.000  0.000

  43,877,630,712 bytes allocated in the heap
   9,864,766,016 bytes copied during GC
   1,207,238,856 bytes maximum residency (7 sample(s))
       5,701,432 bytes maximum slop
            1151 MB total memory in use (0 MB lost due to fragmentation)

                                     Tot time (elapsed)  Avg pause  Max pause
  Gen  0        73 colls,     0 par    6.012s   6.141s     0.0841s    0.2940s
  Gen  1         7 colls,     0 par    5.512s   6.201s     0.8858s    2.4759s

  TASKS: 20 (1 bound, 19 peak workers (19 total), using -N4)

  SPARKS: 0 (0 converted, 0 overflowed, 0 dud, 0 GC'd, 0 fizzled)

  INIT    time    0.001s  (  0.005s elapsed)
  MUT     time   44.733s  ( 44.518s elapsed)
  GC      time   11.523s  ( 12.342s elapsed)
  EXIT    time    0.000s  (  0.011s elapsed)
  Total   time   56.258s  ( 56.876s elapsed)

  Alloc rate    980,874,632 bytes per MUT second

  Productivity  79.5% of total user, 78.3% of total elapsed

