bench-hist/v0.1.0/ghcide --lsp --cwd bench/example/Cabal-3.0.0.0 +RTS -I0 -qg -A128M -Sedit.benchmark-gcStats -I0.5 
    Alloc    Copied     Live     GC     GC      TOT      TOT  Page Flts
    bytes     bytes     bytes   user   elap     user     elap
566228288      2160  27458856  0.069  0.077    0.705    6.143    0    0  (Gen:  0)
560647304      6144  42551192  0.100  0.115    1.113    6.807    0    0  (Gen:  1)
546820088  30175856  59704048  0.061  0.063    1.468    7.263    0    0  (Gen:  0)
534191536  35907752  80332904  0.081  0.086    1.787    7.695    0    0  (Gen:  0)
550136464  35908952  95200264  0.177  0.201    2.255    8.419    0    0  (Gen:  1)
538664888  35907696 111384024  0.060  0.060    2.588    8.892    0    0  (Gen:  0)
537485352  29675672 125198584  0.057  0.057    3.666    9.434    0    0  (Gen:  0)
552451016  29679672 206663728  0.182  0.193    4.680   10.029    0    0  (Gen:  0)
534868880  29682768 258062400  0.241  0.269    5.615   10.495    0    0  (Gen:  0)
525198832 267601296 296383688  0.528  0.585    6.763   11.258    0    0  (Gen:  1)
525290200 267603784 340831848  0.186  0.187    7.504   11.586    0    0  (Gen:  0)
524447688 267604136 386772288  0.185  0.186    8.188   11.899    0    0  (Gen:  0)
525732392 267602760 446930832  0.214  0.215    8.952   12.255    0    0  (Gen:  0)
526496904 267602520 500000984  0.230  0.240    9.780   12.652    0    0  (Gen:  0)
523624512 267599968 553202536  0.226  0.240   10.556   13.045    0    0  (Gen:  0)
525590024 267606960 610168952  0.237  0.253   11.244   13.470    0    0  (Gen:  0)
522342072 267613520 655051152  1.132  1.297   12.693   15.030    0    0  (Gen:  1)
517392768 267596512 714818480  0.177  0.177   13.147   15.484    0    0  (Gen:  0)
528379248 267599024 754540632  0.166  0.167   13.801   15.937    0    0  (Gen:  0)
525020272 267603848 791170832  0.150  0.151   14.563   16.279    0    0  (Gen:  0)
525406744 267618096 825786960  0.160  0.160   15.235   16.821    0    0  (Gen:  0)
523008616  77708336 867118728  0.167  0.168   15.933   17.239    0    0  (Gen:  0)
526467520  76787904 900230016  0.162  0.163   16.742   17.582    0    0  (Gen:  0)
575172744  76786984 930260176  0.138  0.139   17.413   18.181    0    0  (Gen:  0)
571959200  76785472 945286544  0.078  0.079   18.087   18.813    0    0  (Gen:  0)
567177784  26597496 959855904  0.057  0.058   18.743   19.423    0    0  (Gen:  0)
568867856  26597080 965715448  0.056  0.056   19.364   20.013    0    0  (Gen:  0)
572112384  24805520 977312408  0.052  0.052   20.037   20.672    0    0  (Gen:  0)
571722176  24805560 988662344  0.052  0.053   20.681   21.278    0    0  (Gen:  0)
567224168  23754464 1001772736  0.052  0.052   21.300   21.858    0    0  (Gen:  0)
569325400  23754472 1018927424  0.059  0.059   21.963   22.466    0    0  (Gen:  0)
567269928  23754776 1024319120  0.058  0.058   22.593   23.066    0    0  (Gen:  0)
570801376  23754536 1036310816  0.055  0.056   23.237   23.690    0    0  (Gen:  0)
572739656  23754576 1048153520  0.057  0.059   23.911   24.346    0    0  (Gen:  0)
563983392  23754608 1059385792  0.051  0.051   24.559   24.952    0    0  (Gen:  0)
564088680  23754616 1073084616  0.053  0.053   25.196   25.544    0    0  (Gen:  0)
565454472  26688016 1089119992  0.060  0.060   25.858   26.159    0    0  (Gen:  0)
570621208  26688160 1095147464  0.061  0.061   26.489   26.760    0    0  (Gen:  0)
575861024  26688016 1106808552  0.055  0.055   27.155   27.407    0    0  (Gen:  0)
571694984  26688040 1118613936  0.052  0.052   27.797   28.024    0    0  (Gen:  0)
570894672  26688064 1131096904  0.053  0.053   28.432   28.621    0    0  (Gen:  0)
570713496  25449272 1146519720  0.057  0.057   29.096   29.231    0    0  (Gen:  0)
565311048  25449400 1153305912  0.057  0.057   29.735   29.837    0    0  (Gen:  0)
572295416  25452256 1165765624  0.057  0.057   30.365   30.446    0    0  (Gen:  0)
575019800  24934600 1177634224  0.056  0.058   31.044   31.110    0    0  (Gen:  0)
569602688  24934656 1189129600  0.053  0.054   31.674   31.706    0    0  (Gen:  0)
572775208  24934680 1203422224  0.057  0.062   32.317   32.311    0    0  (Gen:  0)
567388792  24934736 1219393376  0.065  0.070   32.988   32.940    0    0  (Gen:  0)
570006320  24934152 1204818648  2.135  2.468   35.693   35.946    0    0  (Gen:  1)
575038280  24934056 1216427616  0.058  0.058   36.358   36.598    0    0  (Gen:  0)
566824432  24934112 1228328992  0.055  0.055   36.987   37.206    0    0  (Gen:  0)
569665504  24314648 1240862904  0.055  0.055   37.613   37.805    0    0  (Gen:  0)
568776304  24314640 1255220128  0.056  0.056   38.252   38.402    0    0  (Gen:  0)
564708592  26325128 1262883368  0.057  0.057   38.892   39.012    0    0  (Gen:  0)
567694848  25904704 1275212800  0.058  0.059   39.505   39.602    0    0  (Gen:  0)
574042744  24825648 1286928472  0.054  0.055   40.180   40.267    0    0  (Gen:  0)
572052712  24825664 1298046880  0.059  0.059   40.832   40.894    0    0  (Gen:  0)
566550992  23698024 1311287104  0.060  0.060   41.509   41.542    0    0  (Gen:  0)
568482248  26264840 1328359072  0.060  0.060   42.181   42.170    0    0  (Gen:  0)
566335568  26853592 1333778232  0.058  0.058   42.811   42.774    0    0  (Gen:  0)
574036768  26853344 1345887528  0.056  0.057   43.457   43.402    0    0  (Gen:  0)
574611760  26853352 1357699112  0.052  0.053   44.110   44.040    0    0  (Gen:  0)
571303768  24047936 1370150064  0.054  0.054   44.741   44.635    0    0  (Gen:  0)
574144896  24047944 1384851648  0.056  0.056   45.393   45.246    0    0  (Gen:  0)
568164472  24048208 1392599176  0.058  0.058   46.034   45.859    0    0  (Gen:  0)
572645416  24047968 1405140992  0.058  0.058   46.661   46.465    0    0  (Gen:  0)
577528288  24048000 1416948032  0.054  0.054   47.335   47.129    0    0  (Gen:  0)
567807488  23501208 1428401280  0.053  0.053   47.954   47.716    0    0  (Gen:  0)
569231624  24134816 1442083360  0.054  0.054   48.586   48.313    0    0  (Gen:  0)
567429048  24134856 1458783664  0.063  0.064   49.258   48.944    0    0  (Gen:  0)
 15478752  24134560 1451464096  2.279  2.400   51.549   52.081    0    0  (Gen:  1)
   103856  11579000  17692992  0.036  0.168   51.585   52.251    0    0  (Gen:  1)
     1800                      0.000  0.000

  39,078,635,640 bytes allocated in the heap
   4,908,445,792 bytes copied during GC
   1,451,464,096 bytes maximum residency (7 sample(s))
       6,384,224 bytes maximum slop
            1384 MB total memory in use (0 MB lost due to fragmentation)

                                     Tot time (elapsed)  Avg pause  Max pause
  Gen  0        65 colls,     0 par    5.703s   5.823s     0.0896s    0.2689s
  Gen  1         7 colls,     0 par    6.387s   7.234s     1.0335s    2.4675s

  TASKS: 21 (1 bound, 20 peak workers (20 total), using -N4)

  SPARKS: 0 (0 converted, 0 overflowed, 0 dud, 0 GC'd, 0 fizzled)

  INIT    time    0.001s  (  0.004s elapsed)
  MUT     time   39.494s  ( 39.189s elapsed)
  GC      time   12.089s  ( 13.057s elapsed)
  EXIT    time    0.000s  (  0.013s elapsed)
  Total   time   51.585s  ( 52.263s elapsed)

  Alloc rate    989,476,585 bytes per MUT second

  Productivity  76.6% of total user, 75.0% of total elapsed

