bench-hist/v0.1.0/ghcide --lsp --cwd bench/example/Cabal-3.0.0.0 +RTS -I0 -qg -A128M -SgetDefinition.benchmark-gcStats -I0.5 
    Alloc    Copied     Live     GC     GC      TOT      TOT  Page Flts
    bytes     bytes     bytes   user   elap     user     elap
568071776      2160  27585640  0.068  0.075    0.717    6.083    0    0  (Gen:  0)
557833544      6088  42584768  0.096  0.111    1.119    6.740    0    0  (Gen:  1)
549429544      6000  59925488  0.062  0.064    1.475    7.193    0    0  (Gen:  0)
536586736      5840  81058296  0.079  0.083    1.794    7.631    0    0  (Gen:  0)
549340424      6712  94464368  0.174  0.198    2.256    8.352    0    0  (Gen:  1)
545211008      6056 111494480  0.060  0.061    2.590    8.822    0    0  (Gen:  0)
543178896      4464 126456120  0.058  0.058    3.686    9.377    0    0  (Gen:  0)
548929720      8552 208599488  0.183  0.194    4.727    9.978    0    0  (Gen:  0)
531751968     15576 259576840  0.241  0.268    5.671   10.446    0    0  (Gen:  0)
525722040     12392 290234824  0.505  0.558    6.783   11.177    0    0  (Gen:  1)
524473984      9904 337727800  0.187  0.188    7.571   11.519    0    0  (Gen:  0)
527117272     14552 392966704  0.215  0.216    8.374   11.889    0    0  (Gen:  0)
521820616      7080 453028944  0.230  0.230    9.150   12.260    0    0  (Gen:  0)
525328224     11288 500250464  0.214  0.225    9.891   12.624    0    0  (Gen:  0)
526551488 113143296 566645720  0.240  0.256   10.516   13.046    0    0  (Gen:  0)
526331336 113147608 618620632  0.237  0.256   11.253   13.472    0    0  (Gen:  0)
521617560 113148256 654846856  1.119  1.275   12.810   14.929    0    0  (Gen:  1)
517524680 113138808 714792512  0.175  0.175   13.269   15.389    0    0  (Gen:  0)
524946240  98687376 754495344  0.166  0.167   13.919   15.839    0    0  (Gen:  0)
523308128  98694280 791382896  0.151  0.152   14.692   16.170    0    0  (Gen:  0)
523821952  70809792 825707744  0.163  0.163   15.352   16.700    0    0  (Gen:  0)
526459256  70831968 864691728  0.166  0.166   16.061   17.124    0    0  (Gen:  0)
526613168  78289880 901114304  0.166  0.166   16.871   17.473    0    0  (Gen:  0)
573105880  64690128 929122544  0.140  0.141   17.553   18.079    0    0  (Gen:  0)
583181120  64688512 936557400  0.067  0.067   18.233   18.730    0    0  (Gen:  0)
590473160  64687768 937847880  0.019  0.019   18.912   19.372    0    0  (Gen:  0)
592498600  64687760 936595736  0.008  0.008   19.580   20.016    0    0  (Gen:  0)
595286352  64687792 937449336  0.008  0.008   20.255   20.678    0    0  (Gen:  0)
585424384  64687816 938496896  0.009  0.009   20.916   21.323    0    0  (Gen:  0)
588069448   3452696 939450144  0.009  0.009   21.561   21.947    0    0  (Gen:  0)
590899688   3452712 940712968  0.009  0.009   22.226   22.583    0    0  (Gen:  0)
588483416   3452720 942740016  0.011  0.011   22.885   23.216    0    0  (Gen:  0)
590676696   3452776 940739848  0.008  0.008   23.556   23.870    0    0  (Gen:  0)
590668440   3452808 941762328  0.008  0.008   24.226   24.523    0    0  (Gen:  0)
585990656   3452864 942809352  0.009  0.009   24.887   25.166    0    0  (Gen:  0)
591152856   3452888 943780976  0.009  0.009   25.549   25.799    0    0  (Gen:  0)
589791496   3452920 945993320  0.011  0.011   26.202   26.426    0    0  (Gen:  0)
584625016   3413296 946934584  0.010  0.010   26.860   27.054    0    0  (Gen:  0)
596187152   3413296 945007472  0.008  0.008   27.546   27.723    0    0  (Gen:  0)
592763536   3413328 946196776  0.009  0.009   28.229   28.392    0    0  (Gen:  0)
587226256   3413376 947180504  0.010  0.010   28.879   29.021    0    0  (Gen:  0)
590222232   3413408 948398608  0.010  0.010   29.546   29.657    0    0  (Gen:  0)
586478720   3413424 950084552  0.011  0.011   30.204   30.292    0    0  (Gen:  0)
591789864   3413456 948415016  0.009  0.009   30.882   30.945    0    0  (Gen:  0)
591436296   3413520 949416936  0.009  0.009   31.559   31.606    0    0  (Gen:  0)
589356416   3413536 950499688  0.009  0.009   32.228   32.258    0    0  (Gen:  0)
588795096   3413592 951412296  0.009  0.009   32.890   32.894    0    0  (Gen:  0)
583095800   3358736 952889832  0.010  0.010   33.539   33.521    0    0  (Gen:  0)
177965528 894879360 932519744  1.489  1.661   35.221   36.017    0    0  (Gen:  1)
   104112  11585560  17902752  0.023  0.097   35.244   36.115    0    0  (Gen:  1)
     1368                      0.000  0.000

  27,167,719,144 bytes allocated in the heap
   2,229,717,976 bytes copied during GC
     932,519,744 bytes maximum residency (6 sample(s))
       5,161,152 bytes maximum slop
             889 MB total memory in use (0 MB lost due to fragmentation)

                                     Tot time (elapsed)  Avg pause  Max pause
  Gen  0        44 colls,     0 par    3.489s   3.593s     0.0817s    0.2683s
  Gen  1         6 colls,     0 par    3.407s   3.900s     0.6500s    1.6614s

  TASKS: 20 (1 bound, 19 peak workers (19 total), using -N4)

  SPARKS: 0 (0 converted, 0 overflowed, 0 dud, 0 GC'd, 0 fizzled)

  INIT    time    0.001s  (  0.006s elapsed)
  MUT     time   28.346s  ( 28.616s elapsed)
  GC      time    6.896s  (  7.493s elapsed)
  EXIT    time    0.000s  (  0.008s elapsed)
  Total   time   35.244s  ( 36.123s elapsed)

  Alloc rate    958,422,225 bytes per MUT second

  Productivity  80.4% of total user, 79.2% of total elapsed

