bench-hist/v0.1.0/ghcide --lsp --cwd bench/example/Cabal-3.0.0.0 +RTS -I0 -qg -A128M -Shover_after_edit.benchmark-gcStats -I0.5 
    Alloc    Copied     Live     GC     GC      TOT      TOT  Page Flts
    bytes     bytes     bytes   user   elap     user     elap
569922752      2160  27588216  0.068  0.076    0.710    5.973    0    0  (Gen:  0)
555133416      6088  42450192  0.096  0.111    1.114    6.633    0    0  (Gen:  1)
548524984      5984  59622272  0.063  0.065    1.473    7.086    0    0  (Gen:  0)
536696320  35997472  80897816  0.079  0.082    1.789    7.516    0    0  (Gen:  0)
552411632  88087784  94346736  0.174  0.198    2.256    8.240    0    0  (Gen:  1)
539655344  29993016 111465624  0.060  0.061    2.591    8.714    0    0  (Gen:  0)
540147464  29991632 126107728  0.057  0.057    3.681    9.263    0    0  (Gen:  0)
554250904  29995504 217135784  0.190  0.204    4.795    9.860    0    0  (Gen:  0)
526192456  30028200 258777504  0.231  0.257    5.642   10.311    0    0  (Gen:  0)
526273120  29993744 289903176  0.507  0.561    6.786   11.051    0    0  (Gen:  1)
524214240  30000256 331893992  0.174  0.174    7.535   11.386    0    0  (Gen:  0)
523410728  29997448 388501672  0.211  0.212    8.316   11.743    0    0  (Gen:  0)
529000328  29993808 436407344  0.202  0.203    9.058   12.086    0    0  (Gen:  0)
527476640  29994120 496217056  0.220  0.227    9.825   12.459    0    0  (Gen:  0)
524530304 110080096 546649528  0.230  0.247   10.563   12.852    0    0  (Gen:  0)
528889008 110244584 605869520  0.234  0.248   11.276   13.280    0    0  (Gen:  0)
519358152 624110192 653929120  1.124  1.284   12.678   14.842    0    0  (Gen:  1)
517367072 122905008 713554816  0.181  0.181   13.136   15.300    0    0  (Gen:  0)
526592336  98349184 752908616  0.168  0.168   13.793   15.753    0    0  (Gen:  0)
525806904  69819176 789908984  0.152  0.153   14.561   16.095    0    0  (Gen:  0)
522897528  70860328 824120080  0.159  0.159   15.212   16.601    0    0  (Gen:  0)
524676528  70874816 864432368  0.165  0.166   15.911   17.019    0    0  (Gen:  0)
523061608  70871632 900015848  0.167  0.167   16.713   17.370    0    0  (Gen:  0)
577600184  70857200 928853256  0.142  0.142   17.395   17.978    0    0  (Gen:  0)
575924320  70855656 947267368  0.099  0.099   18.071   18.638    0    0  (Gen:  0)
552808696  27291496 959681616  0.062  0.062   18.661   19.179    0    0  (Gen:  0)
564608992  27291520 972535696  0.056  0.056   19.255   19.767    0    0  (Gen:  0)
555201496  27291552 984442472  0.062  0.062   19.835   20.310    0    0  (Gen:  0)
566619936  27294136 1002913856  0.062  0.062   20.487   20.929    0    0  (Gen:  0)
560017824  27292032 1008765688  0.063  0.063   21.082   21.532    0    0  (Gen:  0)
557543112  27875632 1021487800  0.065  0.065   21.679   22.080    0    0  (Gen:  0)
560442976  25969944 1034405160  0.058  0.058   22.267   22.662    0    0  (Gen:  0)
551706088  25970000 1045980016  0.065  0.065   22.853   23.211    0    0  (Gen:  0)
562800104  25970984 1063961320  0.062  0.062   23.492   23.818    0    0  (Gen:  0)
559348128  25520864 1070288400  0.062  0.062   24.078   24.406    0    0  (Gen:  0)
560723496  27762744 1082900208  0.065  0.066   24.691   24.974    0    0  (Gen:  0)
558341240  27762824 1094795456  0.058  0.058   25.282   25.562    0    0  (Gen:  0)
552575528  25701048 1107231992  0.062  0.062   25.868   26.110    0    0  (Gen:  0)
564068224  25702080 1124733256  0.062  0.063   26.505   26.718    0    0  (Gen:  0)
558976424  25701752 1131905832  0.063  0.063   27.091   27.307    0    0  (Gen:  0)
557504264  25701272 1144063536  0.062  0.063   27.701   27.872    0    0  (Gen:  0)
561812232  25701288 1156367976  0.058  0.058   28.293   28.460    0    0  (Gen:  0)
551811320  25701360 1168395104  0.063  0.063   28.881   29.008    0    0  (Gen:  0)
565856880  25702688 1185404272  0.063  0.065   29.519   29.616    0    0  (Gen:  0)
557089464  25701976 1193388744  0.065  0.068   30.101   30.199    0    0  (Gen:  0)
555747232  25701536 1205250384  0.065  0.068   30.723   30.780    0    0  (Gen:  0)
563794656  25700184 1172923544  2.057  2.374   33.321   33.692    0    0  (Gen:  1)
556162856  25700200 1185128144  0.065  0.065   33.899   34.237    0    0  (Gen:  0)
565433960  25701248 1201903304  0.062  0.063   34.523   34.837    0    0  (Gen:  0)
561522720  25700456 1210237088  0.063  0.064   35.113   35.427    0    0  (Gen:  0)
556845416  25700472 1222256376  0.063  0.063   35.717   35.994    0    0  (Gen:  0)
560037696  25700448 1234523688  0.059  0.059   36.307   36.585    0    0  (Gen:  0)
552972168  25700496 1246540000  0.066  0.066   36.891   37.136    0    0  (Gen:  0)
566419160  25700632 1262850016  0.059  0.059   37.508   37.727    0    0  (Gen:  0)
557125744  25701080 1271676840  0.063  0.064   38.089   38.311    0    0  (Gen:  0)
556861368  25700576 1283414552  0.062  0.062   38.705   38.889    0    0  (Gen:  0)
558524320  25700608 1295523408  0.059  0.059   39.292   39.475    0    0  (Gen:  0)
551096600  25700648 1308713896  0.065  0.065   39.872   40.021    0    0  (Gen:  0)
564176312  25700688 1323525224  0.059  0.059   40.475   40.613    0    0  (Gen:  0)
559113704  25700816 1333293848  0.063  0.064   41.059   41.182    0    0  (Gen:  0)
559450448  25700816 1344877240  0.061  0.061   41.688   41.776    0    0  (Gen:  0)
557608528  25700824 1357722736  0.060  0.061   42.267   42.366    0    0  (Gen:  0)
548381944  26812616 1370387024  0.064  0.065   42.860   42.920    0    0  (Gen:  0)
568422032  25439208 1383979832  0.057  0.057   43.463   43.511    0    0  (Gen:  0)
552468024  25439304 1394620096  0.065  0.066   44.033   44.062    0    0  (Gen:  0)
562759312  27307280 1406302096  0.062  0.062   44.677   44.676    0    0  (Gen:  0)
561862704  25347296 1419188688  0.062  0.062   45.265   45.272    0    0  (Gen:  0)
553830280  25347368 1431943968  0.065  0.065   45.858   45.822    0    0  (Gen:  0)
559912104  25347432 1444860664  0.058  0.058   46.453   46.410    0    0  (Gen:  0)
550187328  25347480 1456342872  0.066  0.066   47.023   46.954    0    0  (Gen:  0)
560572024  25347528 1473906872  0.062  0.062   47.666   47.570    0    0  (Gen:  0)
558773864  25347632 1480385560  0.061  0.062   48.258   48.171    0    0  (Gen:  0)
550850800  25347648 1493096432  0.063  0.063   48.845   48.714    0    0  (Gen:  0)
562648344  25347720 1505884864  0.058  0.058   49.439   49.306    0    0  (Gen:  0)
556940792  25347760 1518019320  0.068  0.068   50.023   49.860    0    0  (Gen:  0)
565637864  25347784 1536304896  0.064  0.064   50.671   50.480    0    0  (Gen:  0)
558011256  25370224 1542097664  0.066  0.066   51.261   51.079    0    0  (Gen:  0)
550881624  27568712 1554534512  0.066  0.066   51.859   51.633    0    0  (Gen:  0)
560887504  27568744 1566648720  0.059  0.059   52.454   52.227    0    0  (Gen:  0)
548001936  27568784 1578614240  0.064  0.064   53.035   52.777    0    0  (Gen:  0)
566960472  27551848 1596146144  0.062  0.062   53.671   53.387    0    0  (Gen:  0)
555599672  27551120 1603571024  0.064  0.064   54.254   53.973    0    0  (Gen:  0)
556955192  27090272 1615532144  0.063  0.063   54.865   54.546    0    0  (Gen:  0)
558288048  27090272 1627750152  0.059  0.060   55.454   55.136    0    0  (Gen:  0)
551500448  26214536 1640280200  0.066  0.066   56.043   55.690    0    0  (Gen:  0)
568614592  26962880 1656422840  0.060  0.060   56.670   56.296    0    0  (Gen:  0)
478278488  26961440 1654875904  2.755  3.028   59.873   60.456    0    0  (Gen:  1)
   100528  11601312  18202752  0.032  0.176   59.906   60.633    0    0  (Gen:  1)
     1152                      0.000  0.000

  47,970,091,912 bytes allocated in the heap
   3,517,308,208 bytes copied during GC
   1,654,875,904 bytes maximum residency (7 sample(s))
       7,104,768 bytes maximum slop
            1578 MB total memory in use (0 MB lost due to fragmentation)

                                     Tot time (elapsed)  Avg pause  Max pause
  Gen  0        81 colls,     0 par    6.992s   7.104s     0.0877s    0.2566s
  Gen  1         7 colls,     0 par    6.746s   7.731s     1.1044s    3.0282s

  TASKS: 20 (1 bound, 19 peak workers (19 total), using -N4)

  SPARKS: 0 (0 converted, 0 overflowed, 0 dud, 0 GC'd, 0 fizzled)

  INIT    time    0.001s  (  0.005s elapsed)
  MUT     time   46.166s  ( 45.792s elapsed)
  GC      time   13.738s  ( 14.835s elapsed)
  EXIT    time    0.000s  (  0.010s elapsed)
  Total   time   59.906s  ( 60.643s elapsed)

  Alloc rate    1,039,072,560 bytes per MUT second

  Productivity  77.1% of total user, 75.5% of total elapsed

