bench-hist/v0.1.0/ghcide --lsp --cwd bench/example/Cabal-3.0.0.0 +RTS -I0 -qg -A128M -Shover.benchmark-gcStats -I0.5 
    Alloc    Copied     Live     GC     GC      TOT      TOT  Page Flts
    bytes     bytes     bytes   user   elap     user     elap
570282104      2160  27668224  0.069  0.076    0.739    6.437    0 9760  (Gen:  0)
558013736      6136  42564648  0.096  0.112    1.144    7.100    0    0  (Gen:  1)
548818024      5416  59951176  0.063  0.066    1.502    7.555    0    0  (Gen:  0)
535255248  35990000  80426840  0.079  0.082    1.818    7.990    0    0  (Gen:  0)
548285888  35990840  94401040  0.177  0.205    2.286    8.726    0    0  (Gen:  1)
542995528  35989608 111454488  0.061  0.061    2.620    9.200    0    0  (Gen:  0)
542201128  30045008 125554480  0.057  0.057    3.717    9.752    0    0  (Gen:  0)
554335768  30049056 218804976  0.199  0.215    4.802   10.347    0    0  (Gen:  0)
526568800  30052024 259391920  0.237  0.264    5.656   10.784    0    0  (Gen:  0)
524732248  30048248 291663008  0.516  0.569    6.832   11.524    0    0  (Gen:  1)
524489984  30052736 337179160  0.188  0.189    7.570   11.854    0    0  (Gen:  0)
526851472  30051656 383860256  0.191  0.191    8.327   12.194    0    0  (Gen:  0)
528274768  30048760 440706232  0.204  0.205    9.057   12.534    0    0  (Gen:  0)
524365096  30047424 492778552  0.221  0.229    9.883   12.920    0    0  (Gen:  0)
524952984 101849408 543606040  0.220  0.234   10.614   13.302    0    0  (Gen:  0)
524552688 101847040 606177976  0.247  0.267   11.319   13.769    0    0  (Gen:  0)
519061552 101859320 654760808  1.152  1.312   12.748   15.358    0    0  (Gen:  1)
517322752 101844976 714421768  0.189  0.189   13.221   15.832    0    0  (Gen:  0)
524808232  98001984 753356104  0.169  0.170   13.904   16.297    0    0  (Gen:  0)
525841528  69156976 789075112  0.149  0.149   14.675   16.632    0    0  (Gen:  0)
527692800  69153336 824210072  0.159  0.160   15.324   17.187    0    0  (Gen:  0)
524924616  69162152 864051792  0.165  0.166   16.049   17.602    0    0  (Gen:  0)
526895096  69154008 900001624  0.166  0.167   16.857   17.947    0    0  (Gen:  0)
577165688  69152680 929337480  0.138  0.138   17.530   18.546    0    0  (Gen:  0)
579670632  69152096 940634968  0.082  0.082   18.229   19.219    0    0  (Gen:  0)
590336680  69151416 941675624  0.020  0.020   18.908   19.848    0    0  (Gen:  0)
594550184  69151448 940832904  0.008  0.008   19.581   20.493    0    0  (Gen:  0)
592450520  69151472 941302976  0.008  0.008   20.257   21.155    0    0  (Gen:  0)
590137944  69151504 942430440  0.009  0.009   20.929   21.811    0    0  (Gen:  0)
588856808  69151560 943453672  0.009  0.009   21.579   22.439    0    0  (Gen:  0)
586234848  69151560 944394552  0.010  0.010   22.240   23.073    0    0  (Gen:  0)
588089152  69151584 946441904  0.011  0.011   22.894   23.700    0    0  (Gen:  0)
597805576  69151624 944884480  0.009  0.009   23.582   24.364    0    0  (Gen:  0)
595919688  69151632 945762584  0.009  0.009   24.262   25.032    0    0  (Gen:  0)
586933184   3360800 946757960  0.009  0.009   24.919   25.669    0    0  (Gen:  0)
585697936   3360840 947768656  0.009  0.009   25.581   26.299    0    0  (Gen:  0)
592418344   3360856 949815448  0.010  0.010   26.245   26.941    0    0  (Gen:  0)
592784152   3360864 948441144  0.008  0.008   26.916   27.583    0    0  (Gen:  0)
592197384   3360872 949051200  0.009  0.009   27.594   28.248    0    0  (Gen:  0)
592389384   3360880 950151392  0.009  0.009   28.267   28.906    0    0  (Gen:  0)
587113776   3360936 951084384  0.010  0.010   28.918   29.536    0    0  (Gen:  0)
589590104   3365608 952295736  0.010  0.010   29.586   30.171    0    0  (Gen:  0)
584077560   4024000 954176096  0.013  0.013   30.243   30.804    0    0  (Gen:  0)
590757688   2803432 952370232  0.008  0.008   30.920   31.454    0    0  (Gen:  0)
589054424   2975816 953263768  0.009  0.009   31.592   32.109    0    0  (Gen:  0)
589851744   2975856 954345344  0.009  0.009   32.261   32.761    0    0  (Gen:  0)
584256552   2975920 955346040  0.010  0.010   32.915   33.393    0    0  (Gen:  0)
588599840   2975944 956612512  0.010  0.010   33.584   34.033    0    0  (Gen:  0)
181664600 876222328 913767496  1.497  1.668   35.276   36.546    0    0  (Gen:  1)
   100040  11585736  17698376  0.024  0.100   35.300   36.647    0    0  (Gen:  1)
     1584                      0.000  0.000

  27,180,228,056 bytes allocated in the heap
   2,824,507,536 bytes copied during GC
     913,767,496 bytes maximum residency (6 sample(s))
       5,006,264 bytes maximum slop
             871 MB total memory in use (0 MB lost due to fragmentation)

                                     Tot time (elapsed)  Avg pause  Max pause
  Gen  0        44 colls,     0 par    3.477s   3.579s     0.0813s    0.2667s
  Gen  1         6 colls,     0 par    3.462s   3.966s     0.6610s    1.6679s

  TASKS: 21 (1 bound, 20 peak workers (20 total), using -N4)

  SPARKS: 0 (0 converted, 0 overflowed, 0 dud, 0 GC'd, 0 fizzled)

  INIT    time    0.001s  (  0.005s elapsed)
  MUT     time   28.359s  ( 29.097s elapsed)
  GC      time    6.940s  (  7.545s elapsed)
  EXIT    time    0.000s  (  0.011s elapsed)
  Total   time   35.301s  ( 36.658s elapsed)

  Alloc rate    958,423,731 bytes per MUT second

  Productivity  80.3% of total user, 79.4% of total elapsed

