bench-hist/v0.2.0/ghcide --lsp --cwd bench/example/Cabal-3.0.0.0 +RTS -I0 -qg -A128M -Scode_actions_after_edit.benchmark-gcStats -I0.5 
    Alloc    Copied     Live     GC     GC      TOT      TOT  Page Flts
    bytes     bytes     bytes   user   elap     user     elap
526616336      2152  19495776  0.055  0.061    0.442    5.824    0    0  (Gen:  0)
531076936      3720  22282360  0.061  0.073    0.694    6.116    0    0  (Gen:  1)
551861576      4296  30237968  0.031  0.036    1.115    6.783    0    0  (Gen:  0)
549008888      6736  35653624  0.053  0.057    1.510    7.659    0    0  (Gen:  1)
538058232      5064  42340424  0.022  0.022    1.856    8.165    0    0  (Gen:  0)
528587040      3520  50544048  0.028  0.029    2.763    8.682    0    0  (Gen:  0)
549899336      7408 132648576  0.171  0.191    3.637    9.188    0    0  (Gen:  0)
525632192     25976 168029768  0.194  0.221    4.209    9.545    0    0  (Gen:  0)
526965960      6384 176798440  0.263  0.291    4.875    9.965    0    0  (Gen:  1)
541318000  58297448 221318512  0.122  0.122    5.692   10.296    0    0  (Gen:  0)
553556896  58273728 233168200  0.084  0.084    6.354   10.534    0    0  (Gen:  0)
537289040  25540408 236596728  0.057  0.057    6.986   10.757    0    0  (Gen:  0)
534477936  25550592 248582976  0.073  0.073    7.594   10.979    0    0  (Gen:  0)
549747160  18290856 247184648  0.044  0.044    8.199   11.205    0    0  (Gen:  0)
525552120  18292384 268065960  0.084  0.084    8.687   11.651    0    0  (Gen:  0)
542944640  18290160 264222168  0.053  0.053    9.284   12.015    0    0  (Gen:  0)
541291704  18343264 269797112  0.051  0.051    9.902   12.232    0    0  (Gen:  0)
535094456  18308520 284976848  0.076  0.076   10.543   12.465    0    0  (Gen:  0)
532626544  18290032 299353928  0.098  0.103   11.195   12.731    0    0  (Gen:  0)
532167960  18292344 297985336  0.061  0.063   11.690   12.985    0    0  (Gen:  0)
531672920  18290152 294425464  0.040  0.041   12.203   13.319    0    0  (Gen:  0)
529540152  21962512 301740624  0.045  0.045   12.660   13.678    0    0  (Gen:  0)
575188176  21961544 326388528  0.084  0.094   13.304   14.224    0    0  (Gen:  0)
571421976  21964136 355465360  0.102  0.111   13.985   14.821    0    0  (Gen:  0)
591939416  21961416 253098888  0.395  0.460   14.869   15.722    0    0  (Gen:  1)
565579912  21961432 255829720  0.040  0.040   15.445   16.300    0    0  (Gen:  0)
553458640  21188192 262175384  0.052  0.052   16.089   16.895    0    0  (Gen:  0)
556021240  21188208 256521552  0.038  0.038   16.641   17.430    0    0  (Gen:  0)
563490112  14773256 257634512  0.039  0.039   17.267   18.048    0    0  (Gen:  0)
549637104  14773288 258743840  0.039  0.039   17.860   18.597    0    0  (Gen:  0)
565909808  14775704 259059024  0.038  0.038   18.464   19.222    0    0  (Gen:  0)
544217824  14773344 268303696  0.061  0.061   19.112   19.813    0    0  (Gen:  0)
557859952  14773368 261405856  0.041  0.041   19.676   20.372    0    0  (Gen:  0)
556543616  18799384 265682768  0.046  0.046   20.362   22.324    0    0  (Gen:  0)
552367208  18799408 262237664  0.039  0.039   20.923   22.858    0    0  (Gen:  0)
561400720  18799424 263441144  0.041  0.042   21.536   23.497    0    0  (Gen:  0)
550101448  12881960 262586648  0.035  0.035   22.185   24.088    0    0  (Gen:  0)
562164504  14736080 264891432  0.040  0.040   22.775   24.685    0    0  (Gen:  0)
552465560  14734600 268355024  0.045  0.045   23.423   25.291    0    0  (Gen:  0)
550164216  14734608 265526768  0.040  0.040   24.015   25.862    0    0  (Gen:  0)
568135144  14738336 266927032  0.043  0.043   24.640   26.506    0    0  (Gen:  0)
551400592  14734704 273081224  0.053  0.053   25.291   27.106    0    0  (Gen:  0)
550562720  15239920 269057952  0.041  0.041   25.877   27.664    0    0  (Gen:  0)
567993760  14768384 269322824  0.039  0.039   26.518   28.330    0    0  (Gen:  0)
551688472  14764016 277605912  0.059  0.059   27.180   28.934    0    0  (Gen:  0)
551176360  14764032 270918504  0.038  0.038   27.753   29.484    0    0  (Gen:  0)
570061264  14764080 271894320  0.041  0.041   28.421   30.225    0    0  (Gen:  0)
547244344  14764088 281256520  0.061  0.061   29.097   30.846    0    0  (Gen:  0)
551034920  14764136 273983400  0.038  0.038   29.674   31.396    0    0  (Gen:  0)
567696000  14764160 275048832  0.038  0.038   30.309   32.058    0    0  (Gen:  0)
546603560  14764200 284331848  0.059  0.059   30.973   32.662    0    0  (Gen:  0)
555063520  14764272 277241088  0.038  0.039   31.540   33.201    0    0  (Gen:  0)
568425216  14764344 278156984  0.039  0.039   32.174   33.858    0    0  (Gen:  0)
551165360  14764328 287312072  0.061  0.061   32.846   34.472    0    0  (Gen:  0)
548130112  15366968 281461160  0.042  0.043   33.427   35.030    0    0  (Gen:  0)
564207560  15371784 281699936  0.041  0.041   34.062   35.690    0    0  (Gen:  0)
546892688  15367008 288201528  0.051  0.051   34.708   36.283    0    0  (Gen:  0)
553193376  14105192 283080920  0.038  0.038   35.303   36.854    0    0  (Gen:  0)
562864600  14108200 284207256  0.041  0.041   35.922   37.487    0    0  (Gen:  0)
552115656  14105264 288310176  0.045  0.045   36.579   38.092    0    0  (Gen:  0)
550713024  14105304 285130664  0.038  0.038   37.190   38.687    0    0  (Gen:  0)
558917696  14105352 286147880  0.043  0.043   37.792   39.289    0    0  (Gen:  0)
552681552  14105368 287305672  0.041  0.042   38.405   39.897    0    0  (Gen:  0)
546578656  14105384 296622224  0.060  0.060   39.086   40.526    0    0  (Gen:  0)
553298664  14105400 288983296  0.042  0.042   39.658   41.076    0    0  (Gen:  0)
564902136  14105408 290054544  0.039  0.039   40.289   41.724    0    0  (Gen:  0)
549849928  22680592 299475864  0.058  0.058   40.968   42.346    0    0  (Gen:  0)
549213104  14919752 292892240  0.040  0.040   41.548   42.902    0    0  (Gen:  0)
568073544  14923968 293398072  0.041  0.041   42.176   43.545    0    0  (Gen:  0)
554157328  14919792 298561416  0.047  0.047   42.836   44.152    0    0  (Gen:  0)
551291144  14919816 293517304  0.035  0.035   43.451   44.748    0    0  (Gen:  0)
556528432  14919840 295357656  0.040  0.040   44.031   45.317    0    0  (Gen:  0)
558275152  14919856 296054664  0.041  0.041   44.644   45.935    0    0  (Gen:  0)
548752256  14919848 305909256  0.062  0.062   45.330   46.563    0    0  (Gen:  0)
551067032  14919864 299994408  0.043  0.043   45.911   47.114    0    0  (Gen:  0)
566741896  14922880 299671080  0.041  0.041   46.549   47.773    0    0  (Gen:  0)
548455800  14919928 305282336  0.047  0.047   47.201   48.369    0    0  (Gen:  0)
549606832  14919928 299696504  0.035  0.035   47.820   48.969    0    0  (Gen:  0)
564410520  14919984 301914672  0.040  0.040   48.409   49.543    0    0  (Gen:  0)
564680752  14782248 302753568  0.040  0.040   49.030   50.169    0    0  (Gen:  0)
552463320  23018200 312554760  0.061  0.061   49.729   50.809    0    0  (Gen:  0)
551816960  23018216 306002648  0.041  0.041   50.318   51.372    0    0  (Gen:  0)
566124384  23019016 306146600  0.041  0.041   50.957   52.027    0    0  (Gen:  0)
553529064  23018312 308212592  0.041  0.041   51.610   52.625    0    0  (Gen:  0)
550700360  22996400 316998240  0.060  0.060   52.255   53.255    0    0  (Gen:  0)
556846456  22988664 312052064  0.042  0.042   52.836   53.812    0    0  (Gen:  0)
563175088  22988728 313164976  0.039  0.039   53.478   54.472    0    0  (Gen:  0)
547426960  22988800 320349656  0.055  0.055   54.138   55.078    0    0  (Gen:  0)
549413648  22988816 313547912  0.035  0.035   54.758   55.680    0    0  (Gen:  0)
555617864  14393176 315622344  0.040  0.040   55.338   56.243    0    0  (Gen:  0)
563538352  14393184 316428416  0.042  0.042   55.968   56.886    0    0  (Gen:  0)
547547648  14393200 324867352  0.060  0.060   56.642   57.502    0    0  (Gen:  0)
550000664  13696912 318098680  0.036  0.036   57.267   58.110    0    0  (Gen:  0)
556903448  13696936 319148704  0.042  0.042   57.857   58.687    0    0  (Gen:  0)
559242728  13696968 319898464  0.039  0.040   58.482   59.320    0    0  (Gen:  0)
546597752  13696984 328308416  0.062  0.062   59.168   59.948    0    0  (Gen:  0)
551034408  13697040 320449720  0.035  0.035   59.784   60.546    0    0  (Gen:  0)
556738464  14408248 322631136  0.040  0.040   60.368   61.114    0    0  (Gen:  0)
542885920 211180264 253382352  0.313  0.317   61.322   62.708    0    0  (Gen:  1)
   103704  12499600  20933400  0.017  0.036   61.339   62.745    0    0  (Gen:  1)
     1800                      0.000  0.000

  54,650,477,120 bytes allocated in the heap
   1,807,132,600 bytes copied during GC
     253,382,352 bytes maximum residency (6 sample(s))
       4,219,184 bytes maximum slop
             241 MB total memory in use (0 MB lost due to fragmentation)

                                     Tot time (elapsed)  Avg pause  Max pause
  Gen  0        94 colls,     0 par    4.797s   4.892s     0.0520s    0.2207s
  Gen  1         6 colls,     0 par    1.101s   1.233s     0.2056s    0.4598s

  TASKS: 21 (1 bound, 20 peak workers (20 total), using -N4)

  SPARKS: 0 (0 converted, 0 overflowed, 0 dud, 0 GC'd, 0 fizzled)

  INIT    time    0.001s  (  0.006s elapsed)
  MUT     time   55.439s  ( 56.615s elapsed)
  GC      time    5.899s  (  6.125s elapsed)
  EXIT    time    0.000s  (  0.008s elapsed)
  Total   time   61.340s  ( 62.754s elapsed)

  Alloc rate    985,776,214 bytes per MUT second

  Productivity  90.4% of total user, 90.2% of total elapsed

