bench-hist/v0.2.0/ghcide --lsp --cwd bench/example/Cabal-3.0.0.0 +RTS -I0 -qg -A128M -Sedit.benchmark-gcStats -I0.5 
    Alloc    Copied     Live     GC     GC      TOT      TOT  Page Flts
    bytes     bytes     bytes   user   elap     user     elap
533962264  18452368  19722848  0.053  0.059    0.450    5.912    0    0  (Gen:  0)
529703944  20759744  22385608  0.060  0.073    0.700    6.202    0    0  (Gen:  1)
552301808  20760320  30344944  0.029  0.034    1.121    6.868    0    0  (Gen:  0)
548493152  20762728  35684968  0.052  0.057    1.522    7.771    0    0  (Gen:  1)
542370800  20761056  42344088  0.022  0.022    1.873    8.280    0    0  (Gen:  0)
522081504  20759528  50571072  0.028  0.029    2.800    8.805    0    0  (Gen:  0)
553044792  71779736 134931280  0.164  0.184    3.650    9.332    0    0  (Gen:  0)
526122784  91374496 167493664  0.188  0.211    4.215    9.694    0    0  (Gen:  0)
526043648  91352504 178049560  0.262  0.290    4.865   10.106    0    0  (Gen:  1)
538772848  91397120 220529112  0.118  0.119    5.626   10.418    0    0  (Gen:  0)
553850376  91363576 223590640  0.053  0.053    6.268   10.645    0    0  (Gen:  0)
539957136  91354296 244915744  0.068  0.068    6.881   10.896    0    0  (Gen:  0)
539902216  21944456 243621312  0.056  0.056    7.474   11.097    0    0  (Gen:  0)
542438592  21950056 248240696  0.051  0.052    8.100   11.307    0    0  (Gen:  0)
529059120  21945368 271250608  0.086  0.086    8.587   11.781    0    0  (Gen:  0)
543772536  21996872 271418592  0.059  0.062    9.198   12.139    0    0  (Gen:  0)
542504120  20967384 273849560  0.048  0.048    9.802   12.348    0    0  (Gen:  0)
539752456  32719464 288471296  0.074  0.076   10.418   12.566    0    0  (Gen:  0)
531380616  32721888 311027496  0.115  0.121   11.083   12.832    0    0  (Gen:  0)
529161864  29053408 304732520  0.061  0.062   11.629   13.093    0    0  (Gen:  0)
533193832  29050456 298691600  0.037  0.037   12.123   13.425    0    0  (Gen:  0)
531415008  29050880 307592464  0.047  0.047   12.574   13.784    0    0  (Gen:  0)
566939520  29051904 331866208  0.085  0.097   13.212   14.320    0    0  (Gen:  0)
553051392  29052496 332588176  0.043  0.043   13.826   14.959    0    0  (Gen:  0)
535700272  29049688 230839128  0.347  0.392   14.758   15.876    0    0  (Gen:  1)
546911752  13688344 231865888  0.035  0.035   15.350   16.485    0    0  (Gen:  0)
535649856  13687040 231100568  0.034  0.034   15.969   17.044    0    0  (Gen:  0)
550020304  13688288 232585120  0.036  0.036   16.568   17.660    0    0  (Gen:  0)
538075808  13687128 231591384  0.033  0.033   17.187   18.218    0    0  (Gen:  0)
553931512  13688368 233237144  0.036  0.036   17.786   18.833    0    0  (Gen:  0)
538920160  13687256 232325544  0.033  0.033   18.408   19.393    0    0  (Gen:  0)
549543792  13690848 233661136  0.036  0.036   19.008   20.012    0    0  (Gen:  0)
534945584  12656416 232565536  0.032  0.032   19.625   20.570    0    0  (Gen:  0)
548899936  12659864 234222712  0.036  0.036   20.223   21.184    0    0  (Gen:  0)
535463272  12656424 232656920  0.032  0.032   20.841   21.742    0    0  (Gen:  0)
553515352  12659720 234681608  0.036  0.036   21.439   22.354    0    0  (Gen:  0)
535276032  12237536 232873072  0.032  0.032   22.061   22.914    0    0  (Gen:  0)
553239976  12240144 234953696  0.036  0.036   22.664   23.532    0    0  (Gen:  0)
538225152  12237552 233289824  0.032  0.032   23.285   24.093    0    0  (Gen:  0)
546813304  13643016 235179312  0.036  0.036   23.885   24.709    0    0  (Gen:  0)
535632224  13639592 233242736  0.031  0.031   24.507   25.274    0    0  (Gen:  0)
551946464  13886856 235842568  0.037  0.037   25.106   25.887    0    0  (Gen:  0)
539436392  13886952 233464872  0.031  0.031   25.733   26.456    0    0  (Gen:  0)
549261584  13887896 235899488  0.039  0.039   26.344   27.084    0    0  (Gen:  0)
537149264  13887024 233482152  0.031  0.031   26.972   27.655    0    0  (Gen:  0)
551604408  13887024 236198144  0.038  0.038   27.570   28.265    0    0  (Gen:  0)
539747880  13887040 233575104  0.032  0.032   28.197   28.833    0    0  (Gen:  0)
552128704  13887032 236187880  0.038  0.038   28.802   29.451    0    0  (Gen:  0)
536415608  13887072 233670696  0.031  0.032   29.426   30.016    0    0  (Gen:  0)
554870928  13600120 235970648  0.036  0.036   30.030   30.633    0    0  (Gen:  0)
545049728  13600128 234193272  0.032  0.032   30.658   31.200    0    0  (Gen:  0)
547477112  13603536 236154744  0.037  0.037   31.259   31.815    0    0  (Gen:  0)
537999984  13600200 234338776  0.032  0.032   31.885   32.382    0    0  (Gen:  0)
549777504  13600984 236433928  0.038  0.038   32.491   33.003    0    0  (Gen:  0)
540388008  13600296 234543152  0.033  0.033   33.119   33.571    0    0  (Gen:  0)
552324464  13603408 236690144  0.037  0.037   33.720   34.186    0    0  (Gen:  0)
536769880  13600336 234713080  0.032  0.032   34.342   34.748    0    0  (Gen:  0)
552520712  13603344 236884248  0.037  0.037   34.953   35.373    0    0  (Gen:  0)
540397648  13600352 235075952  0.032  0.032   35.579   35.940    0    0  (Gen:  0)
550848304  13654368 237093120  0.037  0.037   36.185   36.562    0    0  (Gen:  0)
540872544  13653512 235440776  0.033  0.033   36.815   37.131    0    0  (Gen:  0)
551375680  13656784 237354920  0.037  0.037   37.416   37.749    0    0  (Gen:  0)
540561760  13653536 235847496  0.033  0.033   38.044   38.316    0    0  (Gen:  0)
549188976  13654624 237588664  0.037  0.037   38.645   38.932    0    0  (Gen:  0)
535128328  12154632 235834080  0.033  0.034   39.277   39.503    0    0  (Gen:  0)
552284056  13649240 237953488  0.037  0.037   39.881   40.122    0    0  (Gen:  0)
538475992  13646176 236204432  0.032  0.032   40.504   40.685    0    0  (Gen:  0)
548981968  13647080 238223192  0.037  0.037   41.111   41.307    0    0  (Gen:  0)
540696592  13646296 236498000  0.035  0.035   41.738   41.873    0    0  (Gen:  0)
549900512  13646360 238580392  0.037  0.037   42.347   42.497    0    0  (Gen:  0)
539654880  13646368 236644720  0.033  0.033   42.971   43.060    0    0  (Gen:  0)
552411320  13647184 238703280  0.037  0.037   43.573   43.674    0    0  (Gen:  0)
538243040  13646488 236790544  0.033  0.033   44.201   44.244    0    0  (Gen:  0)
549718904  13649600 238947040  0.037  0.037   44.804   44.860    0    0  (Gen:  0)
539425888  12169184 237072712  0.032  0.033   45.436   45.430    0    0  (Gen:  0)
550289576  12172360 239170488  0.037  0.037   46.038   46.047    0    0  (Gen:  0)
539145040  12212112 237256928  0.032  0.032   46.662   46.610    0    0  (Gen:  0)
552799160  12215320 239373968  0.037  0.037   47.274   47.236    0    0  (Gen:  0)
539089264  12212192 237602440  0.033  0.033   47.899   47.799    0    0  (Gen:  0)
547997600  12215224 239634456  0.037  0.037   48.504   48.418    0    0  (Gen:  0)
542646744  12212248 238002712  0.033  0.033   49.133   48.985    0    0  (Gen:  0)
550826336  13651888 239916168  0.037  0.037   49.744   49.613    0    0  (Gen:  0)
535686080  12159032 238097264  0.032  0.032   50.375   50.184    0    0  (Gen:  0)
550773184  12159832 240208520  0.037  0.037   50.981   50.805    0    0  (Gen:  0)
538980824  12159104 238276216  0.032  0.032   51.615   51.380    0    0  (Gen:  0)
546929696  12162160 240798144  0.038  0.038   52.214   51.992    0    0  (Gen:  0)
537641488  12159216 238262208  0.032  0.032   52.844   52.562    0    0  (Gen:  0)
551367808  13939152 240945680  0.038  0.038   53.453   53.184    0    0  (Gen:  0)
539528280  13939232 238441568  0.032  0.032   54.082   53.755    0    0  (Gen:  0)
353442304 194348864 229220880  0.289  0.289   54.759   55.091    0    0  (Gen:  1)
   104576  11332344  18347976  0.016  0.031   54.775   55.261    0    0  (Gen:  1)
     1368                      0.000  0.000

  48,690,324,960 bytes allocated in the heap
   2,053,660,640 bytes copied during GC
     230,839,128 bytes maximum residency (6 sample(s))
       3,452,072 bytes maximum slop
             220 MB total memory in use (0 MB lost due to fragmentation)

                                     Tot time (elapsed)  Avg pause  Max pause
  Gen  0        85 colls,     0 par    3.704s   3.788s     0.0446s    0.2111s
  Gen  1         6 colls,     0 par    1.027s   1.132s     0.1887s    0.3917s

  TASKS: 21 (1 bound, 20 peak workers (20 total), using -N4)

  SPARKS: 0 (0 converted, 0 overflowed, 0 dud, 0 GC'd, 0 fizzled)

  INIT    time    0.001s  (  0.005s elapsed)
  MUT     time   50.043s  ( 50.335s elapsed)
  GC      time    4.731s  (  4.920s elapsed)
  EXIT    time    0.000s  (  0.005s elapsed)
  Total   time   54.775s  ( 55.265s elapsed)

  Alloc rate    972,975,228 bytes per MUT second

  Productivity  91.4% of total user, 91.1% of total elapsed

