bench-hist/v0.2.0/ghcide --lsp --cwd bench/example/Cabal-3.0.0.0 +RTS -I0 -qg -A128M -SgetDefinition.benchmark-gcStats -I0.5 
    Alloc    Copied     Live     GC     GC      TOT      TOT  Page Flts
    bytes     bytes     bytes   user   elap     user     elap
528297752      2152  19547464  0.051  0.057    0.443    5.831    0    0  (Gen:  0)
531676032  20692288  22278032  0.061  0.073    0.698    6.127    0    0  (Gen:  1)
554726024  18079776  30295528  0.030  0.035    1.120    6.800    0    0  (Gen:  0)
544169144  29926504  35621112  0.053  0.057    1.513    7.683    0    0  (Gen:  1)
538926376   9132160  42261704  0.021  0.022    1.863    8.193    0    0  (Gen:  0)
525270688   9130704  50107864  0.027  0.027    2.762    8.705    0    0  (Gen:  0)
547109984  68787576 130943864  0.162  0.182    3.662    9.267    0    0  (Gen:  0)
524865400  68799872 167684584  0.192  0.219    4.219    9.606    0    0  (Gen:  0)
528622672  68786744 176229152  0.254  0.280    4.909   10.037    0    0  (Gen:  1)
546223488  68849624 229817520  0.126  0.126    5.638   10.333    0    0  (Gen:  0)
546516968  34308920 227604896  0.065  0.065    6.287   10.552    0    0  (Gen:  0)
540496192  26340600 241678360  0.062  0.062    6.897   10.807    0    0  (Gen:  0)
540144280  26341992 239809784  0.042  0.042    7.491   11.007    0    0  (Gen:  0)
544916384  26340688 250518216  0.056  0.056    8.104   11.249    0    0  (Gen:  0)
529305752  26341704 270164816  0.086  0.087    8.612   11.722    0    0  (Gen:  0)
536441168  26392680 270657296  0.058  0.058    9.204   12.087    0    0  (Gen:  0)
544264360  21255152 273222768  0.053  0.056    9.819   12.291    0    0  (Gen:  0)
542138744  21256552 286889032  0.076  0.078   10.465   12.521    0    0  (Gen:  0)
526383144  50852608 311315000  0.118  0.122   11.109   12.779    0    0  (Gen:  0)
536606360  50849488 296179352  0.036  0.038   11.653   12.965    0    0  (Gen:  0)
526926400  50850856 299999264  0.040  0.040   12.164   13.303    0    0  (Gen:  0)
534512248  50850552 308258336  0.046  0.047   12.631   13.666    0    0  (Gen:  0)
575299984  50849648 332258760  0.082  0.093   13.277   14.226    0    0  (Gen:  0)
548594296  50850000 337121472  0.041  0.042   13.672   14.609    0    0  (Gen:  0)
520613480 200244144 236181176  0.350  0.394   14.196   15.178    0    0  (Gen:  1)
540249864 200244880 239370288  0.010  0.010   14.446   15.462    0    0  (Gen:  0)
577518888 200244352 241303384  0.009  0.009   15.196   16.187    0    0  (Gen:  0)
578787736 200244376 241260264  0.009  0.009   15.942   16.903    0    0  (Gen:  0)
578218408 200244384 241174184  0.009  0.009   16.706   17.644    0    0  (Gen:  0)
574031296   2312192 241022048  0.008  0.008   17.446   18.356    0    0  (Gen:  0)
574464320   2312192 241003592  0.008  0.008   18.190   19.069    0    0  (Gen:  0)
574790872   2312216 241042816  0.008  0.008   18.923   19.769    0    0  (Gen:  0)
573446344   2382128 240853512  0.008  0.008   19.662   20.473    0    0  (Gen:  0)
580443320   2382160 240823112  0.008  0.008   20.410   21.191    0    0  (Gen:  0)
576432904   2775808 241927000  0.012  0.012   21.137   21.902    0    0  (Gen:  0)
578857280   2775864 242482968  0.011  0.011   21.863   22.620    0    0  (Gen:  0)
577170968   2775880 241717608  0.010  0.010   22.600   23.339    0    0  (Gen:  0)
575659504   2775872 241603776  0.009  0.009   23.354   24.068    0    0  (Gen:  0)
579033600   2775904 241537832  0.009  0.009   24.111   24.800    0    0  (Gen:  0)
578386904   2775992 241584696  0.009  0.009   24.868   25.529    0    0  (Gen:  0)
580180688   2776040 241453480  0.009  0.009   25.615   26.245    0    0  (Gen:  0)
574639832   2335648 241334336  0.009  0.009   26.357   26.955    0    0  (Gen:  0)
576416104   2335744 241274696  0.009  0.009   27.106   27.673    0    0  (Gen:  0)
575367960   2516872 241327560  0.009  0.009   27.843   28.384    0    0  (Gen:  0)
576149592   2516920 241126192  0.009  0.009   28.598   29.107    0    0  (Gen:  0)
574186688   2516968 240982216  0.008  0.008   29.344   29.821    0    0  (Gen:  0)
575008408   2516992 242072696  0.010  0.010   30.066   30.525    0    0  (Gen:  0)
579298864   2517008 242702576  0.012  0.012   30.802   31.254    0    0  (Gen:  0)
574828928   2577584 241918120  0.010  0.010   31.532   31.963    0    0  (Gen:  0)
578517808   2456280 241745248  0.009  0.009   32.295   32.698    0    0  (Gen:  0)
578571776   2456352 241770792  0.010  0.010   33.053   33.431    0    0  (Gen:  0)
576763824   2456360 241713912  0.009  0.009   33.809   34.159    0    0  (Gen:  0)
577927224   2456416 241708744  0.010  0.010   34.559   34.877    0    0  (Gen:  0)
573196872   2456472 241431352  0.009  0.009   35.303   35.587    0    0  (Gen:  0)
575088120   2456488 241471192  0.009  0.009   36.050   36.306    0    0  (Gen:  0)
576608112   2504424 241467520  0.009  0.009   36.799   37.025    0    0  (Gen:  0)
574740528   2504496 241216320  0.009  0.009   37.552   37.744    0    0  (Gen:  0)
575068624   2504536 241252456  0.008  0.008   38.294   38.453    0    0  (Gen:  0)
577794080   2796976 242362376  0.011  0.011   39.029   39.176    0    0  (Gen:  0)
410629064 199848200 235088320  0.291  0.292   39.869   40.648    0    0  (Gen:  1)
   103952  11340264  18414776  0.015  0.031   39.885   40.822    0    0  (Gen:  1)
     1792                      0.000  0.000

  33,441,628,368 bytes allocated in the heap
   2,164,294,224 bytes copied during GC
     236,181,176 bytes maximum residency (6 sample(s))
       3,524,160 bytes maximum slop
             225 MB total memory in use (0 MB lost due to fragmentation)

                                     Tot time (elapsed)  Avg pause  Max pause
  Gen  0        55 colls,     0 par    1.786s   1.868s     0.0340s    0.2190s
  Gen  1         6 colls,     0 par    1.024s   1.127s     0.1879s    0.3938s

  TASKS: 21 (1 bound, 20 peak workers (20 total), using -N4)

  SPARKS: 0 (0 converted, 0 overflowed, 0 dud, 0 GC'd, 0 fizzled)

  INIT    time    0.001s  (  0.006s elapsed)
  MUT     time   37.074s  ( 37.821s elapsed)
  GC      time    2.810s  (  2.995s elapsed)
  EXIT    time    0.000s  (  0.001s elapsed)
  Total   time   39.886s  ( 40.824s elapsed)

  Alloc rate    902,019,756 bytes per MUT second

  Productivity  93.0% of total user, 92.6% of total elapsed

