bench-hist/v0.2.0/ghcide --lsp --cwd bench/example/Cabal-3.0.0.0 +RTS -I0 -qg -A128M -Shover_after_edit.benchmark-gcStats -I0.5 
    Alloc    Copied     Live     GC     GC      TOT      TOT  Page Flts
    bytes     bytes     bytes   user   elap     user     elap
527119968      2152  19463880  0.051  0.057    0.441    5.907    0    0  (Gen:  0)
531172600      3736  22223120  0.059  0.071    0.696    6.201    0    0  (Gen:  1)
548447328      4336  30160432  0.030  0.035    1.113    6.857    0    0  (Gen:  0)
545344168      6728  35580624  0.053  0.058    1.507    7.738    0    0  (Gen:  1)
545543688      5056  42330480  0.022  0.023    1.866    8.255    0    0  (Gen:  0)
528639184  13949936  50668648  0.029  0.029    2.797    8.779    0    0  (Gen:  0)
545573952  13953808 130260584  0.160  0.178    3.710    9.349    0    0  (Gen:  0)
526854944  13969864 167052368  0.190  0.214    4.269    9.696    0    0  (Gen:  0)
520981768 159293136 189012216  0.298  0.328    4.935   10.133    0    0  (Gen:  1)
538347440 159312312 224862704  0.123  0.124    5.686   10.451    0    0  (Gen:  0)
549965288  39347304 231158416  0.072  0.072    6.322   10.673    0    0  (Gen:  0)
546393192  39358224 247407640  0.067  0.067    6.955   10.910    0    0  (Gen:  0)
539646360  39350344 263007952  0.084  0.084    7.613   11.144    0    0  (Gen:  0)
543866776  39345392 262378728  0.047  0.047    8.184   11.357    0    0  (Gen:  0)
525985976  39347944 283084088  0.089  0.089    8.680   11.850    0    0  (Gen:  0)
540689848  39398144 280051560  0.058  0.061    9.284   12.219    0    0  (Gen:  0)
538727472  39344584 289858096  0.061  0.061    9.908   12.427    0    0  (Gen:  0)
544090088  39345184 304605224  0.086  0.091   10.535   12.666    0    0  (Gen:  0)
528828144  39348664 322801816  0.116  0.120   11.219   12.932    0    0  (Gen:  0)
534710792  39344272 313142552  0.047  0.047   11.738   13.135    0    0  (Gen:  0)
533110040  39344808 307918504  0.039  0.039   12.248   13.468    0    0  (Gen:  0)
533735512  21899152 315805408  0.045  0.045   12.705   13.830    0    0  (Gen:  0)
568449040  21898192 340268136  0.082  0.091   13.354   14.389    0    0  (Gen:  0)
543165056  21902680 234139224  0.357  0.407   14.164   15.239    0    0  (Gen:  1)
520635488  21898096 236131912  0.027  0.027   14.348   15.423    0    0  (Gen:  0)
520588136  21897680 239198328  0.009  0.009   14.500   15.575    0    0  (Gen:  0)
540637840  21898480 254581096  0.040  0.040   14.985   16.045    0    0  (Gen:  0)
520630128  21897928 256202192  0.026  0.026   15.172   16.232    0    0  (Gen:  0)
520534432  21897720 259514520  0.009  0.009   15.325   16.386    0    0  (Gen:  0)
544143896  16637688 274634848  0.040  0.040   15.809   16.855    0    0  (Gen:  0)
521189048  16637264 276171552  0.026  0.026   15.992   17.038    0    0  (Gen:  0)
520521848  16636912 279133112  0.009  0.009   16.149   17.195    0    0  (Gen:  0)
543616000  16637720 291204680  0.033  0.033   16.588   17.621    0    0  (Gen:  0)
528427640  16637552 295860096  0.030  0.030   16.807   17.839    0    0  (Gen:  0)
520457720  16637000 298169160  0.015  0.015   16.973   18.005    0    0  (Gen:  0)
546882200   5778024 303103640  0.015  0.015   17.332   18.367    0    0  (Gen:  0)
521404712  16433344 315321840  0.034  0.034   17.620   18.636    0    0  (Gen:  0)
520387112  15537544 318044640  0.025  0.025   17.802   18.819    0    0  (Gen:  0)
542281240   5378080 322051240  0.013  0.013   18.088   19.133    0    0  (Gen:  0)
521223824   5377448 335035584  0.039  0.039   18.446   19.449    0    0  (Gen:  0)
520546560   5377360 337001768  0.025  0.025   18.632   19.636    0    0  (Gen:  0)
538294712   5378144 340740240  0.011  0.011   18.844   19.855    0    0  (Gen:  0)
532361120   5377576 354930320  0.036  0.036   19.262   20.251    0    0  (Gen:  0)
520580304  15390272 356799592  0.025  0.025   19.445   20.434    0    0  (Gen:  0)
525132840  15390864 360559200  0.011  0.011   19.609   20.590    0    0  (Gen:  0)
540163648  15395736 374928088  0.038  0.038   20.080   21.055    0    0  (Gen:  0)
520621296  15390336 376795584  0.025  0.025   20.266   21.240    0    0  (Gen:  0)
520592520  15390128 379714816  0.008  0.008   20.418   21.394    0    0  (Gen:  0)
543991792  15390960 394965248  0.040  0.040   20.907   21.867    0    0  (Gen:  0)
520655472  15390472 396797728  0.027  0.027   21.093   22.054    0    0  (Gen:  0)
520524200  15390264 399811288  0.009  0.009   21.251   22.212    0    0  (Gen:  0)
540610840  16637592 415046536  0.040  0.040   21.735   22.680    0    0  (Gen:  0)
520644264  17278496 416534064  0.026  0.026   21.917   22.863    0    0  (Gen:  0)
520554504   5063280 419934328  0.009  0.009   22.074   23.019    0    0  (Gen:  0)
548829816  16785272 435129528  0.040  0.040   22.552   23.485    0    0  (Gen:  0)
524872288  16787696 436492776  0.027  0.027   22.745   23.678    0    0  (Gen:  0)
520485640  16783784 250585128  0.359  0.385   23.255   24.213    0    0  (Gen:  1)
542512856  16784584 259839472  0.027  0.027   23.683   25.864    0    0  (Gen:  0)
527944232  16501528 267760688  0.033  0.033   23.944   26.127    0    0  (Gen:  0)
520476288   9866232 270278832  0.018  0.018   24.123   26.306    0    0  (Gen:  0)
546869968   9867032 274364856  0.014  0.014   24.429   26.643    0    0  (Gen:  0)
521512416  16572400 287509952  0.036  0.036   24.777   26.952    0    0  (Gen:  0)
520358408  15847008 289858232  0.026  0.026   24.965   27.140    0    0  (Gen:  0)
545626880  15847808 293898256  0.014  0.014   25.225   27.422    0    0  (Gen:  0)
526470648  15847216 307262384  0.041  0.042   25.615   27.777    0    0  (Gen:  0)
520555448  15847088 309147736  0.025  0.025   25.802   27.963    0    0  (Gen:  0)
532609168   4600072 312118344  0.011  0.011   25.995   28.154    0    0  (Gen:  0)
540046264   4599520 327122888  0.037  0.037   26.449   28.597    0    0  (Gen:  0)
520511504   4599640 329131960  0.025  0.025   26.646   28.795    0    0  (Gen:  0)
524138952   4600224 331236920  0.008  0.008   26.809   28.957    0    0  (Gen:  0)
542490912   4603232 347140096  0.040  0.040   27.294   29.433    0    0  (Gen:  0)
520654816   4599664 349025688  0.028  0.028   27.486   29.625    0    0  (Gen:  0)
520620744   4599456 351879640  0.009  0.009   27.642   29.781    0    0  (Gen:  0)
547331168   4600288 367189160  0.040  0.040   28.137   30.261    0    0  (Gen:  0)
520600440   4599816 368852128  0.027  0.027   28.324   30.448    0    0  (Gen:  0)
520550472   4599608 371989960  0.009  0.009   28.485   30.609    0    0  (Gen:  0)
540689232   4600416 387053480  0.043  0.043   28.978   31.087    0    0  (Gen:  0)
520639232   4599888 388637232  0.026  0.026   29.165   31.275    0    0  (Gen:  0)
520522104   4599704 391734672  0.009  0.009   29.327   31.437    0    0  (Gen:  0)
542947688   4600456 404359824  0.036  0.036   29.785   31.884    0    0  (Gen:  0)
525625944   4600440 408456912  0.033  0.033   30.004   32.102    0    0  (Gen:  0)
520468376   4599720 410616280  0.015  0.015   30.177   32.276    0    0  (Gen:  0)
545337720   4600520 415773736  0.016  0.016   30.556   32.651    0    0  (Gen:  0)
524472208   4600176 427952344  0.038  0.039   30.864   32.959    0    0  (Gen:  0)
520445848   4599832 430437312  0.025  0.025   31.052   33.147    0    0  (Gen:  0)
544421792   4600640 434462936  0.013  0.013   31.357   33.484    0    0  (Gen:  0)
521729832   4599928 447583088  0.037  0.037   31.711   33.795    0    0  (Gen:  0)
520382440   4599840 449358584  0.024  0.024   31.900   33.984    0    0  (Gen:  0)
538862320   4600632 453410816  0.013  0.013   32.132   34.228    0    0  (Gen:  0)
530091064   4600032 467355624  0.036  0.036   32.547   34.617    0    0  (Gen:  0)
520527904   4599912 469182304  0.025  0.025   32.735   34.805    0    0  (Gen:  0)
528811376   4600728 471823280  0.009  0.009   32.902   34.962    0    0  (Gen:  0)
540717400   4600104 487247504  0.037  0.038   33.374   35.429    0    0  (Gen:  0)
520435936   4600144 489153904  0.025  0.025   33.562   35.617    0    0  (Gen:  0)
520653688   4600016 492011496  0.008  0.008   33.716   35.771    0    0  (Gen:  0)
542499552   4600688 507186024  0.041  0.041   34.207   36.262    0    0  (Gen:  0)
520646152   4600232 509061704  0.026  0.027   34.403   36.457    0    0  (Gen:  0)
520539744   4598976 251802672  0.329  0.350   34.881   36.957    0    0  (Gen:  1)
540589032   4599800 267069888  0.041  0.041   35.365   37.425    0    0  (Gen:  0)
520632768   4599240 268718440  0.028  0.028   35.556   37.617    0    0  (Gen:  0)
520557944   4599032 272066984  0.010  0.010   35.718   37.779    0    0  (Gen:  0)
546737232  16751280 287206656  0.044  0.044   36.208   38.255    0    0  (Gen:  0)
520779048  16751352 288666936  0.028  0.028   36.401   38.449    0    0  (Gen:  0)
520488360  16750528 291116664  0.008  0.008   36.574   38.626    0    0  (Gen:  0)
545024960  16751320 301637848  0.027  0.027   36.994   39.035    0    0  (Gen:  0)
525286376  16404032 308037344  0.031  0.031   37.249   39.290    0    0  (Gen:  0)
520488024   9507048 310665280  0.018  0.018   37.429   39.471    0    0  (Gen:  0)
545709288   9507864 314857448  0.014  0.014   37.729   39.799    0    0  (Gen:  0)
528927880   9507208 328016896  0.037  0.037   38.082   40.107    0    0  (Gen:  0)
520344840   9507120 330579664  0.026  0.027   38.271   40.296    0    0  (Gen:  0)
540207288   9507912 334514768  0.014  0.015   38.534   40.583    0    0  (Gen:  0)
524542512   9507296 347695064  0.037  0.037   38.911   40.922    0    0  (Gen:  0)
520597680   9507152 349503024  0.025  0.025   39.104   41.117    0    0  (Gen:  0)
528809464   9507936 352494856  0.010  0.010   39.293   41.303    0    0  (Gen:  0)
539041488  16197656 367479848  0.037  0.037   39.741   41.740    0    0  (Gen:  0)
520532464  15598800 369305552  0.025  0.025   39.930   41.929    0    0  (Gen:  0)
524772112  15599376 371556904  0.009  0.009   40.097   42.091    0    0  (Gen:  0)
539866304  15602688 387553640  0.039  0.039   40.575   42.556    0    0  (Gen:  0)
520630280  15598960 389438976  0.029  0.029   40.780   42.775    0    0  (Gen:  0)
520601392  15598752 392274584  0.008  0.008   40.936   42.931    0    0  (Gen:  0)
540627576  16437744 407424064  0.040  0.040   41.421   43.401    0    0  (Gen:  0)
524542152  16437184 409219888  0.027  0.027   41.611   43.591    0    0  (Gen:  0)
520503240  16437040 412468184  0.009  0.009   41.769   43.749    0    0  (Gen:  0)
541193440  16437800 427517416  0.040  0.040   42.257   44.222    0    0  (Gen:  0)
520646888  16437304 429153272  0.026  0.026   42.444   44.409    0    0  (Gen:  0)
520523256  16437064 432019320  0.009  0.009   42.605   44.571    0    0  (Gen:  0)
546600608  16437872 444719248  0.039  0.039   43.066   45.019    0    0  (Gen:  0)
523200696  16437712 448673984  0.029  0.029   43.277   45.229    0    0  (Gen:  0)
520466160  16437128 451098720  0.015  0.015   43.449   45.402    0    0  (Gen:  0)
549302856  16437912 456239696  0.016  0.016   43.823   45.772    0    0  (Gen:  0)
525853360  16437304 468144456  0.037  0.038   44.103   46.042    0    0  (Gen:  0)
520454488  16437168 470876504  0.025  0.025   44.290   46.230    0    0  (Gen:  0)
542594432   5383792 474829432  0.014  0.014   44.579   46.547    0    0  (Gen:  0)
521481984   5383176 487925904  0.037  0.037   44.933   46.857    0    0  (Gen:  0)
520369080   5383088 489753288  0.024  0.024   45.123   47.048    0    0  (Gen:  0)
535198216   5383888 493691656  0.012  0.012   45.345   47.281    0    0  (Gen:  0)
531251280   5383248 507722496  0.036  0.036   45.756   47.666    0    0  (Gen:  0)
520536608   5383144 509564184  0.026  0.026   45.946   47.857    0    0  (Gen:  0)
526423920   5383032 239229136  0.301  0.301   46.409   48.309    0    0  (Gen:  1)
540545784  16331632 253117720  0.040  0.040   46.884   48.778    0    0  (Gen:  0)
520452536  16110176 255047160  0.028  0.028   47.078   48.972    0    0  (Gen:  0)
520601208   4866648 257904856  0.009  0.009   47.235   49.130    0    0  (Gen:  0)
540498496   4867472 273060064  0.042  0.042   47.730   49.608    0    0  (Gen:  0)
520646064   4866904 274848496  0.029  0.030   47.925   49.804    0    0  (Gen:  0)
520533824   4866696 277906392  0.009  0.009   48.085   49.964    0    0  (Gen:  0)
541102496  16624104 293151080  0.042  0.042   48.578   50.442    0    0  (Gen:  0)
520640768  17430920 294795408  0.028  0.028   48.771   50.635    0    0  (Gen:  0)
520560176   5083696 298045328  0.010  0.010   48.934   50.798    0    0  (Gen:  0)
543983424   5084496 313179168  0.043  0.043   49.417   51.267    0    0  (Gen:  0)
520621040   5086848 314522528  0.029  0.029   49.617   51.467    0    0  (Gen:  0)
520482448   5083776 317000992  0.009  0.009   49.783   51.633    0    0  (Gen:  0)
546716904   5084576 326262456  0.025  0.025   50.193   52.030    0    0  (Gen:  0)
528435216  16422384 334058808  0.034  0.034   50.448   52.284    0    0  (Gen:  0)
520427448   9788928 336586776  0.018  0.018   50.627   52.464    0    0  (Gen:  0)
543199248   9789728 340736064  0.014  0.014   50.926   52.791    0    0  (Gen:  0)
521948832   9789088 353809648  0.036  0.036   51.280   53.103    0    0  (Gen:  0)
520334856   9788968 356229208  0.026  0.026   51.470   53.294    0    0  (Gen:  0)
538707232   9789768 360181504  0.014  0.014   51.724   53.566    0    0  (Gen:  0)
526794544   9789152 373696072  0.042  0.042   52.123   53.931    0    0  (Gen:  0)
520535600   9789032 375542424  0.025  0.025   52.316   54.125    0    0  (Gen:  0)
528896480   4414016 378212336  0.009  0.009   52.494   54.295    0    0  (Gen:  0)
540940376   4413456 393518360  0.038  0.038   52.961   54.756    0    0  (Gen:  0)
520571080   4413504 395496184  0.026  0.026   53.156   54.951    0    0  (Gen:  0)
523800096   3054352 396861064  0.006  0.006   53.316   55.110    0    0  (Gen:  0)
539802072   3056704 413499728  0.040  0.040   53.797   55.574    0    0  (Gen:  0)
520658376   3053800 415401192  0.027  0.027   53.987   55.765    0    0  (Gen:  0)
520552824   3053592 418288520  0.009  0.009   54.143   55.921    0    0  (Gen:  0)
542684208   3054416 433437432  0.041  0.041   54.640   56.401    0    0  (Gen:  0)
520668720   3053872 435290360  0.027  0.027   54.831   56.593    0    0  (Gen:  0)
520474320   3053680 438517920  0.010  0.010   54.993   56.755    0    0  (Gen:  0)
540261840   3054496 453625776  0.041  0.041   55.483   57.230    0    0  (Gen:  0)
520658136   3054088 455145952  0.026  0.026   55.670   57.417    0    0  (Gen:  0)
520515368   3053776 457971672  0.009  0.009   55.833   57.581    0    0  (Gen:  0)
544617416   3054592 469206152  0.031  0.031   56.265   57.999    0    0  (Gen:  0)
522748496   3054376 474608624  0.031  0.031   56.501   58.233    0    0  (Gen:  0)
520500992   3053848 477008592  0.016  0.016   56.675   58.407    0    0  (Gen:  0)
547935288 203111144 239550488  0.309  0.309   57.295   59.047    0    0  (Gen:  1)
525196440 203110400 251988904  0.037  0.037   57.620   59.337    0    0  (Gen:  0)
520426376 203110312 254695960  0.028  0.028   57.817   59.533    0    0  (Gen:  0)
545503728 203111104 258888000  0.016  0.016   58.105   59.850    0    0  (Gen:  0)
523165848  16263136 271597224  0.037  0.037   58.466   60.166    0    0  (Gen:  0)
520546576  15350920 273712104  0.026  0.026   58.662   60.362    0    0  (Gen:  0)
532034304  15351696 277074664  0.012  0.012   58.872   60.577    0    0  (Gen:  0)
533228024  16000112 291419104  0.039  0.039   59.312   60.997    0    0  (Gen:  0)
520517808  15471848 293452064  0.026  0.027   59.506   61.192    0    0  (Gen:  0)
526019384   4880352 296667760  0.011  0.011   59.677   61.356    0    0  (Gen:  0)
541536472   4884056 311457536  0.041  0.041   60.165   61.838    0    0  (Gen:  0)
520631632   4879912 313348512  0.027  0.027   60.359   62.032    0    0  (Gen:  0)
520643888   4879704 316232248  0.009  0.009   60.515   62.189    0    0  (Gen:  0)
544264976  16424384 331377632  0.042  0.042   61.011   62.670    0    0  (Gen:  0)
520669472  17575080 333293752  0.029  0.029   61.205   62.864    0    0  (Gen:  0)
520574360   5049176 336392136  0.009  0.009   61.367   63.025    0    0  (Gen:  0)
540408752   5050000 351482328  0.042  0.042   61.860   63.505    0    0  (Gen:  0)
520731688  17252600 353069280  0.027  0.027   62.050   63.696    0    0  (Gen:  0)
520546928   4974400 356380624  0.010  0.010   62.215   63.860    0    0  (Gen:  0)
545425136   4975184 368536960  0.036  0.036   62.682   64.313    0    0  (Gen:  0)
523249744   4975096 372690184  0.028  0.028   62.887   64.517    0    0  (Gen:  0)
520483912   4974416 375062840  0.013  0.013   63.058   64.689    0    0  (Gen:  0)
546139168   8523768 383056032  0.021  0.021   63.460   65.077    0    0  (Gen:  0)
526819736   8528848 392236608  0.034  0.035   63.723   65.338    0    0  (Gen:  0)
520465136   8523016 394925144  0.020  0.020   63.907   65.522    0    0  (Gen:  0)
547371192   8523832 398894280  0.014  0.014   64.206   65.849    0    0  (Gen:  0)
521481096   8523184 411944328  0.036  0.036   64.559   66.158    0    0  (Gen:  0)
520398248   8523112 414071408  0.025  0.025   64.750   66.349    0    0  (Gen:  0)
537762656   8523896 418114128  0.013  0.014   64.996   66.613    0    0  (Gen:  0)
528812224   8523296 431682480  0.036  0.036   65.393   66.978    0    0  (Gen:  0)
520530424   8523176 433509112  0.024  0.024   65.582   67.168    0    0  (Gen:  0)
530760240   8523960 436351040  0.009  0.009   65.758   67.335    0    0  (Gen:  0)
541475008   8523424 451598016  0.039  0.039   66.229   67.800    0    0  (Gen:  0)
520506080   8523504 453556472  0.026  0.026   66.423   67.994    0    0  (Gen:  0)
525031840   8524088 454964224  0.006  0.006   66.586   68.157    0    0  (Gen:  0)
544625216  16367656 471786416  0.040  0.041   67.074   68.630    0    0  (Gen:  0)
520644400  17222808 473587408  0.027  0.028   67.265   68.823    0    0  (Gen:  0)
520586336 216082056 252192744  0.324  0.324   67.739   69.296    0    0  (Gen:  1)
545868968  16441080 267224840  0.042  0.042   68.235   69.776    0    0  (Gen:  0)
520685320  17427096 269033864  0.029  0.029   68.432   69.973    0    0  (Gen:  0)
520484976   4971320 272160600  0.010  0.010   68.600   70.141    0    0  (Gen:  0)
540663576   4972136 287336152  0.043  0.043   69.090   70.616    0    0  (Gen:  0)
520659736   4971728 288762576  0.028  0.028   69.283   70.809    0    0  (Gen:  0)
520513728   4971392 291704184  0.009  0.009   69.451   70.977    0    0  (Gen:  0)
545799888   4972200 303791160  0.034  0.035   69.900   71.411    0    0  (Gen:  0)
524319968   4971960 308425904  0.034  0.034   70.130   71.640    0    0  (Gen:  0)
520515064   4971432 310753560  0.016  0.016   70.309   71.818    0    0  (Gen:  0)
543720320   4972200 315547672  0.017  0.017   70.655   72.182    0    0  (Gen:  0)
524363960   4971616 328191168  0.037  0.037   70.972   72.468    0    0  (Gen:  0)
520421152   4971592 330861296  0.027  0.027   71.166   72.663    0    0  (Gen:  0)
544860104   4972352 334910800  0.015  0.015   71.456   72.982    0    0  (Gen:  0)
523984464   4971720 347825720  0.036  0.036   71.818   73.299    0    0  (Gen:  0)
520532296   4971592 349788328  0.025  0.025   72.012   73.493    0    0  (Gen:  0)
539294640   4972376 353548112  0.012  0.012   72.234   73.723    0    0  (Gen:  0)
532146552   4971840 367536376  0.037  0.037   72.663   74.128    0    0  (Gen:  0)
520519320   4971888 369582544  0.025  0.025   72.854   74.319    0    0  (Gen:  0)
524246192   4972472 373266792  0.012  0.012   73.025   74.482    0    0  (Gen:  0)
542727384  16297424 387577320  0.039  0.039   73.506   74.956    0    0  (Gen:  0)
520814624  16294376 389445680  0.027  0.027   73.703   75.153    0    0  (Gen:  0)
520649696  16294168 392378352  0.009  0.009   73.860   75.310    0    0  (Gen:  0)
543284152  16294984 407571224  0.042  0.042   74.357   75.791    0    0  (Gen:  0)
520657456  16294424 409376624  0.028  0.028   74.551   75.985    0    0  (Gen:  0)
520586080  16294216 412413576  0.009  0.009   74.714   76.148    0    0  (Gen:  0)
541628928  16295032 427526584  0.042  0.042   75.206   76.625    0    0  (Gen:  0)
520697920  16294496 429182960  0.028  0.028   75.398   76.817    0    0  (Gen:  0)
520555384  16294288 432609008  0.010  0.010   75.563   76.982    0    0  (Gen:  0)
546819920  16295080 447905368  0.041  0.041   76.040   77.445    0    0  (Gen:  0)
523277024  16297736 449186592  0.028  0.028   76.240   77.644    0    0  (Gen:  0)
520484872  16294312 451573152  0.008  0.009   76.405   77.809    0    0  (Gen:  0)
544778312  10160640 461070120  0.024  0.024   76.818   78.209    0    0  (Gen:  0)
522622184  10164880 468612032  0.033  0.033   77.077   78.468    0    0  (Gen:  0)
520485640  10159904 471104072  0.018  0.018   77.259   78.649    0    0  (Gen:  0)
543505136  10160720 475236600  0.014  0.014   77.558   78.977    0    0  (Gen:  0)
526855416  10160040 488460016  0.036  0.036   77.912   79.287    0    0  (Gen:  0)
520384040  10159968 490891272  0.026  0.026   78.109   79.484    0    0  (Gen:  0)
536107080  10160744 494651448  0.014  0.014   78.361   79.754    0    0  (Gen:  0)
533311920  10160136 508022600  0.036  0.036   78.761   80.120    0    0  (Gen:  0)
520446360  10159992 509986080  0.024  0.024   78.952   80.310    0    0  (Gen:  0)
531348928  10160024 237987768  0.318  0.318   79.448   80.801    0    0  (Gen:  1)
540256544  10159360 253199384  0.039  0.039   79.910   81.251    0    0  (Gen:  0)
520439328  10159456 254999800  0.027  0.027   80.108   81.449    0    0  (Gen:  0)
524059128  10160040 256885904  0.007  0.007   80.274   81.613    0    0  (Gen:  0)
542808208  10162888 273224328  0.046  0.046   80.771   82.097    0    0  (Gen:  0)
520616408  16988320 274946256  0.029  0.029   80.970   82.295    0    0  (Gen:  0)
520539528   4879056 277953648  0.009  0.009   81.132   82.457    0    0  (Gen:  0)
540534040   4879880 293165064  0.043  0.043   81.633   82.942    0    0  (Gen:  0)
520609024   4879408 294964728  0.029  0.029   81.830   83.139    0    0  (Gen:  0)
520464960   4879200 298104992  0.012  0.012   82.013   84.351    0    0  (Gen:  0)
540068344   4880016 313312040  0.044  0.044   82.545   84.877    0    0  (Gen:  0)
524634304  17248144 314837760  0.029  0.029   82.745   85.077    0    0  (Gen:  0)
520451616   4681208 317802608  0.010  0.010   82.920   85.253    0    0  (Gen:  0)
542985880   4682032 329897296  0.035  0.035   83.384   85.706    0    0  (Gen:  0)
522239088   4681928 334355088  0.032  0.032   83.617   85.937    0    0  (Gen:  0)
520440656   4681312 336683760  0.017  0.017   83.802   86.121    0    0  (Gen:  0)
545446096   4682136 341536256  0.017  0.017   84.160   86.494    0    0  (Gen:  0)
520896752   4681464 354089304  0.036  0.036   84.475   86.781    0    0  (Gen:  0)
520354056   4681376 356725744  0.027  0.027   84.669   86.974    0    0  (Gen:  0)
543415880   4682168 360940288  0.015  0.015   84.967   87.303    0    0  (Gen:  0)
521373824   4681504 373822416  0.037  0.037   85.338   87.630    0    0  (Gen:  0)
520391952   4681416 375739976  0.026  0.026   85.535   87.827    0    0  (Gen:  0)
539821128   4682208 379367976  0.012  0.012   85.763   88.062    0    0  (Gen:  0)
535631272   4681656 393500944  0.038  0.038   86.215   88.495    0    0  (Gen:  0)
520530272   4681680 395380408  0.025  0.025   86.413   88.693    0    0  (Gen:  0)
524198192   4682328 399085264  0.012  0.012   86.588   88.860    0    0  (Gen:  0)
540690592  16235064 413431336  0.042  0.042   87.085   89.352    0    0  (Gen:  0)
520662520  16229888 415343816  0.027  0.027   87.284   89.552    0    0  (Gen:  0)
520566640  16229680 418238544  0.009  0.009   87.445   89.713    0    0  (Gen:  0)
540408944  16230512 433495584  0.042  0.042   87.953   90.206    0    0  (Gen:  0)
523944088  16229992 435296640  0.028  0.028   88.149   90.402    0    0  (Gen:  0)
520447984  16229784 438472536  0.009  0.009   88.315   90.569    0    0  (Gen:  0)
540799856  16230616 453556896  0.042  0.042   88.819   91.057    0    0  (Gen:  0)
520572352  16230056 455075040  0.026  0.027   89.016   91.254    0    0  (Gen:  0)
520425696  16229904 458618232  0.010  0.010   89.186   91.423    0    0  (Gen:  0)
542297808  13380984 470369712  0.038  0.039   89.670   91.892    0    0  (Gen:  0)
524570496  13381800 475017696  0.028  0.028   89.881   92.103    0    0  (Gen:  0)
520408192  13379216 250969056  0.354  0.367   90.400   92.636    0    0  (Gen:  1)
548838448  13380024 260036504  0.024  0.024   90.823   93.046    0    0  (Gen:  0)
527772848  13384664 268121696  0.034  0.034   91.083   93.305    0    0  (Gen:  0)
520393752  13379288 270621800  0.019  0.019   91.270   93.493    0    0  (Gen:  0)
542714232  13380096 274731120  0.017  0.017   91.577   93.828    0    0  (Gen:  0)
523730600  13379512 287715888  0.037  0.038   91.940   94.146    0    0  (Gen:  0)
520327416  13379416 290132688  0.030  0.030   92.140   94.346    0    0  (Gen:  0)
541291184  13380192 294168288  0.015  0.015   92.403   94.629    0    0  (Gen:  0)
529152824  13379568 307564416  0.039  0.039   92.809   95.003    0    0  (Gen:  0)
520455464  13379488 309552032  0.026  0.026   93.009   95.203    0    0  (Gen:  0)
533361472   4556376 312309352  0.010  0.010   93.203   95.392    0    0  (Gen:  0)
539643192   4555792 327387152  0.039  0.039   93.673   95.852    0    0  (Gen:  0)
520424120   4555856 329195048  0.026  0.026   93.869   96.049    0    0  (Gen:  0)
525323600   3588688 331203128  0.007  0.007   94.041   96.217    0    0  (Gen:  0)
543029904  16369064 347277672  0.041  0.041   94.531   96.695    0    0  (Gen:  0)
520557368  17053976 349166104  0.030  0.031   94.732   96.896    0    0  (Gen:  0)
520540576   4819800 351997976  0.009  0.009   94.896   97.059    0    0  (Gen:  0)
540358192   4820624 367199192  0.044  0.044   95.412   97.583    0    0  (Gen:  0)
520841040  17421584 368968512  0.029  0.029   95.619   97.792    0    0  (Gen:  0)
520462992   5133280 372184304  0.010  0.010   95.785   97.959    0    0  (Gen:  0)
540586168   5134096 387131120  0.042  0.042   96.288   98.445    0    0  (Gen:  0)
524573536   5133584 388654304  0.027  0.027   96.484   98.642    0    0  (Gen:  0)
520454944   5133344 391646064  0.009  0.009   96.652   98.811    0    0  (Gen:  0)
545868424   5134168 404221264  0.040  0.040   97.115   99.260    0    0  (Gen:  0)
526051800  16663088 408288872  0.031  0.031   97.337   99.481    0    0  (Gen:  0)
520473912   8736088 410701832  0.016  0.016   97.517   99.661    0    0  (Gen:  0)
544646888   8736880 415615752  0.018  0.018   97.891  100.040    0    0  (Gen:  0)
523424488  16439296 427736720  0.038  0.038   98.197  100.328    0    0  (Gen:  0)
520437568  15510792 430477864  0.026  0.026   98.392  100.523    0    0  (Gen:  0)
547522304  15511608 434421608  0.014  0.015   98.691  100.850    0    0  (Gen:  0)
522435344  15511008 447450704  0.037  0.037   99.051  101.166    0    0  (Gen:  0)
520477208  15510880 449379968  0.025  0.025   99.245  101.360    0    0  (Gen:  0)
533471864   5080408 453207872  0.014  0.014   99.471  101.595    0    0  (Gen:  0)
533448824   5079840 467275840  0.039  0.039   99.911  102.019    0    0  (Gen:  0)
520513392   5079888 469116504  0.024  0.024  100.106  102.214    0    0  (Gen:  0)
526502040   5080512 473366928  0.013  0.013  100.282  102.381    0    0  (Gen:  0)
542419848   5085608 487221488  0.041  0.041  100.767  102.859    0    0  (Gen:  0)
520443288   5079992 489142264  0.027  0.027  100.964  103.056    0    0  (Gen:  0)
520658656   5079784 492009184  0.009  0.009  101.122  103.214    0    0  (Gen:  0)
543615640   5080616 507163152  0.042  0.042  101.625  103.701    0    0  (Gen:  0)
520642856   5080080 509046104  0.027  0.027  101.820  103.897    0    0  (Gen:  0)
520579168   5078936 252166888  0.309  0.309  102.286  104.363    0    0  (Gen:  1)
544182696   5079768 267420528  0.043  0.043  102.782  104.843    0    0  (Gen:  0)
521037320  17286032 268963208  0.028  0.028  102.981  105.044    0    0  (Gen:  0)
520559656   5030848 272315352  0.010  0.010  103.148  105.212    0    0  (Gen:  0)
158604768 200281976 236014976  0.291  0.292  103.488  106.240    0    0  (Gen:  1)
   103832  11355960  18799920  0.020  0.036  103.508  106.400    0    0  (Gen:  1)
     1368                      0.000  0.000

 178,083,553,848 bytes allocated in the heap
   5,122,360,896 bytes copied during GC
     252,192,744 bytes maximum residency (14 sample(s))
       3,620,840 bytes maximum slop
             240 MB total memory in use (0 MB lost due to fragmentation)

                                     Tot time (elapsed)  Avg pause  Max pause
  Gen  0       324 colls,     0 par    9.249s   9.344s     0.0288s    0.2138s
  Gen  1        14 colls,     0 par    3.681s   3.855s     0.2753s    0.4072s

  TASKS: 21 (1 bound, 20 peak workers (20 total), using -N4)

  SPARKS: 0 (0 converted, 0 overflowed, 0 dud, 0 GC'd, 0 fizzled)

  INIT    time    0.001s  (  0.006s elapsed)
  MUT     time   90.576s  ( 93.195s elapsed)
  GC      time   12.930s  ( 13.199s elapsed)
  EXIT    time    0.000s  (  0.006s elapsed)
  Total   time  103.509s  (106.406s elapsed)

  Alloc rate    1,966,113,632 bytes per MUT second

  Productivity  87.5% of total user, 87.6% of total elapsed

