bench-hist/v0.2.0/ghcide --lsp --cwd bench/example/Cabal-3.0.0.0 +RTS -I0 -qg -A128M -Shover.benchmark-gcStats -I0.5 
    Alloc    Copied     Live     GC     GC      TOT      TOT  Page Flts
    bytes     bytes     bytes   user   elap     user     elap
528778880      2152  19548160  0.051  0.062    0.443    6.137  151 3668  (Gen:  0)
532348160      3712  22322368  0.064  0.393    0.698    6.751 6406   60  (Gen:  1)
553031088      4320  30326864  0.030  0.035    1.111    7.404    0    3  (Gen:  0)
542845736      6696  35608776  0.052  0.057    1.497    8.277    0    3  (Gen:  1)
539392760   9176800  42327504  0.021  0.021    1.843    8.784    0    0  (Gen:  0)
522717264   9175264  50131448  0.027  0.027    2.734    9.291    0    5  (Gen:  0)
547820232   9179176 130301416  0.158  0.176    3.604    9.829    0  383  (Gen:  0)
523521360   9192912 164978264  0.189  0.212    4.150   10.160    1  161  (Gen:  0)
525736088   9182912 188042632  0.292  0.323    4.869   10.618    1  104  (Gen:  1)
543901824  58385800 226511888  0.119  0.120    5.602   10.915    0   76  (Gen:  0)
548778224  58324088 235687184  0.074  0.074    6.271   11.146    0   21  (Gen:  0)
537949264  58324272 250526128  0.076  0.076    6.865   11.423    0    5  (Gen:  0)
541341208  58320808 245437112  0.052  0.052    7.428   11.627    0   13  (Gen:  0)
542508912  38834952 265668040  0.092  0.092    8.127   11.883    0   22  (Gen:  0)
533245776  38816448 273106464  0.084  0.084    8.629   12.288    0    0  (Gen:  0)
541731664  38867872 274851104  0.057  0.058    9.211   12.649    0    1  (Gen:  0)
538301120  27302312 283511432  0.063  0.064    9.846   12.862    0    1  (Gen:  0)
537707224  42251296 306477864  0.094  0.099   10.497   13.105    0    6  (Gen:  0)
533973128  42250160 315556000  0.090  0.094   11.112   13.335    0    4  (Gen:  0)
536329304  18132944 302829232  0.038  0.039   11.651   13.551    0    0  (Gen:  0)
527667048  18039896 304771472  0.041  0.042   12.160   13.889    0    0  (Gen:  0)
531996904  22557800 312987520  0.046  0.047   12.623   14.255    0    8  (Gen:  0)
575939808  35352952 336164480  0.082  0.093   13.279   14.828    0    2  (Gen:  0)
543178904  35353656 341020304  0.038  0.038   13.655   15.188    0   10  (Gen:  0)
520633168  35352904 235919768  0.345  0.387   14.169   15.744    0    9  (Gen:  1)
538527528   4146136 239263288  0.009  0.010   14.415   16.024    0   20  (Gen:  0)
575635984   4145616 241207600  0.009  0.009   15.156   16.743    0    0  (Gen:  0)
578421232   2376128 241140256  0.009  0.009   15.889   17.448    0    0  (Gen:  0)
570625152   2335248 240979280  0.009  0.009   16.611   18.136    0    0  (Gen:  0)
575394208   2335296 240949712  0.008  0.008   17.340   18.834    0    0  (Gen:  0)
575262192   2508544 241012784  0.008  0.008   18.063   19.530    0    0  (Gen:  0)
576783360   2508560 240829976  0.008  0.008   18.790   20.225    0    0  (Gen:  0)
574167968   2508576 240680240  0.008  0.008   19.516   20.917    0    0  (Gen:  0)
576639280   2784776 241861928  0.010  0.010   20.221   21.610    0    0  (Gen:  0)
575385656   2784824 241568552  0.009  0.009   20.926   22.311    0    0  (Gen:  0)
577229960   2784872 241608528  0.009  0.009   21.655   23.020    0    0  (Gen:  0)
577188280   2784920 241564064  0.009  0.009   22.397   23.738    0    0  (Gen:  0)
575773800   2784976 241560248  0.009  0.009   23.133   24.449    0    0  (Gen:  0)
575276128   2354488 241477616  0.009  0.009   23.870   25.156    0    0  (Gen:  0)
574894696   2354592 241283856  0.009  0.009   24.598   25.856    0    0  (Gen:  0)
572839632   2354608 241327296  0.009  0.009   25.324   26.551    0    0  (Gen:  0)
577889760   2354640 241194792  0.008  0.008   26.059   27.252    0    0  (Gen:  0)
579920504   2354712 241095552  0.008  0.008   26.794   27.957    0    0  (Gen:  0)
575444536   2354848 242098712  0.010  0.010   27.518   28.653    0    0  (Gen:  0)
575549280   2354840 242780160  0.012  0.012   28.217   29.351    0    0  (Gen:  0)
573962272   2354872 241942584  0.010  0.010   28.941   30.058    0    0  (Gen:  0)
578308608   2448696 241900752  0.009  0.009   29.689   30.777    0    0  (Gen:  0)
578268432   2448776 241802896  0.009  0.009   30.434   31.496    0    0  (Gen:  0)
573663136   2448768 241795752  0.009  0.009   31.166   32.197    0    0  (Gen:  0)
578422544   2448912 241659560  0.009  0.009   31.909   32.909    0    1  (Gen:  0)
568808712   2448928 241677136  0.009  0.009   32.635   33.601    0    0  (Gen:  0)
572584736   2449112 241648704  0.009  0.009   33.366   34.298    0    0  (Gen:  0)
572026576   2449184 241435432  0.009  0.009   34.100   34.997    0    0  (Gen:  0)
577059976   2449192 242398824  0.010  0.010   34.824   35.694    0    0  (Gen:  0)
578412752   2449256 243120904  0.012  0.012   35.531   36.400    0    0  (Gen:  0)
574579360   2449296 242237928  0.010  0.010   36.258   37.109    0    0  (Gen:  0)
577587016   2449336 242196216  0.010  0.010   37.006   37.831    0    0  (Gen:  0)
578197544   2449392 242254936  0.010  0.010   37.757   38.556    0    0  (Gen:  0)
569945240   2449440 242106848  0.009  0.009   38.489   39.255    0    0  (Gen:  0)
502986016 199592632 234901360  0.298  0.299   39.436   40.806    0    0  (Gen:  1)
   100512  11341032  18459360  0.015  0.030   39.452   40.977    0    1  (Gen:  1)
     1584                      0.000  0.000

  33,485,139,200 bytes allocated in the heap
     970,790,128 bytes copied during GC
     235,919,768 bytes maximum residency (6 sample(s))
       3,625,592 bytes maximum slop
             224 MB total memory in use (0 MB lost due to fragmentation)

                                     Tot time (elapsed)  Avg pause  Max pause
  Gen  0        55 colls,     0 par    1.835s   1.918s     0.0349s    0.2118s
  Gen  1         6 colls,     0 par    1.067s   1.489s     0.2482s    0.3927s

  TASKS: 21 (1 bound, 20 peak workers (20 total), using -N4)

  SPARKS: 0 (0 converted, 0 overflowed, 0 dud, 0 GC'd, 0 fizzled)

  INIT    time    0.002s  (  0.011s elapsed)
  MUT     time   36.548s  ( 37.559s elapsed)
  GC      time    2.902s  (  3.407s elapsed)
  EXIT    time    0.000s  (  0.006s elapsed)
  Total   time   39.452s  ( 40.983s elapsed)

  Alloc rate    916,184,581 bytes per MUT second

  Productivity  92.6% of total user, 91.6% of total elapsed

